Archive member included to satisfy reference by file (symbol)

h:/atmel/7.0/toolchain/arm/arm-gnu-toolchain/bin/../lib/gcc/arm-none-eabi/6.3.1/../../../../arm-none-eabi/lib/thumb/v6-m\libc.a(lib_a-exit.o)
                              h:/atmel/7.0/toolchain/arm/arm-gnu-toolchain/bin/../lib/gcc/arm-none-eabi/6.3.1/../../../../arm-none-eabi/lib/thumb/v6-m/crt0.o (exit)
h:/atmel/7.0/toolchain/arm/arm-gnu-toolchain/bin/../lib/gcc/arm-none-eabi/6.3.1/../../../../arm-none-eabi/lib/thumb/v6-m\libc.a(lib_a-impure.o)
                              h:/atmel/7.0/toolchain/arm/arm-gnu-toolchain/bin/../lib/gcc/arm-none-eabi/6.3.1/../../../../arm-none-eabi/lib/thumb/v6-m\libc.a(lib_a-exit.o) (_global_impure_ptr)
h:/atmel/7.0/toolchain/arm/arm-gnu-toolchain/bin/../lib/gcc/arm-none-eabi/6.3.1/../../../../arm-none-eabi/lib/thumb/v6-m\libc.a(lib_a-init.o)
                              h:/atmel/7.0/toolchain/arm/arm-gnu-toolchain/bin/../lib/gcc/arm-none-eabi/6.3.1/../../../../arm-none-eabi/lib/thumb/v6-m/crt0.o (__libc_init_array)
h:/atmel/7.0/toolchain/arm/arm-gnu-toolchain/bin/../lib/gcc/arm-none-eabi/6.3.1/../../../../arm-none-eabi/lib/thumb/v6-m\libc.a(lib_a-memset.o)
                              h:/atmel/7.0/toolchain/arm/arm-gnu-toolchain/bin/../lib/gcc/arm-none-eabi/6.3.1/../../../../arm-none-eabi/lib/thumb/v6-m/crt0.o (memset)
h:/atmel/7.0/toolchain/arm/arm-gnu-toolchain/bin/../lib/gcc/arm-none-eabi/6.3.1/../../../../arm-none-eabi/lib/thumb/v6-m\libc.a(lib_a-__call_atexit.o)
                              h:/atmel/7.0/toolchain/arm/arm-gnu-toolchain/bin/../lib/gcc/arm-none-eabi/6.3.1/../../../../arm-none-eabi/lib/thumb/v6-m\libc.a(lib_a-exit.o) (__call_exitprocs)
h:/atmel/7.0/toolchain/arm/arm-gnu-toolchain/bin/../lib/gcc/arm-none-eabi/6.3.1/../../../../arm-none-eabi/lib/thumb/v6-m\libc.a(lib_a-atexit.o)
                              h:/atmel/7.0/toolchain/arm/arm-gnu-toolchain/bin/../lib/gcc/arm-none-eabi/6.3.1/../../../../arm-none-eabi/lib/thumb/v6-m\libc.a(lib_a-__call_atexit.o) (atexit)
h:/atmel/7.0/toolchain/arm/arm-gnu-toolchain/bin/../lib/gcc/arm-none-eabi/6.3.1/../../../../arm-none-eabi/lib/thumb/v6-m\libc.a(lib_a-fini.o)
                              h:/atmel/7.0/toolchain/arm/arm-gnu-toolchain/bin/../lib/gcc/arm-none-eabi/6.3.1/../../../../arm-none-eabi/lib/thumb/v6-m\libc.a(lib_a-__call_atexit.o) (__libc_fini_array)
h:/atmel/7.0/toolchain/arm/arm-gnu-toolchain/bin/../lib/gcc/arm-none-eabi/6.3.1/../../../../arm-none-eabi/lib/thumb/v6-m\libc.a(lib_a-lock.o)
                              h:/atmel/7.0/toolchain/arm/arm-gnu-toolchain/bin/../lib/gcc/arm-none-eabi/6.3.1/../../../../arm-none-eabi/lib/thumb/v6-m\libc.a(lib_a-__call_atexit.o) (__retarget_lock_acquire_recursive)
h:/atmel/7.0/toolchain/arm/arm-gnu-toolchain/bin/../lib/gcc/arm-none-eabi/6.3.1/../../../../arm-none-eabi/lib/thumb/v6-m\libc.a(lib_a-__atexit.o)
                              h:/atmel/7.0/toolchain/arm/arm-gnu-toolchain/bin/../lib/gcc/arm-none-eabi/6.3.1/../../../../arm-none-eabi/lib/thumb/v6-m\libc.a(lib_a-atexit.o) (__register_exitproc)

Allocating common symbols
Common symbol       size              file

PA18                0x14              main.o
PA31                0x14              main.o
__lock___atexit_recursive_mutex
                    0x1               h:/atmel/7.0/toolchain/arm/arm-gnu-toolchain/bin/../lib/gcc/arm-none-eabi/6.3.1/../../../../arm-none-eabi/lib/thumb/v6-m\libc.a(lib_a-lock.o)
PA04                0x14              main.o
PA16                0x14              main.o
steps2              0x4               main.o
__lock___arc4random_mutex
                    0x1               h:/atmel/7.0/toolchain/arm/arm-gnu-toolchain/bin/../lib/gcc/arm-none-eabi/6.3.1/../../../../arm-none-eabi/lib/thumb/v6-m\libc.a(lib_a-lock.o)
PA28                0x14              main.o
PA01                0x14              main.o
PA00                0x14              main.o
currentDirection    0x1               main.o
PA10                0x14              main.o
PA22                0x14              main.o
PA14                0x14              main.o
__lock___env_recursive_mutex
                    0x1               h:/atmel/7.0/toolchain/arm/arm-gnu-toolchain/bin/../lib/gcc/arm-none-eabi/6.3.1/../../../../arm-none-eabi/lib/thumb/v6-m\libc.a(lib_a-lock.o)
__lock___sinit_recursive_mutex
                    0x1               h:/atmel/7.0/toolchain/arm/arm-gnu-toolchain/bin/../lib/gcc/arm-none-eabi/6.3.1/../../../../arm-none-eabi/lib/thumb/v6-m\libc.a(lib_a-lock.o)
PA19                0x14              main.o
PA17                0x14              main.o
__lock___malloc_recursive_mutex
                    0x1               h:/atmel/7.0/toolchain/arm/arm-gnu-toolchain/bin/../lib/gcc/arm-none-eabi/6.3.1/../../../../arm-none-eabi/lib/thumb/v6-m\libc.a(lib_a-lock.o)
direction           0x1               main.o
isStepping          0x1               main.o
steps1              0x4               main.o
PA25                0x14              main.o
PA02                0x14              main.o
PA05                0x14              main.o
PA11                0x14              main.o
PA29                0x14              main.o
PA07                0x14              main.o
PA15                0x14              main.o
PA23                0x14              main.o
PA30                0x14              main.o
PA03                0x14              main.o
PA27                0x14              main.o
PA06                0x14              main.o
__lock___at_quick_exit_mutex
                    0x1               h:/atmel/7.0/toolchain/arm/arm-gnu-toolchain/bin/../lib/gcc/arm-none-eabi/6.3.1/../../../../arm-none-eabi/lib/thumb/v6-m\libc.a(lib_a-lock.o)
port                0x1               main.o
__lock___dd_hash_mutex
                    0x1               h:/atmel/7.0/toolchain/arm/arm-gnu-toolchain/bin/../lib/gcc/arm-none-eabi/6.3.1/../../../../arm-none-eabi/lib/thumb/v6-m\libc.a(lib_a-lock.o)
__lock___tz_mutex   0x1               h:/atmel/7.0/toolchain/arm/arm-gnu-toolchain/bin/../lib/gcc/arm-none-eabi/6.3.1/../../../../arm-none-eabi/lib/thumb/v6-m\libc.a(lib_a-lock.o)
PA09                0x14              main.o
PA08                0x14              main.o
__lock___sfp_recursive_mutex
                    0x1               h:/atmel/7.0/toolchain/arm/arm-gnu-toolchain/bin/../lib/gcc/arm-none-eabi/6.3.1/../../../../arm-none-eabi/lib/thumb/v6-m\libc.a(lib_a-lock.o)
PA24                0x14              main.o

Discarded input sections

 .text          0x00000000        0x0 h:/atmel/7.0/toolchain/arm/arm-gnu-toolchain/bin/../lib/gcc/arm-none-eabi/6.3.1/thumb/v6-m/crti.o
 .data          0x00000000        0x0 h:/atmel/7.0/toolchain/arm/arm-gnu-toolchain/bin/../lib/gcc/arm-none-eabi/6.3.1/thumb/v6-m/crti.o
 .bss           0x00000000        0x0 h:/atmel/7.0/toolchain/arm/arm-gnu-toolchain/bin/../lib/gcc/arm-none-eabi/6.3.1/thumb/v6-m/crti.o
 .data          0x00000000        0x4 h:/atmel/7.0/toolchain/arm/arm-gnu-toolchain/bin/../lib/gcc/arm-none-eabi/6.3.1/thumb/v6-m/crtbegin.o
 .text          0x00000000       0x78 h:/atmel/7.0/toolchain/arm/arm-gnu-toolchain/bin/../lib/gcc/arm-none-eabi/6.3.1/../../../../arm-none-eabi/lib/thumb/v6-m/crt0.o
 .data          0x00000000        0x0 h:/atmel/7.0/toolchain/arm/arm-gnu-toolchain/bin/../lib/gcc/arm-none-eabi/6.3.1/../../../../arm-none-eabi/lib/thumb/v6-m/crt0.o
 .bss           0x00000000        0x0 h:/atmel/7.0/toolchain/arm/arm-gnu-toolchain/bin/../lib/gcc/arm-none-eabi/6.3.1/../../../../arm-none-eabi/lib/thumb/v6-m/crt0.o
 .ARM.extab     0x00000000        0x0 h:/atmel/7.0/toolchain/arm/arm-gnu-toolchain/bin/../lib/gcc/arm-none-eabi/6.3.1/../../../../arm-none-eabi/lib/thumb/v6-m/crt0.o
 .ARM.exidx     0x00000000        0x8 h:/atmel/7.0/toolchain/arm/arm-gnu-toolchain/bin/../lib/gcc/arm-none-eabi/6.3.1/../../../../arm-none-eabi/lib/thumb/v6-m/crt0.o
 .ARM.attributes
                0x00000000       0x1b h:/atmel/7.0/toolchain/arm/arm-gnu-toolchain/bin/../lib/gcc/arm-none-eabi/6.3.1/../../../../arm-none-eabi/lib/thumb/v6-m/crt0.o
 .group         0x00000000        0x8 Device_Startup/startup_samd21.o
 .group         0x00000000        0x8 Device_Startup/startup_samd21.o
 .group         0x00000000        0x8 Device_Startup/startup_samd21.o
 .group         0x00000000        0x8 Device_Startup/startup_samd21.o
 .group         0x00000000        0x8 Device_Startup/startup_samd21.o
 .group         0x00000000        0x8 Device_Startup/startup_samd21.o
 .group         0x00000000        0x8 Device_Startup/startup_samd21.o
 .group         0x00000000        0x8 Device_Startup/startup_samd21.o
 .group         0x00000000        0x8 Device_Startup/startup_samd21.o
 .group         0x00000000        0x8 Device_Startup/startup_samd21.o
 .group         0x00000000        0x8 Device_Startup/startup_samd21.o
 .group         0x00000000        0x8 Device_Startup/startup_samd21.o
 .group         0x00000000        0x8 Device_Startup/startup_samd21.o
 .group         0x00000000        0x8 Device_Startup/startup_samd21.o
 .group         0x00000000        0x8 Device_Startup/startup_samd21.o
 .group         0x00000000        0x8 Device_Startup/startup_samd21.o
 .group         0x00000000        0x8 Device_Startup/startup_samd21.o
 .group         0x00000000        0x8 Device_Startup/startup_samd21.o
 .group         0x00000000        0x8 Device_Startup/startup_samd21.o
 .group         0x00000000        0x8 Device_Startup/startup_samd21.o
 .group         0x00000000        0x8 Device_Startup/startup_samd21.o
 .group         0x00000000        0x8 Device_Startup/startup_samd21.o
 .group         0x00000000        0x8 Device_Startup/startup_samd21.o
 .group         0x00000000        0x8 Device_Startup/startup_samd21.o
 .group         0x00000000        0x8 Device_Startup/startup_samd21.o
 .group         0x00000000        0x8 Device_Startup/startup_samd21.o
 .group         0x00000000        0x8 Device_Startup/startup_samd21.o
 .group         0x00000000        0x8 Device_Startup/startup_samd21.o
 .group         0x00000000        0x8 Device_Startup/startup_samd21.o
 .group         0x00000000        0x8 Device_Startup/startup_samd21.o
 .group         0x00000000        0x8 Device_Startup/startup_samd21.o
 .group         0x00000000        0x8 Device_Startup/startup_samd21.o
 .group         0x00000000        0x8 Device_Startup/startup_samd21.o
 .group         0x00000000        0x8 Device_Startup/startup_samd21.o
 .group         0x00000000        0x8 Device_Startup/startup_samd21.o
 .group         0x00000000        0x8 Device_Startup/startup_samd21.o
 .group         0x00000000        0x8 Device_Startup/startup_samd21.o
 .group         0x00000000        0x8 Device_Startup/startup_samd21.o
 .group         0x00000000        0x8 Device_Startup/startup_samd21.o
 .group         0x00000000        0x8 Device_Startup/startup_samd21.o
 .group         0x00000000        0x8 Device_Startup/startup_samd21.o
 .group         0x00000000        0x8 Device_Startup/startup_samd21.o
 .group         0x00000000        0x8 Device_Startup/startup_samd21.o
 .group         0x00000000        0x8 Device_Startup/startup_samd21.o
 .group         0x00000000        0x8 Device_Startup/startup_samd21.o
 .group         0x00000000        0x8 Device_Startup/startup_samd21.o
 .group         0x00000000        0x8 Device_Startup/startup_samd21.o
 .group         0x00000000        0x8 Device_Startup/startup_samd21.o
 .group         0x00000000        0x8 Device_Startup/startup_samd21.o
 .group         0x00000000        0x8 Device_Startup/startup_samd21.o
 .group         0x00000000        0x8 Device_Startup/startup_samd21.o
 .group         0x00000000        0x8 Device_Startup/startup_samd21.o
 .group         0x00000000        0x8 Device_Startup/startup_samd21.o
 .group         0x00000000        0x8 Device_Startup/startup_samd21.o
 .group         0x00000000        0x8 Device_Startup/startup_samd21.o
 .group         0x00000000        0x8 Device_Startup/startup_samd21.o
 .group         0x00000000        0x8 Device_Startup/startup_samd21.o
 .group         0x00000000        0x8 Device_Startup/startup_samd21.o
 .group         0x00000000        0x8 Device_Startup/startup_samd21.o
 .group         0x00000000        0x8 Device_Startup/startup_samd21.o
 .group         0x00000000        0x8 Device_Startup/startup_samd21.o
 .group         0x00000000        0x8 Device_Startup/startup_samd21.o
 .group         0x00000000        0x8 Device_Startup/startup_samd21.o
 .group         0x00000000        0x8 Device_Startup/startup_samd21.o
 .group         0x00000000        0x8 Device_Startup/startup_samd21.o
 .group         0x00000000        0x8 Device_Startup/startup_samd21.o
 .group         0x00000000        0x8 Device_Startup/startup_samd21.o
 .group         0x00000000        0x8 Device_Startup/startup_samd21.o
 .group         0x00000000        0x8 Device_Startup/startup_samd21.o
 .text          0x00000000        0x0 Device_Startup/startup_samd21.o
 .data          0x00000000        0x0 Device_Startup/startup_samd21.o
 .bss           0x00000000        0x0 Device_Startup/startup_samd21.o
 .group         0x00000000        0x8 Device_Startup/system_samd21.o
 .group         0x00000000        0x8 Device_Startup/system_samd21.o
 .group         0x00000000        0x8 Device_Startup/system_samd21.o
 .group         0x00000000        0x8 Device_Startup/system_samd21.o
 .group         0x00000000        0x8 Device_Startup/system_samd21.o
 .group         0x00000000        0x8 Device_Startup/system_samd21.o
 .group         0x00000000        0x8 Device_Startup/system_samd21.o
 .group         0x00000000        0x8 Device_Startup/system_samd21.o
 .group         0x00000000        0x8 Device_Startup/system_samd21.o
 .group         0x00000000        0x8 Device_Startup/system_samd21.o
 .group         0x00000000        0x8 Device_Startup/system_samd21.o
 .group         0x00000000        0x8 Device_Startup/system_samd21.o
 .group         0x00000000        0x8 Device_Startup/system_samd21.o
 .group         0x00000000        0x8 Device_Startup/system_samd21.o
 .group         0x00000000        0x8 Device_Startup/system_samd21.o
 .group         0x00000000        0x8 Device_Startup/system_samd21.o
 .group         0x00000000        0x8 Device_Startup/system_samd21.o
 .group         0x00000000        0x8 Device_Startup/system_samd21.o
 .group         0x00000000        0x8 Device_Startup/system_samd21.o
 .group         0x00000000        0x8 Device_Startup/system_samd21.o
 .group         0x00000000        0x8 Device_Startup/system_samd21.o
 .group         0x00000000        0x8 Device_Startup/system_samd21.o
 .group         0x00000000        0x8 Device_Startup/system_samd21.o
 .group         0x00000000        0x8 Device_Startup/system_samd21.o
 .group         0x00000000        0x8 Device_Startup/system_samd21.o
 .group         0x00000000        0x8 Device_Startup/system_samd21.o
 .group         0x00000000        0x8 Device_Startup/system_samd21.o
 .group         0x00000000        0x8 Device_Startup/system_samd21.o
 .group         0x00000000        0x8 Device_Startup/system_samd21.o
 .group         0x00000000        0x8 Device_Startup/system_samd21.o
 .group         0x00000000        0x8 Device_Startup/system_samd21.o
 .group         0x00000000        0x8 Device_Startup/system_samd21.o
 .group         0x00000000        0x8 Device_Startup/system_samd21.o
 .group         0x00000000        0x8 Device_Startup/system_samd21.o
 .group         0x00000000        0x8 Device_Startup/system_samd21.o
 .group         0x00000000        0x8 Device_Startup/system_samd21.o
 .group         0x00000000        0x8 Device_Startup/system_samd21.o
 .group         0x00000000        0x8 Device_Startup/system_samd21.o
 .group         0x00000000        0x8 Device_Startup/system_samd21.o
 .group         0x00000000        0x8 Device_Startup/system_samd21.o
 .group         0x00000000        0x8 Device_Startup/system_samd21.o
 .group         0x00000000        0x8 Device_Startup/system_samd21.o
 .group         0x00000000        0x8 Device_Startup/system_samd21.o
 .group         0x00000000        0x8 Device_Startup/system_samd21.o
 .group         0x00000000        0x8 Device_Startup/system_samd21.o
 .group         0x00000000        0x8 Device_Startup/system_samd21.o
 .group         0x00000000        0x8 Device_Startup/system_samd21.o
 .group         0x00000000        0x8 Device_Startup/system_samd21.o
 .group         0x00000000        0x8 Device_Startup/system_samd21.o
 .group         0x00000000        0x8 Device_Startup/system_samd21.o
 .group         0x00000000        0x8 Device_Startup/system_samd21.o
 .group         0x00000000        0x8 Device_Startup/system_samd21.o
 .group         0x00000000        0x8 Device_Startup/system_samd21.o
 .group         0x00000000        0x8 Device_Startup/system_samd21.o
 .group         0x00000000        0x8 Device_Startup/system_samd21.o
 .group         0x00000000        0x8 Device_Startup/system_samd21.o
 .group         0x00000000        0x8 Device_Startup/system_samd21.o
 .group         0x00000000        0x8 Device_Startup/system_samd21.o
 .group         0x00000000        0x8 Device_Startup/system_samd21.o
 .group         0x00000000        0x8 Device_Startup/system_samd21.o
 .group         0x00000000        0x8 Device_Startup/system_samd21.o
 .group         0x00000000        0x8 Device_Startup/system_samd21.o
 .group         0x00000000        0x8 Device_Startup/system_samd21.o
 .group         0x00000000        0x8 Device_Startup/system_samd21.o
 .group         0x00000000        0x8 Device_Startup/system_samd21.o
 .group         0x00000000        0x8 Device_Startup/system_samd21.o
 .group         0x00000000        0x8 Device_Startup/system_samd21.o
 .group         0x00000000        0x8 Device_Startup/system_samd21.o
 .group         0x00000000        0x8 Device_Startup/system_samd21.o
 .text          0x00000000        0x0 Device_Startup/system_samd21.o
 .data          0x00000000        0x4 Device_Startup/system_samd21.o
 .bss           0x00000000        0x0 Device_Startup/system_samd21.o
 .text.SystemInit
                0x00000000       0x18 Device_Startup/system_samd21.o
 .text.SystemCoreClockUpdate
                0x00000000       0x18 Device_Startup/system_samd21.o
 .debug_info    0x00000000       0xd7 Device_Startup/system_samd21.o
 .debug_abbrev  0x00000000       0x72 Device_Startup/system_samd21.o
 .debug_loc     0x00000000       0x58 Device_Startup/system_samd21.o
 .debug_aranges
                0x00000000       0x28 Device_Startup/system_samd21.o
 .debug_ranges  0x00000000       0x18 Device_Startup/system_samd21.o
 .debug_macro   0x00000000      0x2ee Device_Startup/system_samd21.o
 .debug_macro   0x00000000      0x89e Device_Startup/system_samd21.o
 .debug_macro   0x00000000       0x22 Device_Startup/system_samd21.o
 .debug_macro   0x00000000       0x87 Device_Startup/system_samd21.o
 .debug_macro   0x00000000       0x51 Device_Startup/system_samd21.o
 .debug_macro   0x00000000       0xef Device_Startup/system_samd21.o
 .debug_macro   0x00000000       0x6a Device_Startup/system_samd21.o
 .debug_macro   0x00000000      0x1df Device_Startup/system_samd21.o
 .debug_macro   0x00000000       0x39 Device_Startup/system_samd21.o
 .debug_macro   0x00000000       0x1c Device_Startup/system_samd21.o
 .debug_macro   0x00000000       0x22 Device_Startup/system_samd21.o
 .debug_macro   0x00000000       0xb5 Device_Startup/system_samd21.o
 .debug_macro   0x00000000      0x3ad Device_Startup/system_samd21.o
 .debug_macro   0x00000000      0x67e Device_Startup/system_samd21.o
 .debug_macro   0x00000000      0x8b1 Device_Startup/system_samd21.o
 .debug_macro   0x00000000      0x22e Device_Startup/system_samd21.o
 .debug_macro   0x00000000      0xd5c Device_Startup/system_samd21.o
 .debug_macro   0x00000000      0x4dc Device_Startup/system_samd21.o
 .debug_macro   0x00000000      0x9f6 Device_Startup/system_samd21.o
 .debug_macro   0x00000000      0x82b Device_Startup/system_samd21.o
 .debug_macro   0x00000000      0x45f Device_Startup/system_samd21.o
 .debug_macro   0x00000000       0x5e Device_Startup/system_samd21.o
 .debug_macro   0x00000000      0x8f9 Device_Startup/system_samd21.o
 .debug_macro   0x00000000      0x21c Device_Startup/system_samd21.o
 .debug_macro   0x00000000      0x7eb Device_Startup/system_samd21.o
 .debug_macro   0x00000000       0x5e Device_Startup/system_samd21.o
 .debug_macro   0x00000000      0x663 Device_Startup/system_samd21.o
 .debug_macro   0x00000000      0x3ac Device_Startup/system_samd21.o
 .debug_macro   0x00000000      0xc76 Device_Startup/system_samd21.o
 .debug_macro   0x00000000     0x1092 Device_Startup/system_samd21.o
 .debug_macro   0x00000000      0xc4a Device_Startup/system_samd21.o
 .debug_macro   0x00000000      0x6ba Device_Startup/system_samd21.o
 .debug_macro   0x00000000     0x1b3d Device_Startup/system_samd21.o
 .debug_macro   0x00000000     0x143c Device_Startup/system_samd21.o
 .debug_macro   0x00000000      0x340 Device_Startup/system_samd21.o
 .debug_macro   0x00000000       0x7c Device_Startup/system_samd21.o
 .debug_macro   0x00000000       0xa0 Device_Startup/system_samd21.o
 .debug_macro   0x00000000       0x4c Device_Startup/system_samd21.o
 .debug_macro   0x00000000       0xca Device_Startup/system_samd21.o
 .debug_macro   0x00000000       0x94 Device_Startup/system_samd21.o
 .debug_macro   0x00000000       0x58 Device_Startup/system_samd21.o
 .debug_macro   0x00000000      0x364 Device_Startup/system_samd21.o
 .debug_macro   0x00000000       0x82 Device_Startup/system_samd21.o
 .debug_macro   0x00000000      0x189 Device_Startup/system_samd21.o
 .debug_macro   0x00000000       0xb8 Device_Startup/system_samd21.o
 .debug_macro   0x00000000       0xa0 Device_Startup/system_samd21.o
 .debug_macro   0x00000000       0xb8 Device_Startup/system_samd21.o
 .debug_macro   0x00000000       0x1c Device_Startup/system_samd21.o
 .debug_macro   0x00000000       0x1c Device_Startup/system_samd21.o
 .debug_macro   0x00000000       0x1c Device_Startup/system_samd21.o
 .debug_macro   0x00000000       0x82 Device_Startup/system_samd21.o
 .debug_macro   0x00000000      0x15a Device_Startup/system_samd21.o
 .debug_macro   0x00000000       0x10 Device_Startup/system_samd21.o
 .debug_macro   0x00000000       0xdc Device_Startup/system_samd21.o
 .debug_macro   0x00000000      0x124 Device_Startup/system_samd21.o
 .debug_macro   0x00000000      0x124 Device_Startup/system_samd21.o
 .debug_macro   0x00000000      0x124 Device_Startup/system_samd21.o
 .debug_macro   0x00000000      0x124 Device_Startup/system_samd21.o
 .debug_macro   0x00000000      0x124 Device_Startup/system_samd21.o
 .debug_macro   0x00000000       0xe2 Device_Startup/system_samd21.o
 .debug_macro   0x00000000       0xe2 Device_Startup/system_samd21.o
 .debug_macro   0x00000000       0xe2 Device_Startup/system_samd21.o
 .debug_macro   0x00000000      0x130 Device_Startup/system_samd21.o
 .debug_macro   0x00000000      0x106 Device_Startup/system_samd21.o
 .debug_macro   0x00000000       0xfa Device_Startup/system_samd21.o
 .debug_macro   0x00000000      0x40f Device_Startup/system_samd21.o
 .debug_macro   0x00000000       0x40 Device_Startup/system_samd21.o
 .debug_macro   0x00000000      0x361 Device_Startup/system_samd21.o
 .debug_macro   0x00000000     0x101b Device_Startup/system_samd21.o
 .debug_macro   0x00000000       0x7b Device_Startup/system_samd21.o
 .debug_line    0x00000000      0x5d7 Device_Startup/system_samd21.o
 .debug_str     0x00000000    0x69872 Device_Startup/system_samd21.o
 .comment       0x00000000       0x5a Device_Startup/system_samd21.o
 .debug_frame   0x00000000       0x48 Device_Startup/system_samd21.o
 .ARM.attributes
                0x00000000       0x32 Device_Startup/system_samd21.o
 .group         0x00000000        0x8 main.o
 .group         0x00000000        0x8 main.o
 .group         0x00000000        0x8 main.o
 .group         0x00000000        0x8 main.o
 .group         0x00000000        0x8 main.o
 .group         0x00000000        0x8 main.o
 .group         0x00000000        0x8 main.o
 .group         0x00000000        0x8 main.o
 .group         0x00000000        0x8 main.o
 .group         0x00000000        0x8 main.o
 .group         0x00000000        0x8 main.o
 .group         0x00000000        0x8 main.o
 .group         0x00000000        0x8 main.o
 .group         0x00000000        0x8 main.o
 .group         0x00000000        0x8 main.o
 .group         0x00000000        0x8 main.o
 .group         0x00000000        0x8 main.o
 .group         0x00000000        0x8 main.o
 .group         0x00000000        0x8 main.o
 .group         0x00000000        0x8 main.o
 .group         0x00000000        0x8 main.o
 .group         0x00000000        0x8 main.o
 .group         0x00000000        0x8 main.o
 .group         0x00000000        0x8 main.o
 .group         0x00000000        0x8 main.o
 .group         0x00000000        0x8 main.o
 .group         0x00000000        0x8 main.o
 .group         0x00000000        0x8 main.o
 .group         0x00000000        0x8 main.o
 .group         0x00000000        0x8 main.o
 .group         0x00000000        0x8 main.o
 .group         0x00000000        0x8 main.o
 .group         0x00000000        0x8 main.o
 .group         0x00000000        0x8 main.o
 .group         0x00000000        0x8 main.o
 .group         0x00000000        0x8 main.o
 .group         0x00000000        0x8 main.o
 .group         0x00000000        0x8 main.o
 .group         0x00000000        0x8 main.o
 .group         0x00000000        0x8 main.o
 .group         0x00000000        0x8 main.o
 .group         0x00000000        0x8 main.o
 .group         0x00000000        0x8 main.o
 .group         0x00000000        0x8 main.o
 .group         0x00000000        0x8 main.o
 .group         0x00000000        0x8 main.o
 .group         0x00000000        0x8 main.o
 .group         0x00000000        0x8 main.o
 .group         0x00000000        0x8 main.o
 .group         0x00000000        0x8 main.o
 .group         0x00000000        0x8 main.o
 .group         0x00000000        0x8 main.o
 .group         0x00000000        0x8 main.o
 .group         0x00000000        0x8 main.o
 .group         0x00000000        0x8 main.o
 .group         0x00000000        0x8 main.o
 .group         0x00000000        0x8 main.o
 .group         0x00000000        0x8 main.o
 .group         0x00000000        0x8 main.o
 .group         0x00000000        0x8 main.o
 .group         0x00000000        0x8 main.o
 .group         0x00000000        0x8 main.o
 .group         0x00000000        0x8 main.o
 .group         0x00000000        0x8 main.o
 .group         0x00000000        0x8 main.o
 .group         0x00000000        0x8 main.o
 .group         0x00000000        0x8 main.o
 .group         0x00000000        0x8 main.o
 .group         0x00000000        0x8 main.o
 .group         0x00000000        0x8 main.o
 .group         0x00000000        0x8 main.o
 .group         0x00000000        0x8 main.o
 .text          0x00000000        0x0 main.o
 .text.readPin  0x00000000       0x34 main.o
 .text.spi_clock_init
                0x00000000       0x28 main.o
 .text.spi_master_init
                0x00000000       0xf0 main.o
 .text.spi_send_config
                0x00000000       0xd0 main.o
 .rodata        0x00000000       0x2d main.o
 .text.spi_mode
                0x00000000      0x110 main.o
 .text.findEdges
                0x00000000      0x1cc main.o
 .debug_macro   0x00000000      0x89e main.o
 .debug_macro   0x00000000       0x22 main.o
 .debug_macro   0x00000000       0x87 main.o
 .debug_macro   0x00000000       0x51 main.o
 .debug_macro   0x00000000       0xef main.o
 .debug_macro   0x00000000       0x6a main.o
 .debug_macro   0x00000000      0x1df main.o
 .debug_macro   0x00000000       0x39 main.o
 .debug_macro   0x00000000       0x1c main.o
 .debug_macro   0x00000000       0x22 main.o
 .debug_macro   0x00000000       0xb5 main.o
 .debug_macro   0x00000000      0x3ad main.o
 .debug_macro   0x00000000      0x67e main.o
 .debug_macro   0x00000000      0x8b1 main.o
 .debug_macro   0x00000000      0x22e main.o
 .debug_macro   0x00000000      0xd5c main.o
 .debug_macro   0x00000000      0x4dc main.o
 .debug_macro   0x00000000      0x9f6 main.o
 .debug_macro   0x00000000      0x82b main.o
 .debug_macro   0x00000000      0x45f main.o
 .debug_macro   0x00000000       0x5e main.o
 .debug_macro   0x00000000      0x8f9 main.o
 .debug_macro   0x00000000      0x21c main.o
 .debug_macro   0x00000000      0x7eb main.o
 .debug_macro   0x00000000       0x5e main.o
 .debug_macro   0x00000000      0x663 main.o
 .debug_macro   0x00000000      0x3ac main.o
 .debug_macro   0x00000000      0xc76 main.o
 .debug_macro   0x00000000     0x1092 main.o
 .debug_macro   0x00000000      0xc4a main.o
 .debug_macro   0x00000000      0x6ba main.o
 .debug_macro   0x00000000     0x1b3d main.o
 .debug_macro   0x00000000     0x143c main.o
 .debug_macro   0x00000000      0x340 main.o
 .debug_macro   0x00000000       0x7c main.o
 .debug_macro   0x00000000       0xa0 main.o
 .debug_macro   0x00000000       0x4c main.o
 .debug_macro   0x00000000       0xca main.o
 .debug_macro   0x00000000       0x94 main.o
 .debug_macro   0x00000000       0x58 main.o
 .debug_macro   0x00000000      0x364 main.o
 .debug_macro   0x00000000       0x82 main.o
 .debug_macro   0x00000000      0x189 main.o
 .debug_macro   0x00000000       0xb8 main.o
 .debug_macro   0x00000000       0xa0 main.o
 .debug_macro   0x00000000       0xb8 main.o
 .debug_macro   0x00000000       0x1c main.o
 .debug_macro   0x00000000       0x1c main.o
 .debug_macro   0x00000000       0x1c main.o
 .debug_macro   0x00000000       0x82 main.o
 .debug_macro   0x00000000      0x15a main.o
 .debug_macro   0x00000000       0x10 main.o
 .debug_macro   0x00000000       0xdc main.o
 .debug_macro   0x00000000      0x124 main.o
 .debug_macro   0x00000000      0x124 main.o
 .debug_macro   0x00000000      0x124 main.o
 .debug_macro   0x00000000      0x124 main.o
 .debug_macro   0x00000000      0x124 main.o
 .debug_macro   0x00000000       0xe2 main.o
 .debug_macro   0x00000000       0xe2 main.o
 .debug_macro   0x00000000       0xe2 main.o
 .debug_macro   0x00000000      0x130 main.o
 .debug_macro   0x00000000      0x106 main.o
 .debug_macro   0x00000000       0xfa main.o
 .debug_macro   0x00000000      0x40f main.o
 .debug_macro   0x00000000       0x40 main.o
 .debug_macro   0x00000000      0x361 main.o
 .debug_macro   0x00000000     0x101b main.o
 .debug_macro   0x00000000       0x7b main.o
 .text          0x00000000        0x0 h:/atmel/7.0/toolchain/arm/arm-gnu-toolchain/bin/../lib/gcc/arm-none-eabi/6.3.1/../../../../arm-none-eabi/lib/thumb/v6-m\libc.a(lib_a-exit.o)
 .data          0x00000000        0x0 h:/atmel/7.0/toolchain/arm/arm-gnu-toolchain/bin/../lib/gcc/arm-none-eabi/6.3.1/../../../../arm-none-eabi/lib/thumb/v6-m\libc.a(lib_a-exit.o)
 .bss           0x00000000        0x0 h:/atmel/7.0/toolchain/arm/arm-gnu-toolchain/bin/../lib/gcc/arm-none-eabi/6.3.1/../../../../arm-none-eabi/lib/thumb/v6-m\libc.a(lib_a-exit.o)
 .text.exit     0x00000000       0x20 h:/atmel/7.0/toolchain/arm/arm-gnu-toolchain/bin/../lib/gcc/arm-none-eabi/6.3.1/../../../../arm-none-eabi/lib/thumb/v6-m\libc.a(lib_a-exit.o)
 .debug_frame   0x00000000       0x28 h:/atmel/7.0/toolchain/arm/arm-gnu-toolchain/bin/../lib/gcc/arm-none-eabi/6.3.1/../../../../arm-none-eabi/lib/thumb/v6-m\libc.a(lib_a-exit.o)
 .ARM.attributes
                0x00000000       0x2c h:/atmel/7.0/toolchain/arm/arm-gnu-toolchain/bin/../lib/gcc/arm-none-eabi/6.3.1/../../../../arm-none-eabi/lib/thumb/v6-m\libc.a(lib_a-exit.o)
 .text          0x00000000        0x0 h:/atmel/7.0/toolchain/arm/arm-gnu-toolchain/bin/../lib/gcc/arm-none-eabi/6.3.1/../../../../arm-none-eabi/lib/thumb/v6-m\libc.a(lib_a-impure.o)
 .data          0x00000000        0x0 h:/atmel/7.0/toolchain/arm/arm-gnu-toolchain/bin/../lib/gcc/arm-none-eabi/6.3.1/../../../../arm-none-eabi/lib/thumb/v6-m\libc.a(lib_a-impure.o)
 .bss           0x00000000        0x0 h:/atmel/7.0/toolchain/arm/arm-gnu-toolchain/bin/../lib/gcc/arm-none-eabi/6.3.1/../../../../arm-none-eabi/lib/thumb/v6-m\libc.a(lib_a-impure.o)
 .data._impure_ptr
                0x00000000        0x4 h:/atmel/7.0/toolchain/arm/arm-gnu-toolchain/bin/../lib/gcc/arm-none-eabi/6.3.1/../../../../arm-none-eabi/lib/thumb/v6-m\libc.a(lib_a-impure.o)
 .text          0x00000000        0x0 h:/atmel/7.0/toolchain/arm/arm-gnu-toolchain/bin/../lib/gcc/arm-none-eabi/6.3.1/../../../../arm-none-eabi/lib/thumb/v6-m\libc.a(lib_a-init.o)
 .data          0x00000000        0x0 h:/atmel/7.0/toolchain/arm/arm-gnu-toolchain/bin/../lib/gcc/arm-none-eabi/6.3.1/../../../../arm-none-eabi/lib/thumb/v6-m\libc.a(lib_a-init.o)
 .bss           0x00000000        0x0 h:/atmel/7.0/toolchain/arm/arm-gnu-toolchain/bin/../lib/gcc/arm-none-eabi/6.3.1/../../../../arm-none-eabi/lib/thumb/v6-m\libc.a(lib_a-init.o)
 .text          0x00000000        0x0 h:/atmel/7.0/toolchain/arm/arm-gnu-toolchain/bin/../lib/gcc/arm-none-eabi/6.3.1/../../../../arm-none-eabi/lib/thumb/v6-m\libc.a(lib_a-memset.o)
 .data          0x00000000        0x0 h:/atmel/7.0/toolchain/arm/arm-gnu-toolchain/bin/../lib/gcc/arm-none-eabi/6.3.1/../../../../arm-none-eabi/lib/thumb/v6-m\libc.a(lib_a-memset.o)
 .bss           0x00000000        0x0 h:/atmel/7.0/toolchain/arm/arm-gnu-toolchain/bin/../lib/gcc/arm-none-eabi/6.3.1/../../../../arm-none-eabi/lib/thumb/v6-m\libc.a(lib_a-memset.o)
 .text.memset   0x00000000       0x94 h:/atmel/7.0/toolchain/arm/arm-gnu-toolchain/bin/../lib/gcc/arm-none-eabi/6.3.1/../../../../arm-none-eabi/lib/thumb/v6-m\libc.a(lib_a-memset.o)
 .debug_frame   0x00000000       0x30 h:/atmel/7.0/toolchain/arm/arm-gnu-toolchain/bin/../lib/gcc/arm-none-eabi/6.3.1/../../../../arm-none-eabi/lib/thumb/v6-m\libc.a(lib_a-memset.o)
 .ARM.attributes
                0x00000000       0x2c h:/atmel/7.0/toolchain/arm/arm-gnu-toolchain/bin/../lib/gcc/arm-none-eabi/6.3.1/../../../../arm-none-eabi/lib/thumb/v6-m\libc.a(lib_a-memset.o)
 .text          0x00000000        0x0 h:/atmel/7.0/toolchain/arm/arm-gnu-toolchain/bin/../lib/gcc/arm-none-eabi/6.3.1/../../../../arm-none-eabi/lib/thumb/v6-m\libc.a(lib_a-__call_atexit.o)
 .data          0x00000000        0x0 h:/atmel/7.0/toolchain/arm/arm-gnu-toolchain/bin/../lib/gcc/arm-none-eabi/6.3.1/../../../../arm-none-eabi/lib/thumb/v6-m\libc.a(lib_a-__call_atexit.o)
 .bss           0x00000000        0x0 h:/atmel/7.0/toolchain/arm/arm-gnu-toolchain/bin/../lib/gcc/arm-none-eabi/6.3.1/../../../../arm-none-eabi/lib/thumb/v6-m\libc.a(lib_a-__call_atexit.o)
 .text.__call_exitprocs
                0x00000000      0x110 h:/atmel/7.0/toolchain/arm/arm-gnu-toolchain/bin/../lib/gcc/arm-none-eabi/6.3.1/../../../../arm-none-eabi/lib/thumb/v6-m\libc.a(lib_a-__call_atexit.o)
 .text          0x00000000        0x0 h:/atmel/7.0/toolchain/arm/arm-gnu-toolchain/bin/../lib/gcc/arm-none-eabi/6.3.1/../../../../arm-none-eabi/lib/thumb/v6-m\libc.a(lib_a-atexit.o)
 .data          0x00000000        0x0 h:/atmel/7.0/toolchain/arm/arm-gnu-toolchain/bin/../lib/gcc/arm-none-eabi/6.3.1/../../../../arm-none-eabi/lib/thumb/v6-m\libc.a(lib_a-atexit.o)
 .bss           0x00000000        0x0 h:/atmel/7.0/toolchain/arm/arm-gnu-toolchain/bin/../lib/gcc/arm-none-eabi/6.3.1/../../../../arm-none-eabi/lib/thumb/v6-m\libc.a(lib_a-atexit.o)
 .text          0x00000000        0x0 h:/atmel/7.0/toolchain/arm/arm-gnu-toolchain/bin/../lib/gcc/arm-none-eabi/6.3.1/../../../../arm-none-eabi/lib/thumb/v6-m\libc.a(lib_a-fini.o)
 .data          0x00000000        0x0 h:/atmel/7.0/toolchain/arm/arm-gnu-toolchain/bin/../lib/gcc/arm-none-eabi/6.3.1/../../../../arm-none-eabi/lib/thumb/v6-m\libc.a(lib_a-fini.o)
 .bss           0x00000000        0x0 h:/atmel/7.0/toolchain/arm/arm-gnu-toolchain/bin/../lib/gcc/arm-none-eabi/6.3.1/../../../../arm-none-eabi/lib/thumb/v6-m\libc.a(lib_a-fini.o)
 .text          0x00000000        0x0 h:/atmel/7.0/toolchain/arm/arm-gnu-toolchain/bin/../lib/gcc/arm-none-eabi/6.3.1/../../../../arm-none-eabi/lib/thumb/v6-m\libc.a(lib_a-lock.o)
 .data          0x00000000        0x0 h:/atmel/7.0/toolchain/arm/arm-gnu-toolchain/bin/../lib/gcc/arm-none-eabi/6.3.1/../../../../arm-none-eabi/lib/thumb/v6-m\libc.a(lib_a-lock.o)
 .bss           0x00000000        0x0 h:/atmel/7.0/toolchain/arm/arm-gnu-toolchain/bin/../lib/gcc/arm-none-eabi/6.3.1/../../../../arm-none-eabi/lib/thumb/v6-m\libc.a(lib_a-lock.o)
 .text.__retarget_lock_init
                0x00000000        0x4 h:/atmel/7.0/toolchain/arm/arm-gnu-toolchain/bin/../lib/gcc/arm-none-eabi/6.3.1/../../../../arm-none-eabi/lib/thumb/v6-m\libc.a(lib_a-lock.o)
 .text.__retarget_lock_init_recursive
                0x00000000        0x4 h:/atmel/7.0/toolchain/arm/arm-gnu-toolchain/bin/../lib/gcc/arm-none-eabi/6.3.1/../../../../arm-none-eabi/lib/thumb/v6-m\libc.a(lib_a-lock.o)
 .text.__retarget_lock_close
                0x00000000        0x4 h:/atmel/7.0/toolchain/arm/arm-gnu-toolchain/bin/../lib/gcc/arm-none-eabi/6.3.1/../../../../arm-none-eabi/lib/thumb/v6-m\libc.a(lib_a-lock.o)
 .text.__retarget_lock_close_recursive
                0x00000000        0x4 h:/atmel/7.0/toolchain/arm/arm-gnu-toolchain/bin/../lib/gcc/arm-none-eabi/6.3.1/../../../../arm-none-eabi/lib/thumb/v6-m\libc.a(lib_a-lock.o)
 .text.__retarget_lock_acquire
                0x00000000        0x4 h:/atmel/7.0/toolchain/arm/arm-gnu-toolchain/bin/../lib/gcc/arm-none-eabi/6.3.1/../../../../arm-none-eabi/lib/thumb/v6-m\libc.a(lib_a-lock.o)
 .text.__retarget_lock_try_acquire
                0x00000000        0x4 h:/atmel/7.0/toolchain/arm/arm-gnu-toolchain/bin/../lib/gcc/arm-none-eabi/6.3.1/../../../../arm-none-eabi/lib/thumb/v6-m\libc.a(lib_a-lock.o)
 .text.__retarget_lock_try_acquire_recursive
                0x00000000        0x4 h:/atmel/7.0/toolchain/arm/arm-gnu-toolchain/bin/../lib/gcc/arm-none-eabi/6.3.1/../../../../arm-none-eabi/lib/thumb/v6-m\libc.a(lib_a-lock.o)
 .text.__retarget_lock_release
                0x00000000        0x4 h:/atmel/7.0/toolchain/arm/arm-gnu-toolchain/bin/../lib/gcc/arm-none-eabi/6.3.1/../../../../arm-none-eabi/lib/thumb/v6-m\libc.a(lib_a-lock.o)
 .text          0x00000000        0x0 h:/atmel/7.0/toolchain/arm/arm-gnu-toolchain/bin/../lib/gcc/arm-none-eabi/6.3.1/../../../../arm-none-eabi/lib/thumb/v6-m\libc.a(lib_a-__atexit.o)
 .data          0x00000000        0x0 h:/atmel/7.0/toolchain/arm/arm-gnu-toolchain/bin/../lib/gcc/arm-none-eabi/6.3.1/../../../../arm-none-eabi/lib/thumb/v6-m\libc.a(lib_a-__atexit.o)
 .bss           0x00000000        0x0 h:/atmel/7.0/toolchain/arm/arm-gnu-toolchain/bin/../lib/gcc/arm-none-eabi/6.3.1/../../../../arm-none-eabi/lib/thumb/v6-m\libc.a(lib_a-__atexit.o)
 .text          0x00000000        0x0 h:/atmel/7.0/toolchain/arm/arm-gnu-toolchain/bin/../lib/gcc/arm-none-eabi/6.3.1/thumb/v6-m/crtend.o
 .data          0x00000000        0x0 h:/atmel/7.0/toolchain/arm/arm-gnu-toolchain/bin/../lib/gcc/arm-none-eabi/6.3.1/thumb/v6-m/crtend.o
 .bss           0x00000000        0x0 h:/atmel/7.0/toolchain/arm/arm-gnu-toolchain/bin/../lib/gcc/arm-none-eabi/6.3.1/thumb/v6-m/crtend.o
 .eh_frame      0x00000000        0x4 h:/atmel/7.0/toolchain/arm/arm-gnu-toolchain/bin/../lib/gcc/arm-none-eabi/6.3.1/thumb/v6-m/crtend.o
 .jcr           0x00000000        0x4 h:/atmel/7.0/toolchain/arm/arm-gnu-toolchain/bin/../lib/gcc/arm-none-eabi/6.3.1/thumb/v6-m/crtend.o
 .ARM.attributes
                0x00000000       0x2c h:/atmel/7.0/toolchain/arm/arm-gnu-toolchain/bin/../lib/gcc/arm-none-eabi/6.3.1/thumb/v6-m/crtend.o
 .text          0x00000000        0x0 h:/atmel/7.0/toolchain/arm/arm-gnu-toolchain/bin/../lib/gcc/arm-none-eabi/6.3.1/thumb/v6-m/crtn.o
 .data          0x00000000        0x0 h:/atmel/7.0/toolchain/arm/arm-gnu-toolchain/bin/../lib/gcc/arm-none-eabi/6.3.1/thumb/v6-m/crtn.o
 .bss           0x00000000        0x0 h:/atmel/7.0/toolchain/arm/arm-gnu-toolchain/bin/../lib/gcc/arm-none-eabi/6.3.1/thumb/v6-m/crtn.o

Memory Configuration

Name             Origin             Length             Attributes
rom              0x00000000         0x00008000         xr
ram              0x20000000         0x00001000         xrw
*default*        0x00000000         0xffffffff

Linker script and memory map

LOAD h:/atmel/7.0/toolchain/arm/arm-gnu-toolchain/bin/../lib/gcc/arm-none-eabi/6.3.1/thumb/v6-m/crti.o
LOAD h:/atmel/7.0/toolchain/arm/arm-gnu-toolchain/bin/../lib/gcc/arm-none-eabi/6.3.1/thumb/v6-m/crtbegin.o
LOAD h:/atmel/7.0/toolchain/arm/arm-gnu-toolchain/bin/../lib/gcc/arm-none-eabi/6.3.1/../../../../arm-none-eabi/lib/thumb/v6-m/crt0.o
LOAD Device_Startup/startup_samd21.o
LOAD Device_Startup/system_samd21.o
LOAD main.o
START GROUP
LOAD h:/atmel/7.0/toolchain/arm/arm-gnu-toolchain/bin/../lib/gcc/arm-none-eabi/6.3.1/../../../../arm-none-eabi/lib/thumb/v6-m\libm.a
END GROUP
START GROUP
LOAD h:/atmel/7.0/toolchain/arm/arm-gnu-toolchain/bin/../lib/gcc/arm-none-eabi/6.3.1/thumb/v6-m\libgcc.a
LOAD h:/atmel/7.0/toolchain/arm/arm-gnu-toolchain/bin/../lib/gcc/arm-none-eabi/6.3.1/../../../../arm-none-eabi/lib/thumb/v6-m\libc.a
END GROUP
LOAD h:/atmel/7.0/toolchain/arm/arm-gnu-toolchain/bin/../lib/gcc/arm-none-eabi/6.3.1/thumb/v6-m/crtend.o
LOAD h:/atmel/7.0/toolchain/arm/arm-gnu-toolchain/bin/../lib/gcc/arm-none-eabi/6.3.1/thumb/v6-m/crtn.o
                0x00000400                STACK_SIZE = DEFINED (STACK_SIZE)?STACK_SIZE:DEFINED (__stack_size__)?__stack_size__:0x400

.text           0x00000000     0x1200
                0x00000000                . = ALIGN (0x4)
                0x00000000                _sfixed = .
 *(.vectors .vectors.*)
 .vectors       0x00000000       0xb4 Device_Startup/startup_samd21.o
                0x00000000                exception_table
 *(.text .text.* .gnu.linkonce.t.*)
 .text          0x000000b4       0x60 h:/atmel/7.0/toolchain/arm/arm-gnu-toolchain/bin/../lib/gcc/arm-none-eabi/6.3.1/thumb/v6-m/crtbegin.o
 .text.Reset_Handler
                0x00000114       0xf8 Device_Startup/startup_samd21.o
                0x00000114                Reset_Handler
 .text.Dummy_Handler
                0x0000020c        0x6 Device_Startup/startup_samd21.o
                0x0000020c                SVCall_Handler
                0x0000020c                DMAC_Handler
                0x0000020c                HardFault_Handler
                0x0000020c                AC_Handler
                0x0000020c                SysTick_Handler
                0x0000020c                PendSV_Handler
                0x0000020c                SERCOM1_Handler
                0x0000020c                ADC_Handler
                0x0000020c                NonMaskableInt_Handler
                0x0000020c                TCC1_Handler
                0x0000020c                SERCOM2_Handler
                0x0000020c                TCC0_Handler
                0x0000020c                RTC_Handler
                0x0000020c                WDT_Handler
                0x0000020c                TC4_Handler
                0x0000020c                USB_Handler
                0x0000020c                TC3_Handler
                0x0000020c                Dummy_Handler
                0x0000020c                PM_Handler
                0x0000020c                TCC2_Handler
                0x0000020c                EVSYS_Handler
                0x0000020c                SERCOM3_Handler
                0x0000020c                I2S_Handler
                0x0000020c                NVMCTRL_Handler
                0x0000020c                SERCOM0_Handler
                0x0000020c                DAC_Handler
                0x0000020c                PTC_Handler
                0x0000020c                TC5_Handler
                0x0000020c                SYSCTRL_Handler
 *fill*         0x00000212        0x2 
 .text.__NVIC_EnableIRQ
                0x00000214       0x34 main.o
 .text.__NVIC_SetPriority
                0x00000248       0xdc main.o
 .text.setPinPort
                0x00000324       0x24 main.o
                0x00000324                setPinPort
 .text.setPinNum
                0x00000348       0x30 main.o
                0x00000348                setPinNum
 .text.setPinDrive
                0x00000378       0x1e main.o
                0x00000378                setPinDrive
 .text.setPinResPull
                0x00000396       0x1e main.o
                0x00000396                setPinResPull
 .text.setPinDir
                0x000003b4       0xac main.o
                0x000003b4                setPinDir
 .text.PinCFG   0x00000460      0x148 main.o
                0x00000460                PinCFG
 .text.setPin   0x000005a8       0x58 main.o
                0x000005a8                setPin
 .text.writePin
                0x00000600       0x58 main.o
                0x00000600                writePin
 .text.initPins
                0x00000658      0x420 main.o
                0x00000658                initPins
 .text.changeClock
                0x00000a78       0xc0 main.o
                0x00000a78                changeClock
 .text.initRTC  0x00000b38       0x54 main.o
                0x00000b38                initRTC
 .text.delay_us
                0x00000b8c       0x3c main.o
                0x00000b8c                delay_us
 .text.standalone_mode
                0x00000bc8      0x120 main.o
                0x00000bc8                standalone_mode
 .text.EIC_Handler
                0x00000ce8      0x12c main.o
                0x00000ce8                EIC_Handler
 .text.EIC_setup
                0x00000e14       0xac main.o
                0x00000e14                EIC_setup
 .text.main     0x00000ec0      0x178 main.o
                0x00000ec0                main
 .text.__libc_init_array
                0x00001038       0x48 h:/atmel/7.0/toolchain/arm/arm-gnu-toolchain/bin/../lib/gcc/arm-none-eabi/6.3.1/../../../../arm-none-eabi/lib/thumb/v6-m\libc.a(lib_a-init.o)
                0x00001038                __libc_init_array
 .text.startup.register_fini
                0x00001080       0x18 h:/atmel/7.0/toolchain/arm/arm-gnu-toolchain/bin/../lib/gcc/arm-none-eabi/6.3.1/../../../../arm-none-eabi/lib/thumb/v6-m\libc.a(lib_a-__call_atexit.o)
 .text.atexit   0x00001098       0x10 h:/atmel/7.0/toolchain/arm/arm-gnu-toolchain/bin/../lib/gcc/arm-none-eabi/6.3.1/../../../../arm-none-eabi/lib/thumb/v6-m\libc.a(lib_a-atexit.o)
                0x00001098                atexit
 .text.__libc_fini_array
                0x000010a8       0x34 h:/atmel/7.0/toolchain/arm/arm-gnu-toolchain/bin/../lib/gcc/arm-none-eabi/6.3.1/../../../../arm-none-eabi/lib/thumb/v6-m\libc.a(lib_a-fini.o)
                0x000010a8                __libc_fini_array
 .text.__retarget_lock_acquire_recursive
                0x000010dc        0x4 h:/atmel/7.0/toolchain/arm/arm-gnu-toolchain/bin/../lib/gcc/arm-none-eabi/6.3.1/../../../../arm-none-eabi/lib/thumb/v6-m\libc.a(lib_a-lock.o)
                0x000010dc                __retarget_lock_acquire_recursive
 .text.__retarget_lock_release_recursive
                0x000010e0        0x4 h:/atmel/7.0/toolchain/arm/arm-gnu-toolchain/bin/../lib/gcc/arm-none-eabi/6.3.1/../../../../arm-none-eabi/lib/thumb/v6-m\libc.a(lib_a-lock.o)
                0x000010e0                __retarget_lock_release_recursive
 .text.__register_exitproc
                0x000010e4       0xf4 h:/atmel/7.0/toolchain/arm/arm-gnu-toolchain/bin/../lib/gcc/arm-none-eabi/6.3.1/../../../../arm-none-eabi/lib/thumb/v6-m\libc.a(lib_a-__atexit.o)
                0x000010e4                __register_exitproc
 *(.glue_7t)
 .glue_7t       0x000011d8        0x0 linker stubs
 *(.glue_7)
 .glue_7        0x000011d8        0x0 linker stubs
 *(.rodata .rodata* .gnu.linkonce.r.*)
 .rodata._global_impure_ptr
                0x000011d8        0x4 h:/atmel/7.0/toolchain/arm/arm-gnu-toolchain/bin/../lib/gcc/arm-none-eabi/6.3.1/../../../../arm-none-eabi/lib/thumb/v6-m\libc.a(lib_a-impure.o)
                0x000011d8                _global_impure_ptr
 *(.ARM.extab* .gnu.linkonce.armextab.*)
                0x000011dc                . = ALIGN (0x4)
 *(.init)
 .init          0x000011dc        0x4 h:/atmel/7.0/toolchain/arm/arm-gnu-toolchain/bin/../lib/gcc/arm-none-eabi/6.3.1/thumb/v6-m/crti.o
                0x000011dc                _init
 .init          0x000011e0        0x8 h:/atmel/7.0/toolchain/arm/arm-gnu-toolchain/bin/../lib/gcc/arm-none-eabi/6.3.1/thumb/v6-m/crtn.o
                0x000011e8                . = ALIGN (0x4)
                0x000011e8                __preinit_array_start = .
 *(.preinit_array)
                0x000011e8                __preinit_array_end = .
                0x000011e8                . = ALIGN (0x4)
                0x000011e8                __init_array_start = .
 *(SORT(.init_array.*))
 .init_array.00000
                0x000011e8        0x4 h:/atmel/7.0/toolchain/arm/arm-gnu-toolchain/bin/../lib/gcc/arm-none-eabi/6.3.1/../../../../arm-none-eabi/lib/thumb/v6-m\libc.a(lib_a-__call_atexit.o)
 *(.init_array)
 .init_array    0x000011ec        0x4 h:/atmel/7.0/toolchain/arm/arm-gnu-toolchain/bin/../lib/gcc/arm-none-eabi/6.3.1/thumb/v6-m/crtbegin.o
                0x000011f0                __init_array_end = .
                0x000011f0                . = ALIGN (0x4)
 *crtbegin.o(.ctors)
 *(EXCLUDE_FILE(*crtend.o) .ctors)
 *(SORT(.ctors.*))
 *crtend.o(.ctors)
                0x000011f0                . = ALIGN (0x4)
 *(.fini)
 .fini          0x000011f0        0x4 h:/atmel/7.0/toolchain/arm/arm-gnu-toolchain/bin/../lib/gcc/arm-none-eabi/6.3.1/thumb/v6-m/crti.o
                0x000011f0                _fini
 .fini          0x000011f4        0x8 h:/atmel/7.0/toolchain/arm/arm-gnu-toolchain/bin/../lib/gcc/arm-none-eabi/6.3.1/thumb/v6-m/crtn.o
                0x000011fc                . = ALIGN (0x4)
                0x000011fc                __fini_array_start = .
 *(.fini_array)
 .fini_array    0x000011fc        0x4 h:/atmel/7.0/toolchain/arm/arm-gnu-toolchain/bin/../lib/gcc/arm-none-eabi/6.3.1/thumb/v6-m/crtbegin.o
 *(SORT(.fini_array.*))
                0x00001200                __fini_array_end = .
 *crtbegin.o(.dtors)
 *(EXCLUDE_FILE(*crtend.o) .dtors)
 *(SORT(.dtors.*))
 *crtend.o(.dtors)
                0x00001200                . = ALIGN (0x4)
                0x00001200                _efixed = .
                [!provide]                PROVIDE (__exidx_start, .)

.vfp11_veneer   0x00001200        0x0
 .vfp11_veneer  0x00001200        0x0 linker stubs

.v4_bx          0x00001200        0x0
 .v4_bx         0x00001200        0x0 linker stubs

.iplt           0x00001200        0x0
 .iplt          0x00001200        0x0 h:/atmel/7.0/toolchain/arm/arm-gnu-toolchain/bin/../lib/gcc/arm-none-eabi/6.3.1/thumb/v6-m/crtbegin.o

.eh_frame       0x00001200        0x0
 .eh_frame      0x00001200        0x0 h:/atmel/7.0/toolchain/arm/arm-gnu-toolchain/bin/../lib/gcc/arm-none-eabi/6.3.1/thumb/v6-m/crtbegin.o

.rel.dyn        0x00001200        0x0
 .rel.iplt      0x00001200        0x0 h:/atmel/7.0/toolchain/arm/arm-gnu-toolchain/bin/../lib/gcc/arm-none-eabi/6.3.1/thumb/v6-m/crtbegin.o

.jcr            0x00001200        0x0
 .jcr           0x00001200        0x0 h:/atmel/7.0/toolchain/arm/arm-gnu-toolchain/bin/../lib/gcc/arm-none-eabi/6.3.1/thumb/v6-m/crtbegin.o

.igot.plt       0x00001200        0x0
 .igot.plt      0x00001200        0x0 h:/atmel/7.0/toolchain/arm/arm-gnu-toolchain/bin/../lib/gcc/arm-none-eabi/6.3.1/thumb/v6-m/crtbegin.o

.ARM.exidx
 *(.ARM.exidx* .gnu.linkonce.armexidx.*)
                [!provide]                PROVIDE (__exidx_end, .)
                0x00001200                . = ALIGN (0x4)
                0x00001200                _etext = .

.relocate       0x20000000      0x474 load address 0x00001200
                0x20000000                . = ALIGN (0x4)
                0x20000000                _srelocate = .
 *(.ramfunc .ramfunc.*)
 *(.data .data.*)
 .data          0x20000000       0x41 main.o
                0x20000000                QEM
                0x20000040                toggle
 *fill*         0x20000041        0x7 
 .data.impure_data
                0x20000048      0x428 h:/atmel/7.0/toolchain/arm/arm-gnu-toolchain/bin/../lib/gcc/arm-none-eabi/6.3.1/../../../../arm-none-eabi/lib/thumb/v6-m\libc.a(lib_a-impure.o)
 .data.__atexit_recursive_mutex
                0x20000470        0x4 h:/atmel/7.0/toolchain/arm/arm-gnu-toolchain/bin/../lib/gcc/arm-none-eabi/6.3.1/../../../../arm-none-eabi/lib/thumb/v6-m\libc.a(lib_a-__call_atexit.o)
                0x20000470                __atexit_recursive_mutex
                0x20000474                . = ALIGN (0x4)
                0x20000474                _erelocate = .

.bss            0x20000474      0x2a8 load address 0x00001674
                0x20000474                . = ALIGN (0x4)
                0x20000474                _sbss = .
                0x20000474                _szero = .
 *(.bss .bss.*)
 .bss           0x20000474       0x1c h:/atmel/7.0/toolchain/arm/arm-gnu-toolchain/bin/../lib/gcc/arm-none-eabi/6.3.1/thumb/v6-m/crtbegin.o
 .bss           0x20000490       0x35 main.o
                0x20000490                recv
                0x200004bd                current
                0x200004be                previous
                0x200004c0                count
                0x200004c4                isStalled
 *(COMMON)
 *fill*         0x200004c5        0x3 
 COMMON         0x200004c8      0x230 main.o
                0x200004c8                PA18
                0x200004dc                PA31
                0x200004f0                PA04
                0x20000504                PA16
                0x20000518                steps2
                0x2000051c                PA28
                0x20000530                PA01
                0x20000544                PA00
                0x20000558                currentDirection
                0x2000055c                PA10
                0x20000570                PA22
                0x20000584                PA14
                0x20000598                PA19
                0x200005ac                PA17
                0x200005c0                direction
                0x200005c1                isStepping
                0x200005c4                steps1
                0x200005c8                PA25
                0x200005dc                PA02
                0x200005f0                PA05
                0x20000604                PA11
                0x20000618                PA29
                0x2000062c                PA07
                0x20000640                PA15
                0x20000654                PA23
                0x20000668                PA30
                0x2000067c                PA03
                0x20000690                PA27
                0x200006a4                PA06
                0x200006b8                port
                0x200006bc                PA09
                0x200006d0                PA08
                0x200006e4                PA24
 COMMON         0x200006f8       0x21 h:/atmel/7.0/toolchain/arm/arm-gnu-toolchain/bin/../lib/gcc/arm-none-eabi/6.3.1/../../../../arm-none-eabi/lib/thumb/v6-m\libc.a(lib_a-lock.o)
                0x200006f8                __lock___atexit_recursive_mutex
                0x200006fc                __lock___arc4random_mutex
                0x20000700                __lock___env_recursive_mutex
                0x20000704                __lock___sinit_recursive_mutex
                0x20000708                __lock___malloc_recursive_mutex
                0x2000070c                __lock___at_quick_exit_mutex
                0x20000710                __lock___dd_hash_mutex
                0x20000714                __lock___tz_mutex
                0x20000718                __lock___sfp_recursive_mutex
                0x2000071c                . = ALIGN (0x4)
 *fill*         0x20000719        0x3 
                0x2000071c                _ebss = .
                0x2000071c                _ezero = .

.stack          0x2000071c      0x404 load address 0x0000191c
                0x20000720                . = ALIGN (0x8)
 *fill*         0x2000071c        0x4 
                0x20000720                _sstack = .
                0x20000b20                . = (. + STACK_SIZE)
 *fill*         0x20000720      0x400 
                0x20000b20                . = ALIGN (0x8)
                0x20000b20                _estack = .
                0x20000b20                . = ALIGN (0x4)
                0x20000b20                _end = .
OUTPUT(SPI Testing.elf elf32-littlearm)

.ARM.attributes
                0x00000000       0x28
 .ARM.attributes
                0x00000000       0x1e h:/atmel/7.0/toolchain/arm/arm-gnu-toolchain/bin/../lib/gcc/arm-none-eabi/6.3.1/thumb/v6-m/crti.o
 .ARM.attributes
                0x0000001e       0x2c h:/atmel/7.0/toolchain/arm/arm-gnu-toolchain/bin/../lib/gcc/arm-none-eabi/6.3.1/thumb/v6-m/crtbegin.o
 .ARM.attributes
                0x0000004a       0x32 Device_Startup/startup_samd21.o
 .ARM.attributes
                0x0000007c       0x32 main.o
 .ARM.attributes
                0x000000ae       0x2c h:/atmel/7.0/toolchain/arm/arm-gnu-toolchain/bin/../lib/gcc/arm-none-eabi/6.3.1/../../../../arm-none-eabi/lib/thumb/v6-m\libc.a(lib_a-impure.o)
 .ARM.attributes
                0x000000da       0x2c h:/atmel/7.0/toolchain/arm/arm-gnu-toolchain/bin/../lib/gcc/arm-none-eabi/6.3.1/../../../../arm-none-eabi/lib/thumb/v6-m\libc.a(lib_a-init.o)
 .ARM.attributes
                0x00000106       0x2c h:/atmel/7.0/toolchain/arm/arm-gnu-toolchain/bin/../lib/gcc/arm-none-eabi/6.3.1/../../../../arm-none-eabi/lib/thumb/v6-m\libc.a(lib_a-__call_atexit.o)
 .ARM.attributes
                0x00000132       0x2c h:/atmel/7.0/toolchain/arm/arm-gnu-toolchain/bin/../lib/gcc/arm-none-eabi/6.3.1/../../../../arm-none-eabi/lib/thumb/v6-m\libc.a(lib_a-atexit.o)
 .ARM.attributes
                0x0000015e       0x2c h:/atmel/7.0/toolchain/arm/arm-gnu-toolchain/bin/../lib/gcc/arm-none-eabi/6.3.1/../../../../arm-none-eabi/lib/thumb/v6-m\libc.a(lib_a-fini.o)
 .ARM.attributes
                0x0000018a       0x2c h:/atmel/7.0/toolchain/arm/arm-gnu-toolchain/bin/../lib/gcc/arm-none-eabi/6.3.1/../../../../arm-none-eabi/lib/thumb/v6-m\libc.a(lib_a-lock.o)
 .ARM.attributes
                0x000001b6       0x2c h:/atmel/7.0/toolchain/arm/arm-gnu-toolchain/bin/../lib/gcc/arm-none-eabi/6.3.1/../../../../arm-none-eabi/lib/thumb/v6-m\libc.a(lib_a-__atexit.o)
 .ARM.attributes
                0x000001e2       0x1e h:/atmel/7.0/toolchain/arm/arm-gnu-toolchain/bin/../lib/gcc/arm-none-eabi/6.3.1/thumb/v6-m/crtn.o

.comment        0x00000000       0x59
 .comment       0x00000000       0x59 Device_Startup/startup_samd21.o
                                 0x5a (size before relaxing)
 .comment       0x00000059       0x5a main.o

.debug_info     0x00000000     0xaeaf
 .debug_info    0x00000000     0x3a42 Device_Startup/startup_samd21.o
 .debug_info    0x00003a42     0x746d main.o

.debug_abbrev   0x00000000      0x512
 .debug_abbrev  0x00000000      0x227 Device_Startup/startup_samd21.o
 .debug_abbrev  0x00000227      0x2eb main.o

.debug_loc      0x00000000      0x574
 .debug_loc     0x00000000       0x64 Device_Startup/startup_samd21.o
 .debug_loc     0x00000064      0x510 main.o

.debug_aranges  0x00000000      0x100
 .debug_aranges
                0x00000000       0x28 Device_Startup/startup_samd21.o
 .debug_aranges
                0x00000028       0xd8 main.o

.debug_ranges   0x00000000       0xe0
 .debug_ranges  0x00000000       0x18 Device_Startup/startup_samd21.o
 .debug_ranges  0x00000018       0xc8 main.o

.debug_macro    0x00000000    0x10491
 .debug_macro   0x00000000      0x2e8 Device_Startup/startup_samd21.o
 .debug_macro   0x000002e8      0x89e Device_Startup/startup_samd21.o
 .debug_macro   0x00000b86       0x22 Device_Startup/startup_samd21.o
 .debug_macro   0x00000ba8       0x87 Device_Startup/startup_samd21.o
 .debug_macro   0x00000c2f       0x51 Device_Startup/startup_samd21.o
 .debug_macro   0x00000c80       0xef Device_Startup/startup_samd21.o
 .debug_macro   0x00000d6f       0x6a Device_Startup/startup_samd21.o
 .debug_macro   0x00000dd9      0x1df Device_Startup/startup_samd21.o
 .debug_macro   0x00000fb8       0x39 Device_Startup/startup_samd21.o
 .debug_macro   0x00000ff1       0x1c Device_Startup/startup_samd21.o
 .debug_macro   0x0000100d       0x22 Device_Startup/startup_samd21.o
 .debug_macro   0x0000102f       0xb5 Device_Startup/startup_samd21.o
 .debug_macro   0x000010e4      0x3ad Device_Startup/startup_samd21.o
 .debug_macro   0x00001491      0x67e Device_Startup/startup_samd21.o
 .debug_macro   0x00001b0f      0x8b1 Device_Startup/startup_samd21.o
 .debug_macro   0x000023c0      0x22e Device_Startup/startup_samd21.o
 .debug_macro   0x000025ee      0xd5c Device_Startup/startup_samd21.o
 .debug_macro   0x0000334a      0x4dc Device_Startup/startup_samd21.o
 .debug_macro   0x00003826      0x9f6 Device_Startup/startup_samd21.o
 .debug_macro   0x0000421c      0x82b Device_Startup/startup_samd21.o
 .debug_macro   0x00004a47      0x45f Device_Startup/startup_samd21.o
 .debug_macro   0x00004ea6       0x5e Device_Startup/startup_samd21.o
 .debug_macro   0x00004f04      0x8f9 Device_Startup/startup_samd21.o
 .debug_macro   0x000057fd      0x21c Device_Startup/startup_samd21.o
 .debug_macro   0x00005a19      0x7eb Device_Startup/startup_samd21.o
 .debug_macro   0x00006204       0x5e Device_Startup/startup_samd21.o
 .debug_macro   0x00006262      0x663 Device_Startup/startup_samd21.o
 .debug_macro   0x000068c5      0x3ac Device_Startup/startup_samd21.o
 .debug_macro   0x00006c71      0xc76 Device_Startup/startup_samd21.o
 .debug_macro   0x000078e7     0x1092 Device_Startup/startup_samd21.o
 .debug_macro   0x00008979      0xc4a Device_Startup/startup_samd21.o
 .debug_macro   0x000095c3      0x6ba Device_Startup/startup_samd21.o
 .debug_macro   0x00009c7d     0x1b3d Device_Startup/startup_samd21.o
 .debug_macro   0x0000b7ba     0x143c Device_Startup/startup_samd21.o
 .debug_macro   0x0000cbf6      0x340 Device_Startup/startup_samd21.o
 .debug_macro   0x0000cf36       0x7c Device_Startup/startup_samd21.o
 .debug_macro   0x0000cfb2       0xa0 Device_Startup/startup_samd21.o
 .debug_macro   0x0000d052       0x4c Device_Startup/startup_samd21.o
 .debug_macro   0x0000d09e       0xca Device_Startup/startup_samd21.o
 .debug_macro   0x0000d168       0x94 Device_Startup/startup_samd21.o
 .debug_macro   0x0000d1fc       0x58 Device_Startup/startup_samd21.o
 .debug_macro   0x0000d254      0x364 Device_Startup/startup_samd21.o
 .debug_macro   0x0000d5b8       0x82 Device_Startup/startup_samd21.o
 .debug_macro   0x0000d63a      0x189 Device_Startup/startup_samd21.o
 .debug_macro   0x0000d7c3       0xb8 Device_Startup/startup_samd21.o
 .debug_macro   0x0000d87b       0xa0 Device_Startup/startup_samd21.o
 .debug_macro   0x0000d91b       0xb8 Device_Startup/startup_samd21.o
 .debug_macro   0x0000d9d3       0x1c Device_Startup/startup_samd21.o
 .debug_macro   0x0000d9ef       0x1c Device_Startup/startup_samd21.o
 .debug_macro   0x0000da0b       0x1c Device_Startup/startup_samd21.o
 .debug_macro   0x0000da27       0x82 Device_Startup/startup_samd21.o
 .debug_macro   0x0000daa9      0x15a Device_Startup/startup_samd21.o
 .debug_macro   0x0000dc03       0x10 Device_Startup/startup_samd21.o
 .debug_macro   0x0000dc13       0xdc Device_Startup/startup_samd21.o
 .debug_macro   0x0000dcef      0x124 Device_Startup/startup_samd21.o
 .debug_macro   0x0000de13      0x124 Device_Startup/startup_samd21.o
 .debug_macro   0x0000df37      0x124 Device_Startup/startup_samd21.o
 .debug_macro   0x0000e05b      0x124 Device_Startup/startup_samd21.o
 .debug_macro   0x0000e17f      0x124 Device_Startup/startup_samd21.o
 .debug_macro   0x0000e2a3       0xe2 Device_Startup/startup_samd21.o
 .debug_macro   0x0000e385       0xe2 Device_Startup/startup_samd21.o
 .debug_macro   0x0000e467       0xe2 Device_Startup/startup_samd21.o
 .debug_macro   0x0000e549      0x130 Device_Startup/startup_samd21.o
 .debug_macro   0x0000e679      0x106 Device_Startup/startup_samd21.o
 .debug_macro   0x0000e77f       0xfa Device_Startup/startup_samd21.o
 .debug_macro   0x0000e879      0x40f Device_Startup/startup_samd21.o
 .debug_macro   0x0000ec88       0x40 Device_Startup/startup_samd21.o
 .debug_macro   0x0000ecc8      0x361 Device_Startup/startup_samd21.o
 .debug_macro   0x0000f029     0x101b Device_Startup/startup_samd21.o
 .debug_macro   0x00010044       0x7b Device_Startup/startup_samd21.o
 .debug_macro   0x000100bf      0x38a main.o
 .debug_macro   0x00010449       0x16 main.o
 .debug_macro   0x0001045f       0x22 main.o
 .debug_macro   0x00010481       0x10 main.o

.debug_line     0x00000000      0xfa3
 .debug_line    0x00000000      0x5f6 Device_Startup/startup_samd21.o
 .debug_line    0x000005f6      0x9ad main.o

.debug_str      0x00000000    0x6c0b8
 .debug_str     0x00000000    0x6a5c2 Device_Startup/startup_samd21.o
                              0x6a9e9 (size before relaxing)
 .debug_str     0x0006a5c2     0x1af6 main.o
                              0x6b67b (size before relaxing)

.debug_frame    0x00000000      0x514
 .debug_frame   0x00000000       0x4c Device_Startup/startup_samd21.o
 .debug_frame   0x0000004c      0x308 main.o
 .debug_frame   0x00000354       0x2c h:/atmel/7.0/toolchain/arm/arm-gnu-toolchain/bin/../lib/gcc/arm-none-eabi/6.3.1/../../../../arm-none-eabi/lib/thumb/v6-m\libc.a(lib_a-init.o)
 .debug_frame   0x00000380       0x54 h:/atmel/7.0/toolchain/arm/arm-gnu-toolchain/bin/../lib/gcc/arm-none-eabi/6.3.1/../../../../arm-none-eabi/lib/thumb/v6-m\libc.a(lib_a-__call_atexit.o)
 .debug_frame   0x000003d4       0x28 h:/atmel/7.0/toolchain/arm/arm-gnu-toolchain/bin/../lib/gcc/arm-none-eabi/6.3.1/../../../../arm-none-eabi/lib/thumb/v6-m\libc.a(lib_a-atexit.o)
 .debug_frame   0x000003fc       0x2c h:/atmel/7.0/toolchain/arm/arm-gnu-toolchain/bin/../lib/gcc/arm-none-eabi/6.3.1/../../../../arm-none-eabi/lib/thumb/v6-m\libc.a(lib_a-fini.o)
 .debug_frame   0x00000428       0xb0 h:/atmel/7.0/toolchain/arm/arm-gnu-toolchain/bin/../lib/gcc/arm-none-eabi/6.3.1/../../../../arm-none-eabi/lib/thumb/v6-m\libc.a(lib_a-lock.o)
 .debug_frame   0x000004d8       0x3c h:/atmel/7.0/toolchain/arm/arm-gnu-toolchain/bin/../lib/gcc/arm-none-eabi/6.3.1/../../../../arm-none-eabi/lib/thumb/v6-m\libc.a(lib_a-__atexit.o)
