Archive member included to satisfy reference by file (symbol)

c:/program files (x86)/atmel/studio/7.0/toolchain/arm/arm-gnu-toolchain/bin/../lib/gcc/arm-none-eabi/6.3.1/thumb/v6-m\libgcc.a(_udivsi3.o)
                              hpl/core/hpl_core_m0plus_base.o (__aeabi_uidiv)
c:/program files (x86)/atmel/studio/7.0/toolchain/arm/arm-gnu-toolchain/bin/../lib/gcc/arm-none-eabi/6.3.1/thumb/v6-m\libgcc.a(_dvmd_tls.o)
                              c:/program files (x86)/atmel/studio/7.0/toolchain/arm/arm-gnu-toolchain/bin/../lib/gcc/arm-none-eabi/6.3.1/thumb/v6-m\libgcc.a(_udivsi3.o) (__aeabi_idiv0)
c:/program files (x86)/atmel/studio/7.0/toolchain/arm/arm-gnu-toolchain/bin/../lib/gcc/arm-none-eabi/6.3.1/thumb/v6-m\libgcc.a(_aeabi_uldivmod.o)
                              hpl/sercom/hpl_sercom.o (__aeabi_uldivmod)
c:/program files (x86)/atmel/studio/7.0/toolchain/arm/arm-gnu-toolchain/bin/../lib/gcc/arm-none-eabi/6.3.1/thumb/v6-m\libgcc.a(_muldi3.o)
                              hpl/sercom/hpl_sercom.o (__aeabi_lmul)
c:/program files (x86)/atmel/studio/7.0/toolchain/arm/arm-gnu-toolchain/bin/../lib/gcc/arm-none-eabi/6.3.1/thumb/v6-m\libgcc.a(_fixunsdfsi.o)
                              hpl/sercom/hpl_sercom.o (__aeabi_d2uiz)
c:/program files (x86)/atmel/studio/7.0/toolchain/arm/arm-gnu-toolchain/bin/../lib/gcc/arm-none-eabi/6.3.1/thumb/v6-m\libgcc.a(_udivmoddi4.o)
                              c:/program files (x86)/atmel/studio/7.0/toolchain/arm/arm-gnu-toolchain/bin/../lib/gcc/arm-none-eabi/6.3.1/thumb/v6-m\libgcc.a(_aeabi_uldivmod.o) (__udivmoddi4)
c:/program files (x86)/atmel/studio/7.0/toolchain/arm/arm-gnu-toolchain/bin/../lib/gcc/arm-none-eabi/6.3.1/thumb/v6-m\libgcc.a(divdf3.o)
                              hpl/sercom/hpl_sercom.o (__aeabi_ddiv)
c:/program files (x86)/atmel/studio/7.0/toolchain/arm/arm-gnu-toolchain/bin/../lib/gcc/arm-none-eabi/6.3.1/thumb/v6-m\libgcc.a(muldf3.o)
                              hpl/sercom/hpl_sercom.o (__aeabi_dmul)
c:/program files (x86)/atmel/studio/7.0/toolchain/arm/arm-gnu-toolchain/bin/../lib/gcc/arm-none-eabi/6.3.1/thumb/v6-m\libgcc.a(subdf3.o)
                              hpl/sercom/hpl_sercom.o (__aeabi_dsub)
c:/program files (x86)/atmel/studio/7.0/toolchain/arm/arm-gnu-toolchain/bin/../lib/gcc/arm-none-eabi/6.3.1/thumb/v6-m\libgcc.a(fixdfsi.o)
                              c:/program files (x86)/atmel/studio/7.0/toolchain/arm/arm-gnu-toolchain/bin/../lib/gcc/arm-none-eabi/6.3.1/thumb/v6-m\libgcc.a(_fixunsdfsi.o) (__aeabi_d2iz)
c:/program files (x86)/atmel/studio/7.0/toolchain/arm/arm-gnu-toolchain/bin/../lib/gcc/arm-none-eabi/6.3.1/thumb/v6-m\libgcc.a(floatsidf.o)
                              hpl/sercom/hpl_sercom.o (__aeabi_i2d)
c:/program files (x86)/atmel/studio/7.0/toolchain/arm/arm-gnu-toolchain/bin/../lib/gcc/arm-none-eabi/6.3.1/thumb/v6-m\libgcc.a(floatunsidf.o)
                              hpl/sercom/hpl_sercom.o (__aeabi_ui2d)
c:/program files (x86)/atmel/studio/7.0/toolchain/arm/arm-gnu-toolchain/bin/../lib/gcc/arm-none-eabi/6.3.1/thumb/v6-m\libgcc.a(_arm_cmpdf2.o)
                              c:/program files (x86)/atmel/studio/7.0/toolchain/arm/arm-gnu-toolchain/bin/../lib/gcc/arm-none-eabi/6.3.1/thumb/v6-m\libgcc.a(_fixunsdfsi.o) (__aeabi_dcmpge)
c:/program files (x86)/atmel/studio/7.0/toolchain/arm/arm-gnu-toolchain/bin/../lib/gcc/arm-none-eabi/6.3.1/thumb/v6-m\libgcc.a(_clzsi2.o)
                              c:/program files (x86)/atmel/studio/7.0/toolchain/arm/arm-gnu-toolchain/bin/../lib/gcc/arm-none-eabi/6.3.1/thumb/v6-m\libgcc.a(divdf3.o) (__clzsi2)
c:/program files (x86)/atmel/studio/7.0/toolchain/arm/arm-gnu-toolchain/bin/../lib/gcc/arm-none-eabi/6.3.1/thumb/v6-m\libgcc.a(_clzdi2.o)
                              c:/program files (x86)/atmel/studio/7.0/toolchain/arm/arm-gnu-toolchain/bin/../lib/gcc/arm-none-eabi/6.3.1/thumb/v6-m\libgcc.a(_udivmoddi4.o) (__clzdi2)
c:/program files (x86)/atmel/studio/7.0/toolchain/arm/arm-gnu-toolchain/bin/../lib/gcc/arm-none-eabi/6.3.1/thumb/v6-m\libgcc.a(eqdf2.o)
                              c:/program files (x86)/atmel/studio/7.0/toolchain/arm/arm-gnu-toolchain/bin/../lib/gcc/arm-none-eabi/6.3.1/thumb/v6-m\libgcc.a(_arm_cmpdf2.o) (__eqdf2)
c:/program files (x86)/atmel/studio/7.0/toolchain/arm/arm-gnu-toolchain/bin/../lib/gcc/arm-none-eabi/6.3.1/thumb/v6-m\libgcc.a(gedf2.o)
                              c:/program files (x86)/atmel/studio/7.0/toolchain/arm/arm-gnu-toolchain/bin/../lib/gcc/arm-none-eabi/6.3.1/thumb/v6-m\libgcc.a(_arm_cmpdf2.o) (__gedf2)
c:/program files (x86)/atmel/studio/7.0/toolchain/arm/arm-gnu-toolchain/bin/../lib/gcc/arm-none-eabi/6.3.1/thumb/v6-m\libgcc.a(ledf2.o)
                              c:/program files (x86)/atmel/studio/7.0/toolchain/arm/arm-gnu-toolchain/bin/../lib/gcc/arm-none-eabi/6.3.1/thumb/v6-m\libgcc.a(_arm_cmpdf2.o) (__ledf2)
[...]
Memory Configuration

Name             Origin             Length             Attributes
rom              0x00000000         0x00008000         xr
ram              0x20000000         0x00001000         xrw
*default*        0x00000000         0xffffffff

Linker script and memory map

LOAD c:/program files (x86)/atmel/studio/7.0/toolchain/arm/arm-gnu-toolchain/bin/../lib/gcc/arm-none-eabi/6.3.1/thumb/v6-m/crti.o
LOAD c:/program files (x86)/atmel/studio/7.0/toolchain/arm/arm-gnu-toolchain/bin/../lib/gcc/arm-none-eabi/6.3.1/thumb/v6-m/crtbegin.o
LOAD c:/program files (x86)/atmel/studio/7.0/toolchain/arm/arm-gnu-toolchain/bin/../lib/gcc/arm-none-eabi/6.3.1/../../../../arm-none-eabi/lib/thumb/v6-m/crt0.o
LOAD atmel_start.o
LOAD Device_Startup/startup_samd21.o
LOAD Device_Startup/system_samd21.o
LOAD driver_init.o
LOAD examples/driver_examples.o
LOAD hal/src/hal_atomic.o
LOAD hal/src/hal_delay.o
LOAD hal/src/hal_gpio.o
LOAD hal/src/hal_i2c_m_sync.o
LOAD hal/src/hal_init.o
LOAD hal/src/hal_io.o
LOAD hal/src/hal_sleep.o
LOAD hal/src/hal_spi_m_sync.o
LOAD hal/src/hal_timer.o
LOAD hal/utils/src/utils_assert.o
LOAD hal/utils/src/utils_event.o
LOAD hal/utils/src/utils_list.o
LOAD hal/utils/src/utils_syscalls.o
LOAD hpl/core/hpl_core_m0plus_base.o
LOAD hpl/core/hpl_init.o
LOAD hpl/dmac/hpl_dmac.o
LOAD hpl/gclk/hpl_gclk.o
LOAD hpl/pm/hpl_pm.o
LOAD hpl/rtc/hpl_rtc.o
LOAD hpl/sercom/hpl_sercom.o
LOAD hpl/sysctrl/hpl_sysctrl.o
LOAD main.o
START GROUP
LOAD c:/program files (x86)/atmel/studio/7.0/toolchain/arm/arm-gnu-toolchain/bin/../lib/gcc/arm-none-eabi/6.3.1/../../../../arm-none-eabi/lib/thumb/v6-m\libm.a
END GROUP
START GROUP
LOAD c:/program files (x86)/atmel/studio/7.0/toolchain/arm/arm-gnu-toolchain/bin/../lib/gcc/arm-none-eabi/6.3.1/thumb/v6-m\libgcc.a
LOAD c:/program files (x86)/atmel/studio/7.0/toolchain/arm/arm-gnu-toolchain/bin/../lib/gcc/arm-none-eabi/6.3.1/../../../../arm-none-eabi/lib/thumb/v6-m\libc_nano.a
END GROUP
START GROUP
LOAD c:/program files (x86)/atmel/studio/7.0/toolchain/arm/arm-gnu-toolchain/bin/../lib/gcc/arm-none-eabi/6.3.1/thumb/v6-m\libgcc.a
LOAD c:/program files (x86)/atmel/studio/7.0/toolchain/arm/arm-gnu-toolchain/bin/../lib/gcc/arm-none-eabi/6.3.1/../../../../arm-none-eabi/lib/thumb/v6-m\libc_nano.a
END GROUP
LOAD c:/program files (x86)/atmel/studio/7.0/toolchain/arm/arm-gnu-toolchain/bin/../lib/gcc/arm-none-eabi/6.3.1/thumb/v6-m/crtend.o
LOAD c:/program files (x86)/atmel/studio/7.0/toolchain/arm/arm-gnu-toolchain/bin/../lib/gcc/arm-none-eabi/6.3.1/thumb/v6-m/crtn.o
                0x00000400                STACK_SIZE = DEFINED (STACK_SIZE)?STACK_SIZE:DEFINED (__stack_size__)?__stack_size__:0x400

.text           0x00000000     0x1710
                0x00000000                . = ALIGN (0x4)
                0x00000000                _sfixed = .
 *(.vectors .vectors.*)
 .vectors       0x00000000       0xb4 Device_Startup/startup_samd21.o
                0x00000000                exception_table
 *(.text .text.* .gnu.linkonce.t.*)
 .text          0x000000b4       0x60 c:/program files (x86)/atmel/studio/7.0/toolchain/arm/arm-gnu-toolchain/bin/../lib/gcc/arm-none-eabi/6.3.1/thumb/v6-m/crtbegin.o
 .text.atmel_start_init
                0x00000114        0xc atmel_start.o
                0x00000114                atmel_start_init
 .text.Dummy_Handler
                0x00000120        0x2 Device_Startup/startup_samd21.o
                0x00000120                SVCall_Handler
                0x00000120                DMAC_Handler
                0x00000120                HardFault_Handler
                0x00000120                AC_Handler
                0x00000120                SysTick_Handler
                0x00000120                PendSV_Handler
                0x00000120                SERCOM1_Handler
                0x00000120                ADC_Handler
                0x00000120                NonMaskableInt_Handler
                0x00000120                TCC1_Handler
                0x00000120                SERCOM2_Handler
                0x00000120                TCC0_Handler
                0x00000120                EIC_Handler
                0x00000120                WDT_Handler
                0x00000120                TC4_Handler
                0x00000120                USB_Handler
                0x00000120                TC3_Handler
                0x00000120                Dummy_Handler
                0x00000120                PM_Handler
                0x00000120                TCC2_Handler
                0x00000120                EVSYS_Handler
                0x00000120                SERCOM3_Handler
                0x00000120                I2S_Handler
                0x00000120                NVMCTRL_Handler
                0x00000120                SERCOM0_Handler
                0x00000120                DAC_Handler
                0x00000120                PTC_Handler
                0x00000120                TC5_Handler
                0x00000120                SYSCTRL_Handler
 *fill*         0x00000122        0x2 
 .text.Reset_Handler
                0x00000124       0xe4 Device_Startup/startup_samd21.o
                0x00000124                Reset_Handler
 .text.SPI_0_PORT_init
                0x00000208       0xb8 driver_init.o
                0x00000208                SPI_0_PORT_init
 .text.SPI_0_CLOCK_init
                0x000002c0       0x20 driver_init.o
                0x000002c0                SPI_0_CLOCK_init
 .text.SPI_0_init
                0x000002e0       0x38 driver_init.o
                0x000002e0                SPI_0_init
 .text.I2C_0_PORT_init
                0x00000318       0x50 driver_init.o
                0x00000318                I2C_0_PORT_init
 .text.I2C_0_CLOCK_init
                0x00000368       0x28 driver_init.o
                0x00000368                I2C_0_CLOCK_init
 .text.I2C_0_init
                0x00000390       0x28 driver_init.o
                0x00000390                I2C_0_init
 .text.system_init
                0x000003b8       0x58 driver_init.o
                0x000003b8                system_init
 .text.atomic_enter_critical
                0x00000410        0xe hal/src/hal_atomic.o
                0x00000410                atomic_enter_critical
 .text.atomic_leave_critical
                0x0000041e        0xc hal/src/hal_atomic.o
                0x0000041e                atomic_leave_critical
 *fill*         0x0000042a        0x2 
 .text.delay_ms
                0x0000042c       0x20 hal/src/hal_delay.o
                0x0000042c                delay_ms
 .text.i2c_m_sync_write
                0x0000044c       0x30 hal/src/hal_i2c_m_sync.o
 .text.i2c_m_sync_read
                0x0000047c       0x30 hal/src/hal_i2c_m_sync.o
 .text.i2c_m_sync_init
                0x000004ac       0x40 hal/src/hal_i2c_m_sync.o
                0x000004ac                i2c_m_sync_init
 .text.io_write
                0x000004ec       0x34 hal/src/hal_io.o
                0x000004ec                io_write
 .text.spi_m_sync_init
                0x00000520       0x54 hal/src/hal_spi_m_sync.o
                0x00000520                spi_m_sync_init
 .text.spi_m_sync_enable
                0x00000574       0x28 hal/src/hal_spi_m_sync.o
                0x00000574                spi_m_sync_enable
 .text.spi_m_sync_set_mode
                0x0000059c       0x2c hal/src/hal_spi_m_sync.o
                0x0000059c                spi_m_sync_set_mode
 .text.spi_m_sync_transfer
                0x000005c8       0x48 hal/src/hal_spi_m_sync.o
                0x000005c8                spi_m_sync_transfer
 .text._spi_m_sync_io_write
                0x00000610       0x3c hal/src/hal_spi_m_sync.o
 .text._spi_m_sync_io_read
                0x0000064c       0x3c hal/src/hal_spi_m_sync.o
 .text.spi_m_sync_get_io_descriptor
                0x00000688       0x30 hal/src/hal_spi_m_sync.o
                0x00000688                spi_m_sync_get_io_descriptor
 .text.timer_add_timer_task
                0x000006b8       0x70 hal/src/hal_timer.o
 .text.timer_process_counted
                0x00000728       0x8c hal/src/hal_timer.o
 .text.timer_init
                0x000007b4       0x44 hal/src/hal_timer.o
                0x000007b4                timer_init
 .text.assert   0x000007f8        0x8 hal/utils/src/utils_assert.o
                0x000007f8                assert
 .text.is_list_element
                0x00000800       0x24 hal/utils/src/utils_list.o
                0x00000800                is_list_element
 .text.list_insert_as_head
                0x00000824       0x2c hal/utils/src/utils_list.o
                0x00000824                list_insert_as_head
 .text.list_insert_after
                0x00000850        0x8 hal/utils/src/utils_list.o
                0x00000850                list_insert_after
 .text.list_remove_head
                0x00000858        0xe hal/utils/src/utils_list.o
                0x00000858                list_remove_head
 *fill*         0x00000866        0x2 
 .text._get_cycles_for_ms
                0x00000868       0x20 hpl/core/hpl_core_m0plus_base.o
                0x00000868                _get_cycles_for_ms
 .text._delay_cycles
                0x00000888        0x6 hpl/core/hpl_core_m0plus_base.o
                0x00000888                _delay_cycles
 *fill*         0x0000088e        0x2 
 .text._init_chip
                0x00000890       0x30 hpl/core/hpl_init.o
                0x00000890                _init_chip
 .text._gclk_init_generators_by_fref
                0x000008c0       0x20 hpl/gclk/hpl_gclk.o
                0x000008c0                _gclk_init_generators_by_fref
 .text._pm_init
                0x000008e0       0x20 hpl/pm/hpl_pm.o
                0x000008e0                _pm_init
 .text._timer_init
                0x00000900       0x5c hpl/rtc/hpl_rtc.o
                0x00000900                _timer_init
 .text._rtc_get_timer
                0x0000095c        0x4 hpl/rtc/hpl_rtc.o
                0x0000095c                _rtc_get_timer
 .text.RTC_Handler
                0x00000960       0x24 hpl/rtc/hpl_rtc.o
                0x00000960                RTC_Handler
 .text._spi_sync_enable
                0x00000984       0x20 hpl/sercom/hpl_sercom.o
 .text._spi_set_mode
                0x000009a4       0x38 hpl/sercom/hpl_sercom.o
 .text._get_i2cm_index
                0x000009dc       0x34 hpl/sercom/hpl_sercom.o
 .text._i2c_m_sync_init_impl
                0x00000a10       0xdc hpl/sercom/hpl_sercom.o
 .text._i2c_m_sync_init
                0x00000aec       0x30 hpl/sercom/hpl_sercom.o
                0x00000aec                _i2c_m_sync_init
 .text._i2c_m_sync_transfer
                0x00000b1c      0x538 hpl/sercom/hpl_sercom.o
                0x00000b1c                _i2c_m_sync_transfer
 .text._spi_m_sync_init
                0x00001054       0xf8 hpl/sercom/hpl_sercom.o
                0x00001054                _spi_m_sync_init
 .text._spi_m_sync_enable
                0x0000114c       0x30 hpl/sercom/hpl_sercom.o
                0x0000114c                _spi_m_sync_enable
 .text._spi_m_sync_set_mode
                0x0000117c       0x38 hpl/sercom/hpl_sercom.o
                0x0000117c                _spi_m_sync_set_mode
 .text._spi_m_sync_trans
                0x000011b4      0x110 hpl/sercom/hpl_sercom.o
                0x000011b4                _spi_m_sync_trans
 .text._sysctrl_init_sources
                0x000012c4       0x48 hpl/sysctrl/hpl_sysctrl.o
                0x000012c4                _sysctrl_init_sources
 .text._sysctrl_init_referenced_generators
                0x0000130c       0x10 hpl/sysctrl/hpl_sysctrl.o
                0x0000130c                _sysctrl_init_referenced_generators
 .text._gpio_get_level
                0x0000131c       0x44 main.o
 .text.SPI_Send_Data
                0x00001360       0x40 main.o
                0x00001360                SPI_Send_Data
 .text.main     0x000013a0      0x120 main.o
                0x000013a0                main
 .text          0x000014c0      0x114 c:/program files (x86)/atmel/studio/7.0/toolchain/arm/arm-gnu-toolchain/bin/../lib/gcc/arm-none-eabi/6.3.1/thumb/v6-m\libgcc.a(_udivsi3.o)
                0x000014c0                __aeabi_uidiv
                0x000014c0                __udivsi3
                0x000015cc                __aeabi_uidivmod
 .text          0x000015d4        0x4 c:/program files (x86)/atmel/studio/7.0/toolchain/arm/arm-gnu-toolchain/bin/../lib/gcc/arm-none-eabi/6.3.1/thumb/v6-m\libgcc.a(_dvmd_tls.o)
                0x000015d4                __aeabi_idiv0
                0x000015d4                __aeabi_ldiv0
 .text.__libc_init_array
                0x000015d8       0x48 c:/program files (x86)/atmel/studio/7.0/toolchain/arm/arm-gnu-toolchain/bin/../lib/gcc/arm-none-eabi/6.3.1/../../../../arm-none-eabi/lib/thumb/v6-m\libc_nano.a(lib_a-init.o)
                0x000015d8                __libc_init_array
 *(.glue_7t)
 .glue_7t       0x00001620        0x0 linker stubs
 *(.glue_7)
 .glue_7        0x00001620        0x0 linker stubs
 *(.rodata .rodata* .gnu.linkonce.r.*)
 .rodata.str1.4
                0x00001620       0x1c hal/src/hal_i2c_m_sync.o
 .rodata.str1.4
                0x0000163c       0x14 hal/src/hal_io.o
 .rodata.str1.4
                0x00001650       0x1c hal/src/hal_spi_m_sync.o
 .rodata.str1.4
                0x0000166c       0x17 hal/src/hal_timer.o
 *fill*         0x00001683        0x1 
 .rodata.str1.4
                0x00001684       0x1e hal/utils/src/utils_list.o
 *fill*         0x000016a2        0x2 
 .rodata.str1.4
                0x000016a4       0x15 hpl/rtc/hpl_rtc.o
 *fill*         0x000016b9        0x3 
 .rodata        0x000016bc       0x18 hpl/sercom/hpl_sercom.o
 .rodata.str1.4
                0x000016d4       0x1c hpl/sercom/hpl_sercom.o
                                 0x1b (size before relaxing)
 *(.ARM.extab* .gnu.linkonce.armextab.*)
                0x000016f0                . = ALIGN (0x4)
 *(.init)
 .init          0x000016f0        0x4 c:/program files (x86)/atmel/studio/7.0/toolchain/arm/arm-gnu-toolchain/bin/../lib/gcc/arm-none-eabi/6.3.1/thumb/v6-m/crti.o
                0x000016f0                _init
 .init          0x000016f4        0x8 c:/program files (x86)/atmel/studio/7.0/toolchain/arm/arm-gnu-toolchain/bin/../lib/gcc/arm-none-eabi/6.3.1/thumb/v6-m/crtn.o
                0x000016fc                . = ALIGN (0x4)
                0x000016fc                __preinit_array_start = .
 *(.preinit_array)
                0x000016fc                __preinit_array_end = .
                0x000016fc                . = ALIGN (0x4)
                0x000016fc                __init_array_start = .
 *(SORT(.init_array.*))
 *(.init_array)
 .init_array    0x000016fc        0x4 c:/program files (x86)/atmel/studio/7.0/toolchain/arm/arm-gnu-toolchain/bin/../lib/gcc/arm-none-eabi/6.3.1/thumb/v6-m/crtbegin.o
                0x00001700                __init_array_end = .
                0x00001700                . = ALIGN (0x4)
 *crtbegin.o(.ctors)
 *(EXCLUDE_FILE(*crtend.o) .ctors)
 *(SORT(.ctors.*))
 *crtend.o(.ctors)
                0x00001700                . = ALIGN (0x4)
 *(.fini)
 .fini          0x00001700        0x4 c:/program files (x86)/atmel/studio/7.0/toolchain/arm/arm-gnu-toolchain/bin/../lib/gcc/arm-none-eabi/6.3.1/thumb/v6-m/crti.o
                0x00001700                _fini
 .fini          0x00001704        0x8 c:/program files (x86)/atmel/studio/7.0/toolchain/arm/arm-gnu-toolchain/bin/../lib/gcc/arm-none-eabi/6.3.1/thumb/v6-m/crtn.o
                0x0000170c                . = ALIGN (0x4)
                0x0000170c                __fini_array_start = .
 *(.fini_array)
 .fini_array    0x0000170c        0x4 c:/program files (x86)/atmel/studio/7.0/toolchain/arm/arm-gnu-toolchain/bin/../lib/gcc/arm-none-eabi/6.3.1/thumb/v6-m/crtbegin.o
 *(SORT(.fini_array.*))
                0x00001710                __fini_array_end = .
 *crtbegin.o(.dtors)
 *(EXCLUDE_FILE(*crtend.o) .dtors)
 *(SORT(.dtors.*))
 *crtend.o(.dtors)
                0x00001710                . = ALIGN (0x4)
                0x00001710                _efixed = .
                [!provide]                PROVIDE (__exidx_start, .)

.vfp11_veneer   0x00001710        0x0
 .vfp11_veneer  0x00001710        0x0 linker stubs

.v4_bx          0x00001710        0x0
 .v4_bx         0x00001710        0x0 linker stubs

.iplt           0x00001710        0x0
 .iplt          0x00001710        0x0 c:/program files (x86)/atmel/studio/7.0/toolchain/arm/arm-gnu-toolchain/bin/../lib/gcc/arm-none-eabi/6.3.1/thumb/v6-m/crtbegin.o

.eh_frame       0x00001710        0x0
 .eh_frame      0x00001710        0x0 c:/program files (x86)/atmel/studio/7.0/toolchain/arm/arm-gnu-toolchain/bin/../lib/gcc/arm-none-eabi/6.3.1/thumb/v6-m/crtbegin.o

.rel.dyn        0x00001710        0x0
 .rel.iplt      0x00001710        0x0 c:/program files (x86)/atmel/studio/7.0/toolchain/arm/arm-gnu-toolchain/bin/../lib/gcc/arm-none-eabi/6.3.1/thumb/v6-m/crtbegin.o

.jcr            0x00001710        0x0
 .jcr           0x00001710        0x0 c:/program files (x86)/atmel/studio/7.0/toolchain/arm/arm-gnu-toolchain/bin/../lib/gcc/arm-none-eabi/6.3.1/thumb/v6-m/crtbegin.o

.igot.plt       0x00001710        0x0
 .igot.plt      0x00001710        0x0 c:/program files (x86)/atmel/studio/7.0/toolchain/arm/arm-gnu-toolchain/bin/../lib/gcc/arm-none-eabi/6.3.1/thumb/v6-m/crtbegin.o

.ARM.exidx
 *(.ARM.exidx* .gnu.linkonce.armexidx.*)
                [!provide]                PROVIDE (__exidx_end, .)
                0x00001710                . = ALIGN (0x4)
                0x00001710                _etext = .

.relocate       0x20000000        0x0 load address 0x00001710
                0x20000000                . = ALIGN (0x4)
                0x20000000                _srelocate = .
 *(.ramfunc .ramfunc.*)
 *(.data .data.*)
                0x20000000                . = ALIGN (0x4)
                0x20000000                _erelocate = .

.bss            0x20000000       0x7c
                0x20000000                . = ALIGN (0x4)
                0x20000000                _sbss = .
                0x20000000                _szero = .
 *(.bss .bss.*)
 .bss           0x20000000       0x1c c:/program files (x86)/atmel/studio/7.0/toolchain/arm/arm-gnu-toolchain/bin/../lib/gcc/arm-none-eabi/6.3.1/thumb/v6-m/crtbegin.o
 .bss           0x2000001c        0x4 hal/src/hal_delay.o
 .bss           0x20000020        0x4 hpl/rtc/hpl_rtc.o
 *(COMMON)
 COMMON         0x20000024       0x54 driver_init.o
                0x20000024                SPI_0
                0x2000003c                I2C_0
                0x2000005c                TIMER_0
 COMMON         0x20000078        0x2 main.o
                0x20000078                current
                0x20000079                previous
                0x2000007c                . = ALIGN (0x4)
 *fill*         0x2000007a        0x2 
                0x2000007c                _ebss = .
                0x2000007c                _ezero = .

.stack          0x2000007c      0x404
                0x20000080                . = ALIGN (0x8)
 *fill*         0x2000007c        0x4 
                0x20000080                _sstack = .
                0x20000480                . = (. + STACK_SIZE)
 *fill*         0x20000080      0x400 
                0x20000480                . = ALIGN (0x8)
                0x20000480                _estack = .
                0x20000480                . = ALIGN (0x4)
                0x20000480                _end = .
OUTPUT(M0_Motor_Test.elf elf32-littlearm)

.ARM.attributes
                0x00000000       0x28
 .ARM.attributes
                0x00000000       0x1e c:/program files (x86)/atmel/studio/7.0/toolchain/arm/arm-gnu-toolchain/bin/../lib/gcc/arm-none-eabi/6.3.1/thumb/v6-m/crti.o
 .ARM.attributes
                0x0000001e       0x2c c:/program files (x86)/atmel/studio/7.0/toolchain/arm/arm-gnu-toolchain/bin/../lib/gcc/arm-none-eabi/6.3.1/thumb/v6-m/crtbegin.o
 .ARM.attributes
                0x0000004a       0x32 atmel_start.o
 .ARM.attributes
                0x0000007c       0x32 Device_Startup/startup_samd21.o
 .ARM.attributes
                0x000000ae       0x32 driver_init.o
 .ARM.attributes
                0x000000e0       0x32 hal/src/hal_atomic.o
 .ARM.attributes
                0x00000112       0x32 hal/src/hal_delay.o
 .ARM.attributes
                0x00000144       0x32 hal/src/hal_i2c_m_sync.o
 .ARM.attributes
                0x00000176       0x32 hal/src/hal_io.o
 .ARM.attributes
                0x000001a8       0x32 hal/src/hal_spi_m_sync.o
 .ARM.attributes
                0x000001da       0x32 hal/src/hal_timer.o
 .ARM.attributes
                0x0000020c       0x32 hal/utils/src/utils_assert.o
 .ARM.attributes
                0x0000023e       0x32 hal/utils/src/utils_list.o
 .ARM.attributes
                0x00000270       0x32 hpl/core/hpl_core_m0plus_base.o
 .ARM.attributes
                0x000002a2       0x32 hpl/core/hpl_init.o
 .ARM.attributes
                0x000002d4       0x32 hpl/gclk/hpl_gclk.o
 .ARM.attributes
                0x00000306       0x32 hpl/pm/hpl_pm.o
 .ARM.attributes
                0x00000338       0x32 hpl/rtc/hpl_rtc.o
 .ARM.attributes
                0x0000036a       0x32 hpl/sercom/hpl_sercom.o
 .ARM.attributes
                0x0000039c       0x32 hpl/sysctrl/hpl_sysctrl.o
 .ARM.attributes
                0x000003ce       0x32 main.o
 .ARM.attributes
                0x00000400       0x1e c:/program files (x86)/atmel/studio/7.0/toolchain/arm/arm-gnu-toolchain/bin/../lib/gcc/arm-none-eabi/6.3.1/thumb/v6-m\libgcc.a(_udivsi3.o)
 .ARM.attributes
                0x0000041e       0x1e c:/program files (x86)/atmel/studio/7.0/toolchain/arm/arm-gnu-toolchain/bin/../lib/gcc/arm-none-eabi/6.3.1/thumb/v6-m\libgcc.a(_dvmd_tls.o)
 .ARM.attributes
                0x0000043c       0x2c c:/program files (x86)/atmel/studio/7.0/toolchain/arm/arm-gnu-toolchain/bin/../lib/gcc/arm-none-eabi/6.3.1/../../../../arm-none-eabi/lib/thumb/v6-m\libc_nano.a(lib_a-init.o)
 .ARM.attributes
                0x00000468       0x1e c:/program files (x86)/atmel/studio/7.0/toolchain/arm/arm-gnu-toolchain/bin/../lib/gcc/arm-none-eabi/6.3.1/thumb/v6-m/crtn.o

.comment        0x00000000       0x59
 .comment       0x00000000       0x59 atmel_start.o
                                 0x5a (size before relaxing)
 .comment       0x00000059       0x5a Device_Startup/startup_samd21.o
 .comment       0x00000059       0x5a driver_init.o
 .comment       0x00000059       0x5a hal/src/hal_atomic.o
 .comment       0x00000059       0x5a hal/src/hal_delay.o
 .comment       0x00000059       0x5a hal/src/hal_i2c_m_sync.o
 .comment       0x00000059       0x5a hal/src/hal_io.o
 .comment       0x00000059       0x5a hal/src/hal_spi_m_sync.o
 .comment       0x00000059       0x5a hal/src/hal_timer.o
 .comment       0x00000059       0x5a hal/utils/src/utils_assert.o
 .comment       0x00000059       0x5a hal/utils/src/utils_list.o
 .comment       0x00000059       0x5a hpl/core/hpl_core_m0plus_base.o
 .comment       0x00000059       0x5a hpl/core/hpl_init.o
 .comment       0x00000059       0x5a hpl/gclk/hpl_gclk.o
 .comment       0x00000059       0x5a hpl/pm/hpl_pm.o
 .comment       0x00000059       0x5a hpl/rtc/hpl_rtc.o
 .comment       0x00000059       0x5a hpl/sercom/hpl_sercom.o
 .comment       0x00000059       0x5a hpl/sysctrl/hpl_sysctrl.o
 .comment       0x00000059       0x5a main.o

.debug_info     0x00000000    0x23041
 .debug_info    0x00000000      0x47b atmel_start.o
 .debug_info    0x0000047b     0x3a3f Device_Startup/startup_samd21.o
 .debug_info    0x00003eba     0x9726 driver_init.o
 .debug_info    0x0000d5e0      0x1d1 hal/src/hal_atomic.o
 .debug_info    0x0000d7b1      0x1dc hal/src/hal_delay.o
 .debug_info    0x0000d98d      0x878 hal/src/hal_i2c_m_sync.o
 .debug_info    0x0000e205      0x2b2 hal/src/hal_io.o
 .debug_info    0x0000e4b7      0x9c9 hal/src/hal_spi_m_sync.o
 .debug_info    0x0000ee80      0xbb7 hal/src/hal_timer.o
 .debug_info    0x0000fa37      0x107 hal/utils/src/utils_assert.o
 .debug_info    0x0000fb3e      0x310 hal/utils/src/utils_list.o
 .debug_info    0x0000fe4e      0x841 hpl/core/hpl_core_m0plus_base.o
 .debug_info    0x0001068f      0x68d hpl/core/hpl_init.o
 .debug_info    0x00010d1c      0x4e1 hpl/gclk/hpl_gclk.o
 .debug_info    0x000111fd      0xcd7 hpl/pm/hpl_pm.o
 .debug_info    0x00011ed4     0x2063 hpl/rtc/hpl_rtc.o
 .debug_info    0x00013f37     0xb3b4 hpl/sercom/hpl_sercom.o
 .debug_info    0x0001f2eb     0x1452 hpl/sysctrl/hpl_sysctrl.o
 .debug_info    0x0002073d     0x2904 main.o

.debug_abbrev   0x00000000     0x299b
 .debug_abbrev  0x00000000       0xf3 atmel_start.o
 .debug_abbrev  0x000000f3      0x234 Device_Startup/startup_samd21.o
 .debug_abbrev  0x00000327      0x38d driver_init.o
 .debug_abbrev  0x000006b4      0x144 hal/src/hal_atomic.o
 .debug_abbrev  0x000007f8       0xe1 hal/src/hal_delay.o
 .debug_abbrev  0x000008d9      0x1a6 hal/src/hal_i2c_m_sync.o
 .debug_abbrev  0x00000a7f      0x115 hal/src/hal_io.o
 .debug_abbrev  0x00000b94      0x1b1 hal/src/hal_spi_m_sync.o
 .debug_abbrev  0x00000d45      0x221 hal/src/hal_timer.o
 .debug_abbrev  0x00000f66       0x86 hal/utils/src/utils_assert.o
 .debug_abbrev  0x00000fec      0x159 hal/utils/src/utils_list.o
 .debug_abbrev  0x00001145      0x2cd hpl/core/hpl_core_m0plus_base.o
 .debug_abbrev  0x00001412      0x1cc hpl/core/hpl_init.o
 .debug_abbrev  0x000015de      0x1c3 hpl/gclk/hpl_gclk.o
 .debug_abbrev  0x000017a1      0x211 hpl/pm/hpl_pm.o
 .debug_abbrev  0x000019b2      0x3cf hpl/rtc/hpl_rtc.o
 .debug_abbrev  0x00001d81      0x586 hpl/sercom/hpl_sercom.o
 .debug_abbrev  0x00002307      0x20c hpl/sysctrl/hpl_sysctrl.o
 .debug_abbrev  0x00002513      0x488 main.o

.debug_loc      0x00000000     0xc369
 .debug_loc     0x00000000       0x20 atmel_start.o
 .debug_loc     0x00000020       0x40 Device_Startup/startup_samd21.o
 .debug_loc     0x00000060      0x9c5 driver_init.o
 .debug_loc     0x00000a25       0x13 hal/src/hal_atomic.o
 .debug_loc     0x00000a38       0xc3 hal/src/hal_delay.o
 .debug_loc     0x00000afb      0x6df hal/src/hal_i2c_m_sync.o
 .debug_loc     0x000011da      0x18a hal/src/hal_io.o
 .debug_loc     0x00001364      0x700 hal/src/hal_spi_m_sync.o
 .debug_loc     0x00001a64      0x761 hal/src/hal_timer.o
 .debug_loc     0x000021c5      0x271 hal/utils/src/utils_list.o
 .debug_loc     0x00002436      0x1f7 hpl/core/hpl_core_m0plus_base.o
 .debug_loc     0x0000262d       0x4c hpl/core/hpl_init.o
 .debug_loc     0x00002679       0xa3 hpl/gclk/hpl_gclk.o
 .debug_loc     0x0000271c      0x11b hpl/pm/hpl_pm.o
 .debug_loc     0x00002837      0x4c4 hpl/rtc/hpl_rtc.o
 .debug_loc     0x00002cfb     0x806d hpl/sercom/hpl_sercom.o
 .debug_loc     0x0000ad68      0x160 hpl/sysctrl/hpl_sysctrl.o
 .debug_loc     0x0000aec8     0x14a1 main.o

.debug_aranges  0x00000000      0x9c8
 .debug_aranges
                0x00000000       0x20 atmel_start.o
 .debug_aranges
                0x00000020       0x28 Device_Startup/startup_samd21.o
 .debug_aranges
                0x00000048       0x50 driver_init.o
 .debug_aranges
                0x00000098       0x30 hal/src/hal_atomic.o
 .debug_aranges
                0x000000c8       0x38 hal/src/hal_delay.o
 .debug_aranges
                0x00000100       0x88 hal/src/hal_i2c_m_sync.o
 .debug_aranges
                0x00000188       0x30 hal/src/hal_io.o
 .debug_aranges
                0x000001b8       0x88 hal/src/hal_spi_m_sync.o
 .debug_aranges
                0x00000240       0x70 hal/src/hal_timer.o
 .debug_aranges
                0x000002b0       0x20 hal/utils/src/utils_assert.o
 .debug_aranges
                0x000002d0       0x48 hal/utils/src/utils_list.o
 .debug_aranges
                0x00000318       0x80 hpl/core/hpl_core_m0plus_base.o
 .debug_aranges
                0x00000398       0x20 hpl/core/hpl_init.o
 .debug_aranges
                0x000003b8       0x28 hpl/gclk/hpl_gclk.o
 .debug_aranges
                0x000003e0       0x30 hpl/pm/hpl_pm.o
 .debug_aranges
                0x00000410       0x68 hpl/rtc/hpl_rtc.o
 .debug_aranges
                0x00000478      0x4c8 hpl/sercom/hpl_sercom.o
 .debug_aranges
                0x00000940       0x28 hpl/sysctrl/hpl_sysctrl.o
 .debug_aranges
                0x00000968       0x60 main.o

.debug_ranges   0x00000000      0xed0
 .debug_ranges  0x00000000       0x10 atmel_start.o
 .debug_ranges  0x00000010       0x18 Device_Startup/startup_samd21.o
 .debug_ranges  0x00000028       0x40 driver_init.o
 .debug_ranges  0x00000068       0x20 hal/src/hal_atomic.o
 .debug_ranges  0x00000088       0x28 hal/src/hal_delay.o
 .debug_ranges  0x000000b0       0x78 hal/src/hal_i2c_m_sync.o
 .debug_ranges  0x00000128       0x20 hal/src/hal_io.o
 .debug_ranges  0x00000148       0x78 hal/src/hal_spi_m_sync.o
 .debug_ranges  0x000001c0       0xa8 hal/src/hal_timer.o
 .debug_ranges  0x00000268       0x10 hal/utils/src/utils_assert.o
 .debug_ranges  0x00000278       0x58 hal/utils/src/utils_list.o
 .debug_ranges  0x000002d0       0x70 hpl/core/hpl_core_m0plus_base.o
 .debug_ranges  0x00000340       0x10 hpl/core/hpl_init.o
 .debug_ranges  0x00000350       0x18 hpl/gclk/hpl_gclk.o
 .debug_ranges  0x00000368       0x20 hpl/pm/hpl_pm.o
 .debug_ranges  0x00000388       0x58 hpl/rtc/hpl_rtc.o
 .debug_ranges  0x000003e0      0x9f8 hpl/sercom/hpl_sercom.o
 .debug_ranges  0x00000dd8       0x30 hpl/sysctrl/hpl_sysctrl.o
 .debug_ranges  0x00000e08       0xc8 main.o

.debug_macro    0x00000000    0x174bf
 .debug_macro   0x00000000      0x523 atmel_start.o
 .debug_macro   0x00000523      0x89e atmel_start.o
 .debug_macro   0x00000dc1      0x16d atmel_start.o
 .debug_macro   0x00000f2e       0x22 atmel_start.o
 .debug_macro   0x00000f50       0x87 atmel_start.o
 .debug_macro   0x00000fd7       0x51 atmel_start.o
 .debug_macro   0x00001028       0xef atmel_start.o
 .debug_macro   0x00001117       0x6a atmel_start.o
 .debug_macro   0x00001181      0x1df atmel_start.o
 .debug_macro   0x00001360       0x22 atmel_start.o
 .debug_macro   0x00001382       0x3f atmel_start.o
 .debug_macro   0x000013c1       0x1c atmel_start.o
 .debug_macro   0x000013dd       0x22 atmel_start.o
 .debug_macro   0x000013ff       0xb5 atmel_start.o
 .debug_macro   0x000014b4      0x3ad atmel_start.o
 .debug_macro   0x00001861      0x67e atmel_start.o
 .debug_macro   0x00001edf      0x8b1 atmel_start.o
 .debug_macro   0x00002790      0x22e atmel_start.o
 .debug_macro   0x000029be      0xd5c atmel_start.o
 .debug_macro   0x0000371a      0x4dc atmel_start.o
 .debug_macro   0x00003bf6      0x9f6 atmel_start.o
 .debug_macro   0x000045ec      0x82b atmel_start.o
 .debug_macro   0x00004e17      0x45f atmel_start.o
 .debug_macro   0x00005276       0x5e atmel_start.o
 .debug_macro   0x000052d4      0x8f9 atmel_start.o
 .debug_macro   0x00005bcd      0x21c atmel_start.o
 .debug_macro   0x00005de9      0x7eb atmel_start.o
 .debug_macro   0x000065d4       0x5e atmel_start.o
 .debug_macro   0x00006632      0x663 atmel_start.o
 .debug_macro   0x00006c95      0x3ac atmel_start.o
 .debug_macro   0x00007041      0xc76 atmel_start.o
 .debug_macro   0x00007cb7     0x1092 atmel_start.o
 .debug_macro   0x00008d49      0xc4a atmel_start.o
 .debug_macro   0x00009993      0x6ba atmel_start.o
 .debug_macro   0x0000a04d     0x1b3d atmel_start.o
 .debug_macro   0x0000bb8a     0x143c atmel_start.o
 .debug_macro   0x0000cfc6      0x340 atmel_start.o
 .debug_macro   0x0000d306       0x7c atmel_start.o
 .debug_macro   0x0000d382       0xa0 atmel_start.o
 .debug_macro   0x0000d422       0x4c atmel_start.o
 .debug_macro   0x0000d46e       0xca atmel_start.o
 .debug_macro   0x0000d538       0x94 atmel_start.o
 .debug_macro   0x0000d5cc       0x58 atmel_start.o
 .debug_macro   0x0000d624      0x364 atmel_start.o
 .debug_macro   0x0000d988       0x82 atmel_start.o
 .debug_macro   0x0000da0a      0x189 atmel_start.o
 .debug_macro   0x0000db93       0xb8 atmel_start.o
 .debug_macro   0x0000dc4b       0xa0 atmel_start.o
 .debug_macro   0x0000dceb       0xb8 atmel_start.o
 .debug_macro   0x0000dda3       0x1c atmel_start.o
 .debug_macro   0x0000ddbf       0x1c atmel_start.o
 .debug_macro   0x0000dddb       0x1c atmel_start.o
 .debug_macro   0x0000ddf7       0x82 atmel_start.o
 .debug_macro   0x0000de79      0x15a atmel_start.o
 .debug_macro   0x0000dfd3       0x10 atmel_start.o
 .debug_macro   0x0000dfe3       0xdc atmel_start.o
 .debug_macro   0x0000e0bf      0x124 atmel_start.o
 .debug_macro   0x0000e1e3      0x124 atmel_start.o
 .debug_macro   0x0000e307      0x124 atmel_start.o
 .debug_macro   0x0000e42b      0x124 atmel_start.o
 .debug_macro   0x0000e54f      0x124 atmel_start.o
 .debug_macro   0x0000e673       0xe2 atmel_start.o
 .debug_macro   0x0000e755       0xe2 atmel_start.o
 .debug_macro   0x0000e837       0xe2 atmel_start.o
 .debug_macro   0x0000e919      0x130 atmel_start.o
 .debug_macro   0x0000ea49      0x106 atmel_start.o
 .debug_macro   0x0000eb4f       0xfa atmel_start.o
 .debug_macro   0x0000ec49      0x40f atmel_start.o
 .debug_macro   0x0000f058       0x40 atmel_start.o
 .debug_macro   0x0000f098      0x361 atmel_start.o
 .debug_macro   0x0000f3f9     0x101b atmel_start.o
 .debug_macro   0x00010414       0x7b atmel_start.o
 .debug_macro   0x0001048f       0x10 atmel_start.o
 .debug_macro   0x0001049f       0x10 atmel_start.o
 .debug_macro   0x000104af       0x16 atmel_start.o
 .debug_macro   0x000104c5       0x16 atmel_start.o
 .debug_macro   0x000104db       0x16 atmel_start.o
 .debug_macro   0x000104f1       0x16 atmel_start.o
 .debug_macro   0x00010507       0x16 atmel_start.o
 .debug_macro   0x0001051d       0x16 atmel_start.o
 .debug_macro   0x00010533       0x16 atmel_start.o
 .debug_macro   0x00010549       0x16 atmel_start.o
 .debug_macro   0x0001055f       0x16 atmel_start.o
 .debug_macro   0x00010575       0x16 atmel_start.o
 .debug_macro   0x0001058b       0x16 atmel_start.o
 .debug_macro   0x000105a1       0x16 atmel_start.o
 .debug_macro   0x000105b7       0x16 atmel_start.o
 .debug_macro   0x000105cd       0x16 atmel_start.o
 .debug_macro   0x000105e3      0x4c3 atmel_start.o
 .debug_macro   0x00010aa6       0x94 atmel_start.o
 .debug_macro   0x00010b3a       0x16 atmel_start.o
 .debug_macro   0x00010b50       0x6a atmel_start.o
 .debug_macro   0x00010bba      0x28c atmel_start.o
 .debug_macro   0x00010e46      0x4d8 atmel_start.o
 .debug_macro   0x0001131e       0x16 atmel_start.o
 .debug_macro   0x00011334       0xca atmel_start.o
 .debug_macro   0x000113fe       0x1c atmel_start.o
 .debug_macro   0x0001141a       0x16 atmel_start.o
 .debug_macro   0x00011430       0xd0 atmel_start.o
 .debug_macro   0x00011500       0xc9 atmel_start.o
 .debug_macro   0x000115c9       0x70 atmel_start.o
 .debug_macro   0x00011639      0x2e8 Device_Startup/startup_samd21.o
 .debug_macro   0x00011921       0x39 Device_Startup/startup_samd21.o
 .debug_macro   0x0001195a      0x543 driver_init.o
 .debug_macro   0x00011e9d       0x50 driver_init.o
 .debug_macro   0x00011eed      0x416 hal/src/hal_atomic.o
 .debug_macro   0x00012303      0x448 hal/src/hal_delay.o
 .debug_macro   0x0001274b      0x451 hal/src/hal_i2c_m_sync.o
 .debug_macro   0x00012b9c       0x6a hal/src/hal_i2c_m_sync.o
 .debug_macro   0x00012c06      0x429 hal/src/hal_io.o
 .debug_macro   0x0001302f      0x46c hal/src/hal_spi_m_sync.o
 .debug_macro   0x0001349b      0x45c hal/src/hal_timer.o
 .debug_macro   0x000138f7      0x41f hal/utils/src/utils_assert.o
 .debug_macro   0x00013d16       0x10 hal/utils/src/utils_assert.o
 .debug_macro   0x00013d26      0x423 hal/utils/src/utils_list.o
 .debug_macro   0x00014149      0x46d hpl/core/hpl_core_m0plus_base.o
 .debug_macro   0x000145b6      0x490 hpl/core/hpl_init.o
 .debug_macro   0x00014a46       0x2e hpl/core/hpl_init.o
 .debug_macro   0x00014a74      0x6ec hpl/core/hpl_init.o
 .debug_macro   0x00015160      0x432 hpl/gclk/hpl_gclk.o
 .debug_macro   0x00015592      0x1f3 hpl/gclk/hpl_gclk.o
 .debug_macro   0x00015785      0x455 hpl/pm/hpl_pm.o
 .debug_macro   0x00015bda      0x45a hpl/rtc/hpl_rtc.o
 .debug_macro   0x00016034       0x64 hpl/rtc/hpl_rtc.o
 .debug_macro   0x00016098      0x656 hpl/sercom/hpl_sercom.o
 .debug_macro   0x000166ee       0xf6 hpl/sercom/hpl_sercom.o
 .debug_macro   0x000167e4       0x10 hpl/sercom/hpl_sercom.o
 .debug_macro   0x000167f4       0x1c hpl/sercom/hpl_sercom.o
 .debug_macro   0x00016810       0x22 hpl/sercom/hpl_sercom.o
 .debug_macro   0x00016832       0x10 hpl/sercom/hpl_sercom.o
 .debug_macro   0x00016842      0x42c hpl/sysctrl/hpl_sysctrl.o
 .debug_macro   0x00016c6e      0x2da hpl/sysctrl/hpl_sysctrl.o
 .debug_macro   0x00016f48      0x577 main.o

.debug_line     0x00000000     0xe120
 .debug_line    0x00000000      0xac3 atmel_start.o
 .debug_line    0x00000ac3      0x6dd Device_Startup/startup_samd21.o
 .debug_line    0x000011a0      0xc54 driver_init.o
 .debug_line    0x00001df4      0x974 hal/src/hal_atomic.o
 .debug_line    0x00002768      0x99f hal/src/hal_delay.o
 .debug_line    0x00003107      0xa8f hal/src/hal_i2c_m_sync.o
 .debug_line    0x00003b96      0x988 hal/src/hal_io.o
 .debug_line    0x0000451e      0xae9 hal/src/hal_spi_m_sync.o
 .debug_line    0x00005007      0xb1d hal/src/hal_timer.o
 .debug_line    0x00005b24      0x93e hal/utils/src/utils_assert.o
 .debug_line    0x00006462      0x9d2 hal/utils/src/utils_list.o
 .debug_line    0x00006e34      0xb0e hpl/core/hpl_core_m0plus_base.o
 .debug_line    0x00007942      0xa1e hpl/core/hpl_init.o
 .debug_line    0x00008360      0x998 hpl/gclk/hpl_gclk.o
 .debug_line    0x00008cf8      0x9e4 hpl/pm/hpl_pm.o
 .debug_line    0x000096dc      0xb63 hpl/rtc/hpl_rtc.o
 .debug_line    0x0000a23f     0x2816 hpl/sercom/hpl_sercom.o
 .debug_line    0x0000ca55      0x9d1 hpl/sysctrl/hpl_sysctrl.o
 .debug_line    0x0000d426      0xcfa main.o

.debug_str      0x00000000    0x7e263
 .debug_str     0x00000000    0x72ddf atmel_start.o
                              0x7328d (size before relaxing)
 .debug_str     0x00072ddf     0x10f7 Device_Startup/startup_samd21.o
                              0x6a9cf (size before relaxing)
 .debug_str     0x00073ed6     0x16c9 driver_init.o
                              0x757ae (size before relaxing)
 .debug_str     0x0007559f       0xa3 hal/src/hal_atomic.o
                              0x724ab (size before relaxing)
 .debug_str     0x00075642       0x9b hal/src/hal_delay.o
                              0x72515 (size before relaxing)
 .debug_str     0x000756dd      0x177 hal/src/hal_i2c_m_sync.o
                              0x72dae (size before relaxing)
 .debug_str     0x00075854       0x2c hal/src/hal_io.o
                              0x72558 (size before relaxing)
 .debug_str     0x00075880      0x2b1 hal/src/hal_spi_m_sync.o
                              0x72e45 (size before relaxing)
 .debug_str     0x00075b31      0x2d1 hal/src/hal_timer.o
                              0x72dea (size before relaxing)
 .debug_str     0x00075e02       0x2f hal/utils/src/utils_assert.o
                              0x724bb (size before relaxing)
 .debug_str     0x00075e31       0x31 hal/utils/src/utils_list.o
                              0x72565 (size before relaxing)
 .debug_str     0x00075e62      0x2dd hpl/core/hpl_core_m0plus_base.o
                              0x72f94 (size before relaxing)
 .debug_str     0x0007613f     0x17d7 hpl/core/hpl_init.o
                              0x74104 (size before relaxing)
 .debug_str     0x00077916      0x84a hpl/gclk/hpl_gclk.o
                              0x72dd3 (size before relaxing)
 .debug_str     0x00078160      0x194 hpl/pm/hpl_pm.o
                              0x72c80 (size before relaxing)
 .debug_str     0x000782f4      0x35f hpl/rtc/hpl_rtc.o
                              0x72fc1 (size before relaxing)
 .debug_str     0x00078653     0x4894 hpl/sercom/hpl_sercom.o
                              0x78300 (size before relaxing)
 .debug_str     0x0007cee7     0x11d2 hpl/sysctrl/hpl_sysctrl.o
                              0x7378a (size before relaxing)
 .debug_str     0x0007e0b9      0x1aa main.o
                              0x737ff (size before relaxing)

.debug_frame    0x00000000     0x18d0
 .debug_frame   0x00000000       0x28 atmel_start.o
 .debug_frame   0x00000028       0x40 Device_Startup/startup_samd21.o
 .debug_frame   0x00000068       0xb8 driver_init.o
 .debug_frame   0x00000120       0x40 hal/src/hal_atomic.o
 .debug_frame   0x00000160       0x68 hal/src/hal_delay.o
 .debug_frame   0x000001c8      0x164 hal/src/hal_i2c_m_sync.o
 .debug_frame   0x0000032c       0x58 hal/src/hal_io.o
 .debug_frame   0x00000384      0x188 hal/src/hal_spi_m_sync.o
 .debug_frame   0x0000050c      0x14c hal/src/hal_timer.o
 .debug_frame   0x00000658       0x20 hal/utils/src/utils_assert.o
 .debug_frame   0x00000678       0x88 hal/utils/src/utils_list.o
 .debug_frame   0x00000700       0xfc hpl/core/hpl_core_m0plus_base.o
 .debug_frame   0x000007fc       0x28 hpl/core/hpl_init.o
 .debug_frame   0x00000824       0x30 hpl/gclk/hpl_gclk.o
 .debug_frame   0x00000854       0x40 hpl/pm/hpl_pm.o
 .debug_frame   0x00000894       0xdc hpl/rtc/hpl_rtc.o
 .debug_frame   0x00000970      0xde4 hpl/sercom/hpl_sercom.o
 .debug_frame   0x00001754       0x30 hpl/sysctrl/hpl_sysctrl.o
 .debug_frame   0x00001784      0x100 main.o
 .debug_frame   0x00001884       0x20 c:/program files (x86)/atmel/studio/7.0/toolchain/arm/arm-gnu-toolchain/bin/../lib/gcc/arm-none-eabi/6.3.1/thumb/v6-m\libgcc.a(_udivsi3.o)
 .debug_frame   0x000018a4       0x2c c:/program files (x86)/atmel/studio/7.0/toolchain/arm/arm-gnu-toolchain/bin/../lib/gcc/arm-none-eabi/6.3.1/../../../../arm-none-eabi/lib/thumb/v6-m\libc_nano.a(lib_a-init.o)
