Archive member included to satisfy reference by file (symbol)

C:\Users\Aaron\DOCUME~1\GitHub\AMPED_UP\Hardware\Cortex\C\AMPED-~1\AMPED-~1\AMPED-~1\libCortexCommunicationExample.a(MainBoardMessager.o)
                              main.o (begin)
C:\Users\Aaron\DOCUME~1\GitHub\AMPED_UP\Hardware\Cortex\C\AMPED-~1\AMPED-~1\AMPED-~1\libCortexCommunicationExample.a(SercomInterrupts.o)
                              C:\Users\Aaron\DOCUME~1\GitHub\AMPED_UP\Hardware\Cortex\C\AMPED-~1\AMPED-~1\AMPED-~1\libCortexCommunicationExample.a(MainBoardMessager.o) (SercomInterruptsForgetMeNot())
c:/program files (x86)/atmel/studio/7.0/toolchain/arm/arm-gnu-toolchain/bin/../lib/gcc/arm-none-eabi/6.3.1/thumb/v6-m\libgcc.a(_udivsi3.o)
                              C:\Users\Aaron\DOCUME~1\GitHub\AMPED_UP\Hardware\Cortex\C\AMPED-~1\AMPED-~1\AMPED-~1\libCortexCommunicationExample.a(MainBoardMessager.o) (__aeabi_uidivmod)
c:/program files (x86)/atmel/studio/7.0/toolchain/arm/arm-gnu-toolchain/bin/../lib/gcc/arm-none-eabi/6.3.1/thumb/v6-m\libgcc.a(_dvmd_tls.o)
                              c:/program files (x86)/atmel/studio/7.0/toolchain/arm/arm-gnu-toolchain/bin/../lib/gcc/arm-none-eabi/6.3.1/thumb/v6-m\libgcc.a(_udivsi3.o) (__aeabi_idiv0)
c:/program files (x86)/atmel/studio/7.0/toolchain/arm/arm-gnu-toolchain/bin/../lib/gcc/arm-none-eabi/6.3.1/thumb/v6-m\libgcc.a(_arm_cmpsf2.o)
                              C:\Users\Aaron\DOCUME~1\GitHub\AMPED_UP\Hardware\Cortex\C\AMPED-~1\AMPED-~1\AMPED-~1\libCortexCommunicationExample.a(MainBoardMessager.o) (__aeabi_fcmple)
c:/program files (x86)/atmel/studio/7.0/toolchain/arm/arm-gnu-toolchain/bin/../lib/gcc/arm-none-eabi/6.3.1/thumb/v6-m\libgcc.a(_fixunssfsi.o)
                              C:\Users\Aaron\DOCUME~1\GitHub\AMPED_UP\Hardware\Cortex\C\AMPED-~1\AMPED-~1\AMPED-~1\libCortexCommunicationExample.a(MainBoardMessager.o) (__aeabi_f2uiz)
c:/program files (x86)/atmel/studio/7.0/toolchain/arm/arm-gnu-toolchain/bin/../lib/gcc/arm-none-eabi/6.3.1/thumb/v6-m\libgcc.a(eqsf2.o)
                              c:/program files (x86)/atmel/studio/7.0/toolchain/arm/arm-gnu-toolchain/bin/../lib/gcc/arm-none-eabi/6.3.1/thumb/v6-m\libgcc.a(_arm_cmpsf2.o) (__eqsf2)
c:/program files (x86)/atmel/studio/7.0/toolchain/arm/arm-gnu-toolchain/bin/../lib/gcc/arm-none-eabi/6.3.1/thumb/v6-m\libgcc.a(gesf2.o)
                              c:/program files (x86)/atmel/studio/7.0/toolchain/arm/arm-gnu-toolchain/bin/../lib/gcc/arm-none-eabi/6.3.1/thumb/v6-m\libgcc.a(_arm_cmpsf2.o) (__gesf2)
c:/program files (x86)/atmel/studio/7.0/toolchain/arm/arm-gnu-toolchain/bin/../lib/gcc/arm-none-eabi/6.3.1/thumb/v6-m\libgcc.a(lesf2.o)
                              c:/program files (x86)/atmel/studio/7.0/toolchain/arm/arm-gnu-toolchain/bin/../lib/gcc/arm-none-eabi/6.3.1/thumb/v6-m\libgcc.a(_arm_cmpsf2.o) (__lesf2)
c:/program files (x86)/atmel/studio/7.0/toolchain/arm/arm-gnu-toolchain/bin/../lib/gcc/arm-none-eabi/6.3.1/thumb/v6-m\libgcc.a(mulsf3.o)
                              main.o (__aeabi_fmul)
c:/program files (x86)/atmel/studio/7.0/toolchain/arm/arm-gnu-toolchain/bin/../lib/gcc/arm-none-eabi/6.3.1/thumb/v6-m\libgcc.a(subsf3.o)
                              c:/program files (x86)/atmel/studio/7.0/toolchain/arm/arm-gnu-toolchain/bin/../lib/gcc/arm-none-eabi/6.3.1/thumb/v6-m\libgcc.a(_fixunssfsi.o) (__aeabi_fsub)
c:/program files (x86)/atmel/studio/7.0/toolchain/arm/arm-gnu-toolchain/bin/../lib/gcc/arm-none-eabi/6.3.1/thumb/v6-m\libgcc.a(fixsfsi.o)
                              main.o (__aeabi_f2iz)
c:/program files (x86)/atmel/studio/7.0/toolchain/arm/arm-gnu-toolchain/bin/../lib/gcc/arm-none-eabi/6.3.1/thumb/v6-m\libgcc.a(floatsisf.o)
                              main.o (__aeabi_i2f)
c:/program files (x86)/atmel/studio/7.0/toolchain/arm/arm-gnu-toolchain/bin/../lib/gcc/arm-none-eabi/6.3.1/thumb/v6-m\libgcc.a(floatunsisf.o)
                              C:\Users\Aaron\DOCUME~1\GitHub\AMPED_UP\Hardware\Cortex\C\AMPED-~1\AMPED-~1\AMPED-~1\libCortexCommunicationExample.a(MainBoardMessager.o) (__aeabi_ui2f)
c:/program files (x86)/atmel/studio/7.0/toolchain/arm/arm-gnu-toolchain/bin/../lib/gcc/arm-none-eabi/6.3.1/thumb/v6-m\libgcc.a(_clzsi2.o)
                              c:/program files (x86)/atmel/studio/7.0/toolchain/arm/arm-gnu-toolchain/bin/../lib/gcc/arm-none-eabi/6.3.1/thumb/v6-m\libgcc.a(mulsf3.o) (__clzsi2)
c:/program files (x86)/atmel/studio/7.0/toolchain/arm/arm-gnu-toolchain/bin/../lib/gcc/arm-none-eabi/6.3.1/../../../../arm-none-eabi/lib/thumb/v6-m\libc.a(lib_a-exit.o)
                              c:/program files (x86)/atmel/studio/7.0/toolchain/arm/arm-gnu-toolchain/bin/../lib/gcc/arm-none-eabi/6.3.1/../../../../arm-none-eabi/lib/thumb/v6-m/crt0.o (exit)
c:/program files (x86)/atmel/studio/7.0/toolchain/arm/arm-gnu-toolchain/bin/../lib/gcc/arm-none-eabi/6.3.1/../../../../arm-none-eabi/lib/thumb/v6-m\libc.a(lib_a-impure.o)
                              c:/program files (x86)/atmel/studio/7.0/toolchain/arm/arm-gnu-toolchain/bin/../lib/gcc/arm-none-eabi/6.3.1/../../../../arm-none-eabi/lib/thumb/v6-m\libc.a(lib_a-exit.o) (_global_impure_ptr)
c:/program files (x86)/atmel/studio/7.0/toolchain/arm/arm-gnu-toolchain/bin/../lib/gcc/arm-none-eabi/6.3.1/../../../../arm-none-eabi/lib/thumb/v6-m\libc.a(lib_a-init.o)
                              c:/program files (x86)/atmel/studio/7.0/toolchain/arm/arm-gnu-toolchain/bin/../lib/gcc/arm-none-eabi/6.3.1/../../../../arm-none-eabi/lib/thumb/v6-m/crt0.o (__libc_init_array)
c:/program files (x86)/atmel/studio/7.0/toolchain/arm/arm-gnu-toolchain/bin/../lib/gcc/arm-none-eabi/6.3.1/../../../../arm-none-eabi/lib/thumb/v6-m\libc.a(lib_a-memcpy-stub.o)
                              C:\Users\Aaron\DOCUME~1\GitHub\AMPED_UP\Hardware\Cortex\C\AMPED-~1\AMPED-~1\AMPED-~1\libCortexCommunicationExample.a(MainBoardMessager.o) (memcpy)
c:/program files (x86)/atmel/studio/7.0/toolchain/arm/arm-gnu-toolchain/bin/../lib/gcc/arm-none-eabi/6.3.1/../../../../arm-none-eabi/lib/thumb/v6-m\libc.a(lib_a-memset.o)
                              c:/program files (x86)/atmel/studio/7.0/toolchain/arm/arm-gnu-toolchain/bin/../lib/gcc/arm-none-eabi/6.3.1/../../../../arm-none-eabi/lib/thumb/v6-m/crt0.o (memset)
c:/program files (x86)/atmel/studio/7.0/toolchain/arm/arm-gnu-toolchain/bin/../lib/gcc/arm-none-eabi/6.3.1/../../../../arm-none-eabi/lib/thumb/v6-m\libc.a(lib_a-__call_atexit.o)
                              c:/program files (x86)/atmel/studio/7.0/toolchain/arm/arm-gnu-toolchain/bin/../lib/gcc/arm-none-eabi/6.3.1/../../../../arm-none-eabi/lib/thumb/v6-m\libc.a(lib_a-exit.o) (__call_exitprocs)
c:/program files (x86)/atmel/studio/7.0/toolchain/arm/arm-gnu-toolchain/bin/../lib/gcc/arm-none-eabi/6.3.1/../../../../arm-none-eabi/lib/thumb/v6-m\libc.a(lib_a-atexit.o)
                              c:/program files (x86)/atmel/studio/7.0/toolchain/arm/arm-gnu-toolchain/bin/../lib/gcc/arm-none-eabi/6.3.1/../../../../arm-none-eabi/lib/thumb/v6-m\libc.a(lib_a-__call_atexit.o) (atexit)
c:/program files (x86)/atmel/studio/7.0/toolchain/arm/arm-gnu-toolchain/bin/../lib/gcc/arm-none-eabi/6.3.1/../../../../arm-none-eabi/lib/thumb/v6-m\libc.a(lib_a-fini.o)
                              c:/program files (x86)/atmel/studio/7.0/toolchain/arm/arm-gnu-toolchain/bin/../lib/gcc/arm-none-eabi/6.3.1/../../../../arm-none-eabi/lib/thumb/v6-m\libc.a(lib_a-__call_atexit.o) (__libc_fini_array)
c:/program files (x86)/atmel/studio/7.0/toolchain/arm/arm-gnu-toolchain/bin/../lib/gcc/arm-none-eabi/6.3.1/../../../../arm-none-eabi/lib/thumb/v6-m\libc.a(lib_a-lock.o)
                              c:/program files (x86)/atmel/studio/7.0/toolchain/arm/arm-gnu-toolchain/bin/../lib/gcc/arm-none-eabi/6.3.1/../../../../arm-none-eabi/lib/thumb/v6-m\libc.a(lib_a-__call_atexit.o) (__retarget_lock_acquire_recursive)
c:/program files (x86)/atmel/studio/7.0/toolchain/arm/arm-gnu-toolchain/bin/../lib/gcc/arm-none-eabi/6.3.1/../../../../arm-none-eabi/lib/thumb/v6-m\libc.a(lib_a-__atexit.o)
                              c:/program files (x86)/atmel/studio/7.0/toolchain/arm/arm-gnu-toolchain/bin/../lib/gcc/arm-none-eabi/6.3.1/../../../../arm-none-eabi/lib/thumb/v6-m\libc.a(lib_a-atexit.o) (__register_exitproc)

Allocating common symbols
Common symbol       size              file

PA18                0x14              main.o
PA31                0x14              main.o
__lock___atexit_recursive_mutex
                    0x1               c:/program files (x86)/atmel/studio/7.0/toolchain/arm/arm-gnu-toolchain/bin/../lib/gcc/arm-none-eabi/6.3.1/../../../../arm-none-eabi/lib/thumb/v6-m\libc.a(lib_a-lock.o)
PA04                0x14              main.o
PA16                0x14              main.o
steps2              0x4               main.o
__lock___arc4random_mutex
                    0x1               c:/program files (x86)/atmel/studio/7.0/toolchain/arm/arm-gnu-toolchain/bin/../lib/gcc/arm-none-eabi/6.3.1/../../../../arm-none-eabi/lib/thumb/v6-m\libc.a(lib_a-lock.o)
in                  0x4               main.o
dip0                0x1               main.o
PA28                0x14              main.o
PA01                0x14              main.o
PA00                0x14              main.o
floorcount          0x2               main.o
currentDirection    0x1               main.o
PA10                0x14              main.o
prev3               0x1               main.o
PA22                0x14              main.o
PA14                0x14              main.o
__lock___env_recursive_mutex
                    0x1               c:/program files (x86)/atmel/studio/7.0/toolchain/arm/arm-gnu-toolchain/bin/../lib/gcc/arm-none-eabi/6.3.1/../../../../arm-none-eabi/lib/thumb/v6-m\libc.a(lib_a-lock.o)
__lock___sinit_recursive_mutex
                    0x1               c:/program files (x86)/atmel/studio/7.0/toolchain/arm/arm-gnu-toolchain/bin/../lib/gcc/arm-none-eabi/6.3.1/../../../../arm-none-eabi/lib/thumb/v6-m\libc.a(lib_a-lock.o)
dip2                0x1               main.o
PA19                0x14              main.o
PA17                0x14              main.o
__lock___malloc_recursive_mutex
                    0x1               c:/program files (x86)/atmel/studio/7.0/toolchain/arm/arm-gnu-toolchain/bin/../lib/gcc/arm-none-eabi/6.3.1/../../../../arm-none-eabi/lib/thumb/v6-m\libc.a(lib_a-lock.o)
direction           0x1               main.o
steps1              0x4               main.o
PA25                0x14              main.o
PA02                0x14              main.o
PA05                0x14              main.o
PA11                0x14              main.o
prevcount           0x2               main.o
countdelta          0x4               main.o
PA29                0x14              main.o
PA07                0x14              main.o
PA15                0x14              main.o
identifier          0x1               main.o
PA23                0x14              main.o
prevDirection       0x1               main.o
encTot              0x4               main.o
PA30                0x14              main.o
PA03                0x14              main.o
dip1                0x1               main.o
PA27                0x14              main.o
PA06                0x14              main.o
__lock___at_quick_exit_mutex
                    0x1               c:/program files (x86)/atmel/studio/7.0/toolchain/arm/arm-gnu-toolchain/bin/../lib/gcc/arm-none-eabi/6.3.1/../../../../arm-none-eabi/lib/thumb/v6-m\libc.a(lib_a-lock.o)
prev2               0x1               main.o
port                0x1               main.o
__lock___dd_hash_mutex
                    0x1               c:/program files (x86)/atmel/studio/7.0/toolchain/arm/arm-gnu-toolchain/bin/../lib/gcc/arm-none-eabi/6.3.1/../../../../arm-none-eabi/lib/thumb/v6-m\libc.a(lib_a-lock.o)
__lock___tz_mutex   0x1               c:/program files (x86)/atmel/studio/7.0/toolchain/arm/arm-gnu-toolchain/bin/../lib/gcc/arm-none-eabi/6.3.1/../../../../arm-none-eabi/lib/thumb/v6-m\libc.a(lib_a-lock.o)
PA09                0x14              main.o
PA08                0x14              main.o
__lock___sfp_recursive_mutex
                    0x1               c:/program files (x86)/atmel/studio/7.0/toolchain/arm/arm-gnu-toolchain/bin/../lib/gcc/arm-none-eabi/6.3.1/../../../../arm-none-eabi/lib/thumb/v6-m\libc.a(lib_a-lock.o)
PA24                0x14              main.o

Discarded input sections

 .text          0x00000000        0x0 c:/program files (x86)/atmel/studio/7.0/toolchain/arm/arm-gnu-toolchain/bin/../lib/gcc/arm-none-eabi/6.3.1/thumb/v6-m/crti.o
 .data          0x00000000        0x0 c:/program files (x86)/atmel/studio/7.0/toolchain/arm/arm-gnu-toolchain/bin/../lib/gcc/arm-none-eabi/6.3.1/thumb/v6-m/crti.o
 .bss           0x00000000        0x0 c:/program files (x86)/atmel/studio/7.0/toolchain/arm/arm-gnu-toolchain/bin/../lib/gcc/arm-none-eabi/6.3.1/thumb/v6-m/crti.o
 .data          0x00000000        0x4 c:/program files (x86)/atmel/studio/7.0/toolchain/arm/arm-gnu-toolchain/bin/../lib/gcc/arm-none-eabi/6.3.1/thumb/v6-m/crtbegin.o
 .text          0x00000000       0x78 c:/program files (x86)/atmel/studio/7.0/toolchain/arm/arm-gnu-toolchain/bin/../lib/gcc/arm-none-eabi/6.3.1/../../../../arm-none-eabi/lib/thumb/v6-m/crt0.o
 .data          0x00000000        0x0 c:/program files (x86)/atmel/studio/7.0/toolchain/arm/arm-gnu-toolchain/bin/../lib/gcc/arm-none-eabi/6.3.1/../../../../arm-none-eabi/lib/thumb/v6-m/crt0.o
 .bss           0x00000000        0x0 c:/program files (x86)/atmel/studio/7.0/toolchain/arm/arm-gnu-toolchain/bin/../lib/gcc/arm-none-eabi/6.3.1/../../../../arm-none-eabi/lib/thumb/v6-m/crt0.o
 .ARM.extab     0x00000000        0x0 c:/program files (x86)/atmel/studio/7.0/toolchain/arm/arm-gnu-toolchain/bin/../lib/gcc/arm-none-eabi/6.3.1/../../../../arm-none-eabi/lib/thumb/v6-m/crt0.o
 .ARM.exidx     0x00000000        0x8 c:/program files (x86)/atmel/studio/7.0/toolchain/arm/arm-gnu-toolchain/bin/../lib/gcc/arm-none-eabi/6.3.1/../../../../arm-none-eabi/lib/thumb/v6-m/crt0.o
 .ARM.attributes
                0x00000000       0x1b c:/program files (x86)/atmel/studio/7.0/toolchain/arm/arm-gnu-toolchain/bin/../lib/gcc/arm-none-eabi/6.3.1/../../../../arm-none-eabi/lib/thumb/v6-m/crt0.o
 .group         0x00000000        0x8 Device_Startup/startup_samd21.o
 .group         0x00000000        0x8 Device_Startup/startup_samd21.o
 .group         0x00000000        0x8 Device_Startup/startup_samd21.o
 .group         0x00000000        0x8 Device_Startup/startup_samd21.o
 .group         0x00000000        0x8 Device_Startup/startup_samd21.o
 .group         0x00000000        0x8 Device_Startup/startup_samd21.o
 .group         0x00000000        0x8 Device_Startup/startup_samd21.o
 .group         0x00000000        0x8 Device_Startup/startup_samd21.o
 .group         0x00000000        0x8 Device_Startup/startup_samd21.o
 .group         0x00000000        0x8 Device_Startup/startup_samd21.o
 .group         0x00000000        0x8 Device_Startup/startup_samd21.o
 .group         0x00000000        0x8 Device_Startup/startup_samd21.o
 .group         0x00000000        0x8 Device_Startup/startup_samd21.o
 .group         0x00000000        0x8 Device_Startup/startup_samd21.o
 .group         0x00000000        0x8 Device_Startup/startup_samd21.o
 .group         0x00000000        0x8 Device_Startup/startup_samd21.o
 .group         0x00000000        0x8 Device_Startup/startup_samd21.o
 .group         0x00000000        0x8 Device_Startup/startup_samd21.o
 .group         0x00000000        0x8 Device_Startup/startup_samd21.o
 .group         0x00000000        0x8 Device_Startup/startup_samd21.o
 .group         0x00000000        0x8 Device_Startup/startup_samd21.o
 .group         0x00000000        0x8 Device_Startup/startup_samd21.o
 .group         0x00000000        0x8 Device_Startup/startup_samd21.o
 .group         0x00000000        0x8 Device_Startup/startup_samd21.o
 .group         0x00000000        0x8 Device_Startup/startup_samd21.o
 .group         0x00000000        0x8 Device_Startup/startup_samd21.o
 .group         0x00000000        0x8 Device_Startup/startup_samd21.o
 .group         0x00000000        0x8 Device_Startup/startup_samd21.o
 .group         0x00000000        0x8 Device_Startup/startup_samd21.o
 .group         0x00000000        0x8 Device_Startup/startup_samd21.o
 .group         0x00000000        0x8 Device_Startup/startup_samd21.o
 .group         0x00000000        0x8 Device_Startup/startup_samd21.o
 .group         0x00000000        0x8 Device_Startup/startup_samd21.o
 .group         0x00000000        0x8 Device_Startup/startup_samd21.o
 .group         0x00000000        0x8 Device_Startup/startup_samd21.o
 .group         0x00000000        0x8 Device_Startup/startup_samd21.o
 .group         0x00000000        0x8 Device_Startup/startup_samd21.o
 .group         0x00000000        0x8 Device_Startup/startup_samd21.o
 .group         0x00000000        0x8 Device_Startup/startup_samd21.o
 .group         0x00000000        0x8 Device_Startup/startup_samd21.o
 .group         0x00000000        0x8 Device_Startup/startup_samd21.o
 .group         0x00000000        0x8 Device_Startup/startup_samd21.o
 .group         0x00000000        0x8 Device_Startup/startup_samd21.o
 .group         0x00000000        0x8 Device_Startup/startup_samd21.o
 .group         0x00000000        0x8 Device_Startup/startup_samd21.o
 .group         0x00000000        0x8 Device_Startup/startup_samd21.o
 .group         0x00000000        0x8 Device_Startup/startup_samd21.o
 .group         0x00000000        0x8 Device_Startup/startup_samd21.o
 .group         0x00000000        0x8 Device_Startup/startup_samd21.o
 .group         0x00000000        0x8 Device_Startup/startup_samd21.o
 .group         0x00000000        0x8 Device_Startup/startup_samd21.o
 .group         0x00000000        0x8 Device_Startup/startup_samd21.o
 .group         0x00000000        0x8 Device_Startup/startup_samd21.o
 .group         0x00000000        0x8 Device_Startup/startup_samd21.o
 .group         0x00000000        0x8 Device_Startup/startup_samd21.o
 .group         0x00000000        0x8 Device_Startup/startup_samd21.o
 .group         0x00000000        0x8 Device_Startup/startup_samd21.o
 .group         0x00000000        0x8 Device_Startup/startup_samd21.o
 .group         0x00000000        0x8 Device_Startup/startup_samd21.o
 .group         0x00000000        0x8 Device_Startup/startup_samd21.o
 .group         0x00000000        0x8 Device_Startup/startup_samd21.o
 .group         0x00000000        0x8 Device_Startup/startup_samd21.o
 .group         0x00000000        0x8 Device_Startup/startup_samd21.o
 .group         0x00000000        0x8 Device_Startup/startup_samd21.o
 .group         0x00000000        0x8 Device_Startup/startup_samd21.o
 .group         0x00000000        0x8 Device_Startup/startup_samd21.o
 .group         0x00000000        0x8 Device_Startup/startup_samd21.o
 .group         0x00000000        0x8 Device_Startup/startup_samd21.o
 .group         0x00000000        0x8 Device_Startup/startup_samd21.o
 .text          0x00000000        0x0 Device_Startup/startup_samd21.o
 .data          0x00000000        0x0 Device_Startup/startup_samd21.o
 .bss           0x00000000        0x0 Device_Startup/startup_samd21.o
 .group         0x00000000        0x8 Device_Startup/system_samd21.o
 .group         0x00000000        0x8 Device_Startup/system_samd21.o
 .group         0x00000000        0x8 Device_Startup/system_samd21.o
 .group         0x00000000        0x8 Device_Startup/system_samd21.o
 .group         0x00000000        0x8 Device_Startup/system_samd21.o
 .group         0x00000000        0x8 Device_Startup/system_samd21.o
 .group         0x00000000        0x8 Device_Startup/system_samd21.o
 .group         0x00000000        0x8 Device_Startup/system_samd21.o
 .group         0x00000000        0x8 Device_Startup/system_samd21.o
 .group         0x00000000        0x8 Device_Startup/system_samd21.o
 .group         0x00000000        0x8 Device_Startup/system_samd21.o
 .group         0x00000000        0x8 Device_Startup/system_samd21.o
 .group         0x00000000        0x8 Device_Startup/system_samd21.o
 .group         0x00000000        0x8 Device_Startup/system_samd21.o
 .group         0x00000000        0x8 Device_Startup/system_samd21.o
 .group         0x00000000        0x8 Device_Startup/system_samd21.o
 .group         0x00000000        0x8 Device_Startup/system_samd21.o
 .group         0x00000000        0x8 Device_Startup/system_samd21.o
 .group         0x00000000        0x8 Device_Startup/system_samd21.o
 .group         0x00000000        0x8 Device_Startup/system_samd21.o
 .group         0x00000000        0x8 Device_Startup/system_samd21.o
 .group         0x00000000        0x8 Device_Startup/system_samd21.o
 .group         0x00000000        0x8 Device_Startup/system_samd21.o
 .group         0x00000000        0x8 Device_Startup/system_samd21.o
 .group         0x00000000        0x8 Device_Startup/system_samd21.o
 .group         0x00000000        0x8 Device_Startup/system_samd21.o
 .group         0x00000000        0x8 Device_Startup/system_samd21.o
 .group         0x00000000        0x8 Device_Startup/system_samd21.o
 .group         0x00000000        0x8 Device_Startup/system_samd21.o
 .group         0x00000000        0x8 Device_Startup/system_samd21.o
 .group         0x00000000        0x8 Device_Startup/system_samd21.o
 .group         0x00000000        0x8 Device_Startup/system_samd21.o
 .group         0x00000000        0x8 Device_Startup/system_samd21.o
 .group         0x00000000        0x8 Device_Startup/system_samd21.o
 .group         0x00000000        0x8 Device_Startup/system_samd21.o
 .group         0x00000000        0x8 Device_Startup/system_samd21.o
 .group         0x00000000        0x8 Device_Startup/system_samd21.o
 .group         0x00000000        0x8 Device_Startup/system_samd21.o
 .group         0x00000000        0x8 Device_Startup/system_samd21.o
 .group         0x00000000        0x8 Device_Startup/system_samd21.o
 .group         0x00000000        0x8 Device_Startup/system_samd21.o
 .group         0x00000000        0x8 Device_Startup/system_samd21.o
 .group         0x00000000        0x8 Device_Startup/system_samd21.o
 .group         0x00000000        0x8 Device_Startup/system_samd21.o
 .group         0x00000000        0x8 Device_Startup/system_samd21.o
 .group         0x00000000        0x8 Device_Startup/system_samd21.o
 .group         0x00000000        0x8 Device_Startup/system_samd21.o
 .group         0x00000000        0x8 Device_Startup/system_samd21.o
 .group         0x00000000        0x8 Device_Startup/system_samd21.o
 .group         0x00000000        0x8 Device_Startup/system_samd21.o
 .group         0x00000000        0x8 Device_Startup/system_samd21.o
 .group         0x00000000        0x8 Device_Startup/system_samd21.o
 .group         0x00000000        0x8 Device_Startup/system_samd21.o
 .group         0x00000000        0x8 Device_Startup/system_samd21.o
 .group         0x00000000        0x8 Device_Startup/system_samd21.o
 .group         0x00000000        0x8 Device_Startup/system_samd21.o
 .group         0x00000000        0x8 Device_Startup/system_samd21.o
 .group         0x00000000        0x8 Device_Startup/system_samd21.o
 .group         0x00000000        0x8 Device_Startup/system_samd21.o
 .group         0x00000000        0x8 Device_Startup/system_samd21.o
 .group         0x00000000        0x8 Device_Startup/system_samd21.o
 .group         0x00000000        0x8 Device_Startup/system_samd21.o
 .group         0x00000000        0x8 Device_Startup/system_samd21.o
 .group         0x00000000        0x8 Device_Startup/system_samd21.o
 .group         0x00000000        0x8 Device_Startup/system_samd21.o
 .group         0x00000000        0x8 Device_Startup/system_samd21.o
 .group         0x00000000        0x8 Device_Startup/system_samd21.o
 .group         0x00000000        0x8 Device_Startup/system_samd21.o
 .group         0x00000000        0x8 Device_Startup/system_samd21.o
 .text          0x00000000        0x0 Device_Startup/system_samd21.o
 .data          0x00000000        0x4 Device_Startup/system_samd21.o
 .bss           0x00000000        0x0 Device_Startup/system_samd21.o
 .text.SystemInit
                0x00000000       0x10 Device_Startup/system_samd21.o
 .text.SystemCoreClockUpdate
                0x00000000       0x10 Device_Startup/system_samd21.o
 .debug_info    0x00000000       0xd5 Device_Startup/system_samd21.o
 .debug_abbrev  0x00000000       0x72 Device_Startup/system_samd21.o
 .debug_aranges
                0x00000000       0x28 Device_Startup/system_samd21.o
 .debug_ranges  0x00000000       0x18 Device_Startup/system_samd21.o
 .debug_macro   0x00000000      0x2ee Device_Startup/system_samd21.o
 .debug_macro   0x00000000      0x89e Device_Startup/system_samd21.o
 .debug_macro   0x00000000       0x22 Device_Startup/system_samd21.o
 .debug_macro   0x00000000       0x87 Device_Startup/system_samd21.o
 .debug_macro   0x00000000       0x51 Device_Startup/system_samd21.o
 .debug_macro   0x00000000       0xef Device_Startup/system_samd21.o
 .debug_macro   0x00000000       0x6a Device_Startup/system_samd21.o
 .debug_macro   0x00000000      0x1df Device_Startup/system_samd21.o
 .debug_macro   0x00000000       0x39 Device_Startup/system_samd21.o
 .debug_macro   0x00000000       0x1c Device_Startup/system_samd21.o
 .debug_macro   0x00000000       0x22 Device_Startup/system_samd21.o
 .debug_macro   0x00000000       0xb5 Device_Startup/system_samd21.o
 .debug_macro   0x00000000      0x3ad Device_Startup/system_samd21.o
 .debug_macro   0x00000000      0x67e Device_Startup/system_samd21.o
 .debug_macro   0x00000000      0x8b1 Device_Startup/system_samd21.o
 .debug_macro   0x00000000      0x22e Device_Startup/system_samd21.o
 .debug_macro   0x00000000      0xd5c Device_Startup/system_samd21.o
 .debug_macro   0x00000000      0x4dc Device_Startup/system_samd21.o
 .debug_macro   0x00000000      0x9f6 Device_Startup/system_samd21.o
 .debug_macro   0x00000000      0x82b Device_Startup/system_samd21.o
 .debug_macro   0x00000000      0x45f Device_Startup/system_samd21.o
 .debug_macro   0x00000000       0x5e Device_Startup/system_samd21.o
 .debug_macro   0x00000000      0x8f9 Device_Startup/system_samd21.o
 .debug_macro   0x00000000      0x21c Device_Startup/system_samd21.o
 .debug_macro   0x00000000      0x7eb Device_Startup/system_samd21.o
 .debug_macro   0x00000000       0x5e Device_Startup/system_samd21.o
 .debug_macro   0x00000000      0x663 Device_Startup/system_samd21.o
 .debug_macro   0x00000000      0x3ac Device_Startup/system_samd21.o
 .debug_macro   0x00000000      0xc76 Device_Startup/system_samd21.o
 .debug_macro   0x00000000     0x1092 Device_Startup/system_samd21.o
 .debug_macro   0x00000000      0xc4a Device_Startup/system_samd21.o
 .debug_macro   0x00000000      0x6ba Device_Startup/system_samd21.o
 .debug_macro   0x00000000     0x1b3d Device_Startup/system_samd21.o
 .debug_macro   0x00000000     0x143c Device_Startup/system_samd21.o
 .debug_macro   0x00000000      0x340 Device_Startup/system_samd21.o
 .debug_macro   0x00000000       0x7c Device_Startup/system_samd21.o
 .debug_macro   0x00000000       0xa0 Device_Startup/system_samd21.o
 .debug_macro   0x00000000       0x4c Device_Startup/system_samd21.o
 .debug_macro   0x00000000       0xca Device_Startup/system_samd21.o
 .debug_macro   0x00000000       0x94 Device_Startup/system_samd21.o
 .debug_macro   0x00000000       0x58 Device_Startup/system_samd21.o
 .debug_macro   0x00000000      0x364 Device_Startup/system_samd21.o
 .debug_macro   0x00000000       0x82 Device_Startup/system_samd21.o
 .debug_macro   0x00000000      0x189 Device_Startup/system_samd21.o
 .debug_macro   0x00000000       0xb8 Device_Startup/system_samd21.o
 .debug_macro   0x00000000       0xa0 Device_Startup/system_samd21.o
 .debug_macro   0x00000000       0xb8 Device_Startup/system_samd21.o
 .debug_macro   0x00000000       0x1c Device_Startup/system_samd21.o
 .debug_macro   0x00000000       0x1c Device_Startup/system_samd21.o
 .debug_macro   0x00000000       0x1c Device_Startup/system_samd21.o
 .debug_macro   0x00000000       0x82 Device_Startup/system_samd21.o
 .debug_macro   0x00000000      0x15a Device_Startup/system_samd21.o
 .debug_macro   0x00000000       0x10 Device_Startup/system_samd21.o
 .debug_macro   0x00000000       0xdc Device_Startup/system_samd21.o
 .debug_macro   0x00000000      0x124 Device_Startup/system_samd21.o
 .debug_macro   0x00000000      0x124 Device_Startup/system_samd21.o
 .debug_macro   0x00000000      0x124 Device_Startup/system_samd21.o
 .debug_macro   0x00000000      0x124 Device_Startup/system_samd21.o
 .debug_macro   0x00000000      0x124 Device_Startup/system_samd21.o
 .debug_macro   0x00000000       0xe2 Device_Startup/system_samd21.o
 .debug_macro   0x00000000       0xe2 Device_Startup/system_samd21.o
 .debug_macro   0x00000000       0xe2 Device_Startup/system_samd21.o
 .debug_macro   0x00000000      0x130 Device_Startup/system_samd21.o
 .debug_macro   0x00000000      0x106 Device_Startup/system_samd21.o
 .debug_macro   0x00000000       0xfa Device_Startup/system_samd21.o
 .debug_macro   0x00000000      0x40f Device_Startup/system_samd21.o
 .debug_macro   0x00000000       0x40 Device_Startup/system_samd21.o
 .debug_macro   0x00000000      0x361 Device_Startup/system_samd21.o
 .debug_macro   0x00000000     0x101b Device_Startup/system_samd21.o
 .debug_macro   0x00000000       0x7b Device_Startup/system_samd21.o
 .debug_line    0x00000000      0x6c8 Device_Startup/system_samd21.o
 .debug_str     0x00000000    0x698a1 Device_Startup/system_samd21.o
 .comment       0x00000000       0x5a Device_Startup/system_samd21.o
 .debug_frame   0x00000000       0x30 Device_Startup/system_samd21.o
 .ARM.attributes
                0x00000000       0x32 Device_Startup/system_samd21.o
 .group         0x00000000        0x8 main.o
 .group         0x00000000        0x8 main.o
 .group         0x00000000        0x8 main.o
 .group         0x00000000        0x8 main.o
 .group         0x00000000        0x8 main.o
 .group         0x00000000        0x8 main.o
 .group         0x00000000        0x8 main.o
 .group         0x00000000        0x8 main.o
 .group         0x00000000        0x8 main.o
 .group         0x00000000        0x8 main.o
 .group         0x00000000        0x8 main.o
 .group         0x00000000        0x8 main.o
 .group         0x00000000        0x8 main.o
 .group         0x00000000        0x8 main.o
 .group         0x00000000        0x8 main.o
 .group         0x00000000        0x8 main.o
 .group         0x00000000        0x8 main.o
 .group         0x00000000        0x8 main.o
 .group         0x00000000        0x8 main.o
 .group         0x00000000        0x8 main.o
 .group         0x00000000        0x8 main.o
 .group         0x00000000        0x8 main.o
 .group         0x00000000        0x8 main.o
 .group         0x00000000        0x8 main.o
 .group         0x00000000        0x8 main.o
 .group         0x00000000        0x8 main.o
 .group         0x00000000        0x8 main.o
 .group         0x00000000        0x8 main.o
 .group         0x00000000        0x8 main.o
 .group         0x00000000        0x8 main.o
 .group         0x00000000        0x8 main.o
 .group         0x00000000        0x8 main.o
 .group         0x00000000        0x8 main.o
 .group         0x00000000        0x8 main.o
 .group         0x00000000        0x8 main.o
 .group         0x00000000        0x8 main.o
 .group         0x00000000        0x8 main.o
 .group         0x00000000        0x8 main.o
 .group         0x00000000        0x8 main.o
 .group         0x00000000        0x8 main.o
 .group         0x00000000        0x8 main.o
 .group         0x00000000        0x8 main.o
 .group         0x00000000        0x8 main.o
 .group         0x00000000        0x8 main.o
 .group         0x00000000        0x8 main.o
 .group         0x00000000        0x8 main.o
 .group         0x00000000        0x8 main.o
 .group         0x00000000        0x8 main.o
 .group         0x00000000        0x8 main.o
 .group         0x00000000        0x8 main.o
 .group         0x00000000        0x8 main.o
 .group         0x00000000        0x8 main.o
 .group         0x00000000        0x8 main.o
 .group         0x00000000        0x8 main.o
 .group         0x00000000        0x8 main.o
 .group         0x00000000        0x8 main.o
 .group         0x00000000        0x8 main.o
 .group         0x00000000        0x8 main.o
 .group         0x00000000        0x8 main.o
 .group         0x00000000        0x8 main.o
 .group         0x00000000        0x8 main.o
 .group         0x00000000        0x8 main.o
 .group         0x00000000        0x8 main.o
 .group         0x00000000        0x8 main.o
 .group         0x00000000        0x8 main.o
 .group         0x00000000        0x8 main.o
 .group         0x00000000        0x8 main.o
 .group         0x00000000        0x8 main.o
 .group         0x00000000        0x8 main.o
 .group         0x00000000        0x8 main.o
 .group         0x00000000        0x8 main.o
 .group         0x00000000        0x8 main.o
 .group         0x00000000        0x8 main.o
 .group         0x00000000        0x8 main.o
 .group         0x00000000        0x8 main.o
 .group         0x00000000        0x8 main.o
 .group         0x00000000        0x8 main.o
 .group         0x00000000        0x8 main.o
 .group         0x00000000        0x8 main.o
 .group         0x00000000        0x8 main.o
 .group         0x00000000        0x8 main.o
 .group         0x00000000        0x8 main.o
 .group         0x00000000        0x8 main.o
 .text          0x00000000        0x0 main.o
 .text.spi_clock_init
                0x00000000       0x20 main.o
 .text.spi_master_init
                0x00000000       0xb4 main.o
 .text.spi_send_config
                0x00000000       0x8c main.o
 .text.spi_mode
                0x00000000       0xd0 main.o
 .rodata        0x00000000       0x2d main.o
 .debug_macro   0x00000000      0x89e main.o
 .debug_macro   0x00000000       0x22 main.o
 .debug_macro   0x00000000       0xef main.o
 .debug_macro   0x00000000       0x6a main.o
 .debug_macro   0x00000000      0x1df main.o
 .debug_macro   0x00000000       0x39 main.o
 .debug_macro   0x00000000       0x1c main.o
 .debug_macro   0x00000000       0x22 main.o
 .debug_macro   0x00000000      0x3ad main.o
 .debug_macro   0x00000000      0x67e main.o
 .debug_macro   0x00000000      0x8b1 main.o
 .debug_macro   0x00000000      0x22e main.o
 .debug_macro   0x00000000      0xd5c main.o
 .debug_macro   0x00000000      0x4dc main.o
 .debug_macro   0x00000000      0x9f6 main.o
 .debug_macro   0x00000000      0x82b main.o
 .debug_macro   0x00000000      0x45f main.o
 .debug_macro   0x00000000       0x5e main.o
 .debug_macro   0x00000000      0x8f9 main.o
 .debug_macro   0x00000000      0x21c main.o
 .debug_macro   0x00000000      0x7eb main.o
 .debug_macro   0x00000000       0x5e main.o
 .debug_macro   0x00000000      0x663 main.o
 .debug_macro   0x00000000      0x3ac main.o
 .debug_macro   0x00000000      0xc76 main.o
 .debug_macro   0x00000000     0x1092 main.o
 .debug_macro   0x00000000      0xc4a main.o
 .debug_macro   0x00000000      0x6ba main.o
 .debug_macro   0x00000000     0x1b3d main.o
 .debug_macro   0x00000000     0x143c main.o
 .debug_macro   0x00000000      0x340 main.o
 .debug_macro   0x00000000       0x7c main.o
 .debug_macro   0x00000000       0xa0 main.o
 .debug_macro   0x00000000       0x4c main.o
 .debug_macro   0x00000000       0xca main.o
 .debug_macro   0x00000000       0x94 main.o
 .debug_macro   0x00000000       0x58 main.o
 .debug_macro   0x00000000      0x364 main.o
 .debug_macro   0x00000000       0x82 main.o
 .debug_macro   0x00000000      0x189 main.o
 .debug_macro   0x00000000       0xb8 main.o
 .debug_macro   0x00000000       0xa0 main.o
 .debug_macro   0x00000000       0xb8 main.o
 .debug_macro   0x00000000       0x1c main.o
 .debug_macro   0x00000000       0x1c main.o
 .debug_macro   0x00000000       0x1c main.o
 .debug_macro   0x00000000       0x82 main.o
 .debug_macro   0x00000000      0x15a main.o
 .debug_macro   0x00000000       0x10 main.o
 .debug_macro   0x00000000       0xdc main.o
 .debug_macro   0x00000000      0x124 main.o
 .debug_macro   0x00000000      0x124 main.o
 .debug_macro   0x00000000      0x124 main.o
 .debug_macro   0x00000000      0x124 main.o
 .debug_macro   0x00000000      0x124 main.o
 .debug_macro   0x00000000       0xe2 main.o
 .debug_macro   0x00000000       0xe2 main.o
 .debug_macro   0x00000000       0xe2 main.o
 .debug_macro   0x00000000      0x130 main.o
 .debug_macro   0x00000000      0x106 main.o
 .debug_macro   0x00000000       0xfa main.o
 .debug_macro   0x00000000      0x40f main.o
 .debug_macro   0x00000000       0x40 main.o
 .debug_macro   0x00000000      0x361 main.o
 .debug_macro   0x00000000     0x101b main.o
 .debug_macro   0x00000000       0x7b main.o
 .group         0x00000000        0x8 C:\Users\Aaron\DOCUME~1\GitHub\AMPED_UP\Hardware\Cortex\C\AMPED-~1\AMPED-~1\AMPED-~1\libCortexCommunicationExample.a(MainBoardMessager.o)
 .group         0x00000000        0x8 C:\Users\Aaron\DOCUME~1\GitHub\AMPED_UP\Hardware\Cortex\C\AMPED-~1\AMPED-~1\AMPED-~1\libCortexCommunicationExample.a(MainBoardMessager.o)
 .group         0x00000000        0x8 C:\Users\Aaron\DOCUME~1\GitHub\AMPED_UP\Hardware\Cortex\C\AMPED-~1\AMPED-~1\AMPED-~1\libCortexCommunicationExample.a(MainBoardMessager.o)
 .group         0x00000000        0x8 C:\Users\Aaron\DOCUME~1\GitHub\AMPED_UP\Hardware\Cortex\C\AMPED-~1\AMPED-~1\AMPED-~1\libCortexCommunicationExample.a(MainBoardMessager.o)
 .group         0x00000000        0x8 C:\Users\Aaron\DOCUME~1\GitHub\AMPED_UP\Hardware\Cortex\C\AMPED-~1\AMPED-~1\AMPED-~1\libCortexCommunicationExample.a(MainBoardMessager.o)
 .group         0x00000000        0x8 C:\Users\Aaron\DOCUME~1\GitHub\AMPED_UP\Hardware\Cortex\C\AMPED-~1\AMPED-~1\AMPED-~1\libCortexCommunicationExample.a(MainBoardMessager.o)
 .group         0x00000000        0x8 C:\Users\Aaron\DOCUME~1\GitHub\AMPED_UP\Hardware\Cortex\C\AMPED-~1\AMPED-~1\AMPED-~1\libCortexCommunicationExample.a(MainBoardMessager.o)
 .text          0x00000000        0x0 C:\Users\Aaron\DOCUME~1\GitHub\AMPED_UP\Hardware\Cortex\C\AMPED-~1\AMPED-~1\AMPED-~1\libCortexCommunicationExample.a(MainBoardMessager.o)
 .data          0x00000000        0x0 C:\Users\Aaron\DOCUME~1\GitHub\AMPED_UP\Hardware\Cortex\C\AMPED-~1\AMPED-~1\AMPED-~1\libCortexCommunicationExample.a(MainBoardMessager.o)
 .text._ZN11I2cMessagerIL12SercomHandle3EN7AmpedUp11KnobMessageEE3endEv
                0x00000000       0x38 C:\Users\Aaron\DOCUME~1\GitHub\AMPED_UP\Hardware\Cortex\C\AMPED-~1\AMPED-~1\AMPED-~1\libCortexCommunicationExample.a(MainBoardMessager.o)
 .text._ZN11I2cMessagerIL12SercomHandle3EN7AmpedUp11KnobMessageEE5beginEhb
                0x00000000       0x9c C:\Users\Aaron\DOCUME~1\GitHub\AMPED_UP\Hardware\Cortex\C\AMPED-~1\AMPED-~1\AMPED-~1\libCortexCommunicationExample.a(MainBoardMessager.o)
 .text.setAddress
                0x00000000       0x58 C:\Users\Aaron\DOCUME~1\GitHub\AMPED_UP\Hardware\Cortex\C\AMPED-~1\AMPED-~1\AMPED-~1\libCortexCommunicationExample.a(MainBoardMessager.o)
 .text.actualPosition
                0x00000000      0x118 C:\Users\Aaron\DOCUME~1\GitHub\AMPED_UP\Hardware\Cortex\C\AMPED-~1\AMPED-~1\AMPED-~1\libCortexCommunicationExample.a(MainBoardMessager.o)
 .group         0x00000000        0x8 C:\Users\Aaron\DOCUME~1\GitHub\AMPED_UP\Hardware\Cortex\C\AMPED-~1\AMPED-~1\AMPED-~1\libCortexCommunicationExample.a(SercomInterrupts.o)
 .text          0x00000000        0x0 C:\Users\Aaron\DOCUME~1\GitHub\AMPED_UP\Hardware\Cortex\C\AMPED-~1\AMPED-~1\AMPED-~1\libCortexCommunicationExample.a(SercomInterrupts.o)
 .data          0x00000000        0x0 C:\Users\Aaron\DOCUME~1\GitHub\AMPED_UP\Hardware\Cortex\C\AMPED-~1\AMPED-~1\AMPED-~1\libCortexCommunicationExample.a(SercomInterrupts.o)
 .bss           0x00000000        0x0 C:\Users\Aaron\DOCUME~1\GitHub\AMPED_UP\Hardware\Cortex\C\AMPED-~1\AMPED-~1\AMPED-~1\libCortexCommunicationExample.a(SercomInterrupts.o)
 .bss._ZN12SercomConfigIL12SercomHandle3EE16interruptHandlerE
                0x00000000        0x4 C:\Users\Aaron\DOCUME~1\GitHub\AMPED_UP\Hardware\Cortex\C\AMPED-~1\AMPED-~1\AMPED-~1\libCortexCommunicationExample.a(SercomInterrupts.o)
 .data          0x00000000        0x0 c:/program files (x86)/atmel/studio/7.0/toolchain/arm/arm-gnu-toolchain/bin/../lib/gcc/arm-none-eabi/6.3.1/thumb/v6-m\libgcc.a(_udivsi3.o)
 .bss           0x00000000        0x0 c:/program files (x86)/atmel/studio/7.0/toolchain/arm/arm-gnu-toolchain/bin/../lib/gcc/arm-none-eabi/6.3.1/thumb/v6-m\libgcc.a(_udivsi3.o)
 .data          0x00000000        0x0 c:/program files (x86)/atmel/studio/7.0/toolchain/arm/arm-gnu-toolchain/bin/../lib/gcc/arm-none-eabi/6.3.1/thumb/v6-m\libgcc.a(_dvmd_tls.o)
 .bss           0x00000000        0x0 c:/program files (x86)/atmel/studio/7.0/toolchain/arm/arm-gnu-toolchain/bin/../lib/gcc/arm-none-eabi/6.3.1/thumb/v6-m\libgcc.a(_dvmd_tls.o)
 .text          0x00000000       0x74 c:/program files (x86)/atmel/studio/7.0/toolchain/arm/arm-gnu-toolchain/bin/../lib/gcc/arm-none-eabi/6.3.1/thumb/v6-m\libgcc.a(_arm_cmpsf2.o)
 .data          0x00000000        0x0 c:/program files (x86)/atmel/studio/7.0/toolchain/arm/arm-gnu-toolchain/bin/../lib/gcc/arm-none-eabi/6.3.1/thumb/v6-m\libgcc.a(_arm_cmpsf2.o)
 .bss           0x00000000        0x0 c:/program files (x86)/atmel/studio/7.0/toolchain/arm/arm-gnu-toolchain/bin/../lib/gcc/arm-none-eabi/6.3.1/thumb/v6-m\libgcc.a(_arm_cmpsf2.o)
 .ARM.attributes
                0x00000000       0x1e c:/program files (x86)/atmel/studio/7.0/toolchain/arm/arm-gnu-toolchain/bin/../lib/gcc/arm-none-eabi/6.3.1/thumb/v6-m\libgcc.a(_arm_cmpsf2.o)
 .text          0x00000000       0x30 c:/program files (x86)/atmel/studio/7.0/toolchain/arm/arm-gnu-toolchain/bin/../lib/gcc/arm-none-eabi/6.3.1/thumb/v6-m\libgcc.a(_fixunssfsi.o)
 .data          0x00000000        0x0 c:/program files (x86)/atmel/studio/7.0/toolchain/arm/arm-gnu-toolchain/bin/../lib/gcc/arm-none-eabi/6.3.1/thumb/v6-m\libgcc.a(_fixunssfsi.o)
 .bss           0x00000000        0x0 c:/program files (x86)/atmel/studio/7.0/toolchain/arm/arm-gnu-toolchain/bin/../lib/gcc/arm-none-eabi/6.3.1/thumb/v6-m\libgcc.a(_fixunssfsi.o)
 .debug_frame   0x00000000       0x28 c:/program files (x86)/atmel/studio/7.0/toolchain/arm/arm-gnu-toolchain/bin/../lib/gcc/arm-none-eabi/6.3.1/thumb/v6-m\libgcc.a(_fixunssfsi.o)
 .ARM.attributes
                0x00000000       0x2c c:/program files (x86)/atmel/studio/7.0/toolchain/arm/arm-gnu-toolchain/bin/../lib/gcc/arm-none-eabi/6.3.1/thumb/v6-m\libgcc.a(_fixunssfsi.o)
 .text          0x00000000       0x4c c:/program files (x86)/atmel/studio/7.0/toolchain/arm/arm-gnu-toolchain/bin/../lib/gcc/arm-none-eabi/6.3.1/thumb/v6-m\libgcc.a(eqsf2.o)
 .data          0x00000000        0x0 c:/program files (x86)/atmel/studio/7.0/toolchain/arm/arm-gnu-toolchain/bin/../lib/gcc/arm-none-eabi/6.3.1/thumb/v6-m\libgcc.a(eqsf2.o)
 .bss           0x00000000        0x0 c:/program files (x86)/atmel/studio/7.0/toolchain/arm/arm-gnu-toolchain/bin/../lib/gcc/arm-none-eabi/6.3.1/thumb/v6-m\libgcc.a(eqsf2.o)
 .debug_frame   0x00000000       0x2c c:/program files (x86)/atmel/studio/7.0/toolchain/arm/arm-gnu-toolchain/bin/../lib/gcc/arm-none-eabi/6.3.1/thumb/v6-m\libgcc.a(eqsf2.o)
 .ARM.attributes
                0x00000000       0x2c c:/program files (x86)/atmel/studio/7.0/toolchain/arm/arm-gnu-toolchain/bin/../lib/gcc/arm-none-eabi/6.3.1/thumb/v6-m\libgcc.a(eqsf2.o)
 .text          0x00000000       0x80 c:/program files (x86)/atmel/studio/7.0/toolchain/arm/arm-gnu-toolchain/bin/../lib/gcc/arm-none-eabi/6.3.1/thumb/v6-m\libgcc.a(gesf2.o)
 .data          0x00000000        0x0 c:/program files (x86)/atmel/studio/7.0/toolchain/arm/arm-gnu-toolchain/bin/../lib/gcc/arm-none-eabi/6.3.1/thumb/v6-m\libgcc.a(gesf2.o)
 .bss           0x00000000        0x0 c:/program files (x86)/atmel/studio/7.0/toolchain/arm/arm-gnu-toolchain/bin/../lib/gcc/arm-none-eabi/6.3.1/thumb/v6-m\libgcc.a(gesf2.o)
 .debug_frame   0x00000000       0x30 c:/program files (x86)/atmel/studio/7.0/toolchain/arm/arm-gnu-toolchain/bin/../lib/gcc/arm-none-eabi/6.3.1/thumb/v6-m\libgcc.a(gesf2.o)
 .ARM.attributes
                0x00000000       0x2c c:/program files (x86)/atmel/studio/7.0/toolchain/arm/arm-gnu-toolchain/bin/../lib/gcc/arm-none-eabi/6.3.1/thumb/v6-m\libgcc.a(gesf2.o)
 .text          0x00000000       0x84 c:/program files (x86)/atmel/studio/7.0/toolchain/arm/arm-gnu-toolchain/bin/../lib/gcc/arm-none-eabi/6.3.1/thumb/v6-m\libgcc.a(lesf2.o)
 .data          0x00000000        0x0 c:/program files (x86)/atmel/studio/7.0/toolchain/arm/arm-gnu-toolchain/bin/../lib/gcc/arm-none-eabi/6.3.1/thumb/v6-m\libgcc.a(lesf2.o)
 .bss           0x00000000        0x0 c:/program files (x86)/atmel/studio/7.0/toolchain/arm/arm-gnu-toolchain/bin/../lib/gcc/arm-none-eabi/6.3.1/thumb/v6-m\libgcc.a(lesf2.o)
 .debug_frame   0x00000000       0x30 c:/program files (x86)/atmel/studio/7.0/toolchain/arm/arm-gnu-toolchain/bin/../lib/gcc/arm-none-eabi/6.3.1/thumb/v6-m\libgcc.a(lesf2.o)
 .ARM.attributes
                0x00000000       0x2c c:/program files (x86)/atmel/studio/7.0/toolchain/arm/arm-gnu-toolchain/bin/../lib/gcc/arm-none-eabi/6.3.1/thumb/v6-m\libgcc.a(lesf2.o)
 .data          0x00000000        0x0 c:/program files (x86)/atmel/studio/7.0/toolchain/arm/arm-gnu-toolchain/bin/../lib/gcc/arm-none-eabi/6.3.1/thumb/v6-m\libgcc.a(mulsf3.o)
 .bss           0x00000000        0x0 c:/program files (x86)/atmel/studio/7.0/toolchain/arm/arm-gnu-toolchain/bin/../lib/gcc/arm-none-eabi/6.3.1/thumb/v6-m\libgcc.a(mulsf3.o)
 .text          0x00000000      0x338 c:/program files (x86)/atmel/studio/7.0/toolchain/arm/arm-gnu-toolchain/bin/../lib/gcc/arm-none-eabi/6.3.1/thumb/v6-m\libgcc.a(subsf3.o)
 .data          0x00000000        0x0 c:/program files (x86)/atmel/studio/7.0/toolchain/arm/arm-gnu-toolchain/bin/../lib/gcc/arm-none-eabi/6.3.1/thumb/v6-m\libgcc.a(subsf3.o)
 .bss           0x00000000        0x0 c:/program files (x86)/atmel/studio/7.0/toolchain/arm/arm-gnu-toolchain/bin/../lib/gcc/arm-none-eabi/6.3.1/thumb/v6-m\libgcc.a(subsf3.o)
 .debug_frame   0x00000000       0x38 c:/program files (x86)/atmel/studio/7.0/toolchain/arm/arm-gnu-toolchain/bin/../lib/gcc/arm-none-eabi/6.3.1/thumb/v6-m\libgcc.a(subsf3.o)
 .ARM.attributes
                0x00000000       0x2c c:/program files (x86)/atmel/studio/7.0/toolchain/arm/arm-gnu-toolchain/bin/../lib/gcc/arm-none-eabi/6.3.1/thumb/v6-m\libgcc.a(subsf3.o)
 .data          0x00000000        0x0 c:/program files (x86)/atmel/studio/7.0/toolchain/arm/arm-gnu-toolchain/bin/../lib/gcc/arm-none-eabi/6.3.1/thumb/v6-m\libgcc.a(fixsfsi.o)
 .bss           0x00000000        0x0 c:/program files (x86)/atmel/studio/7.0/toolchain/arm/arm-gnu-toolchain/bin/../lib/gcc/arm-none-eabi/6.3.1/thumb/v6-m\libgcc.a(fixsfsi.o)
 .data          0x00000000        0x0 c:/program files (x86)/atmel/studio/7.0/toolchain/arm/arm-gnu-toolchain/bin/../lib/gcc/arm-none-eabi/6.3.1/thumb/v6-m\libgcc.a(floatsisf.o)
 .bss           0x00000000        0x0 c:/program files (x86)/atmel/studio/7.0/toolchain/arm/arm-gnu-toolchain/bin/../lib/gcc/arm-none-eabi/6.3.1/thumb/v6-m\libgcc.a(floatsisf.o)
 .data          0x00000000        0x0 c:/program files (x86)/atmel/studio/7.0/toolchain/arm/arm-gnu-toolchain/bin/../lib/gcc/arm-none-eabi/6.3.1/thumb/v6-m\libgcc.a(floatunsisf.o)
 .bss           0x00000000        0x0 c:/program files (x86)/atmel/studio/7.0/toolchain/arm/arm-gnu-toolchain/bin/../lib/gcc/arm-none-eabi/6.3.1/thumb/v6-m\libgcc.a(floatunsisf.o)
 .data          0x00000000        0x0 c:/program files (x86)/atmel/studio/7.0/toolchain/arm/arm-gnu-toolchain/bin/../lib/gcc/arm-none-eabi/6.3.1/thumb/v6-m\libgcc.a(_clzsi2.o)
 .bss           0x00000000        0x0 c:/program files (x86)/atmel/studio/7.0/toolchain/arm/arm-gnu-toolchain/bin/../lib/gcc/arm-none-eabi/6.3.1/thumb/v6-m\libgcc.a(_clzsi2.o)
 .text          0x00000000        0x0 c:/program files (x86)/atmel/studio/7.0/toolchain/arm/arm-gnu-toolchain/bin/../lib/gcc/arm-none-eabi/6.3.1/../../../../arm-none-eabi/lib/thumb/v6-m\libc.a(lib_a-exit.o)
 .data          0x00000000        0x0 c:/program files (x86)/atmel/studio/7.0/toolchain/arm/arm-gnu-toolchain/bin/../lib/gcc/arm-none-eabi/6.3.1/../../../../arm-none-eabi/lib/thumb/v6-m\libc.a(lib_a-exit.o)
 .bss           0x00000000        0x0 c:/program files (x86)/atmel/studio/7.0/toolchain/arm/arm-gnu-toolchain/bin/../lib/gcc/arm-none-eabi/6.3.1/../../../../arm-none-eabi/lib/thumb/v6-m\libc.a(lib_a-exit.o)
 .text.exit     0x00000000       0x20 c:/program files (x86)/atmel/studio/7.0/toolchain/arm/arm-gnu-toolchain/bin/../lib/gcc/arm-none-eabi/6.3.1/../../../../arm-none-eabi/lib/thumb/v6-m\libc.a(lib_a-exit.o)
 .debug_frame   0x00000000       0x28 c:/program files (x86)/atmel/studio/7.0/toolchain/arm/arm-gnu-toolchain/bin/../lib/gcc/arm-none-eabi/6.3.1/../../../../arm-none-eabi/lib/thumb/v6-m\libc.a(lib_a-exit.o)
 .ARM.attributes
                0x00000000       0x2c c:/program files (x86)/atmel/studio/7.0/toolchain/arm/arm-gnu-toolchain/bin/../lib/gcc/arm-none-eabi/6.3.1/../../../../arm-none-eabi/lib/thumb/v6-m\libc.a(lib_a-exit.o)
 .text          0x00000000        0x0 c:/program files (x86)/atmel/studio/7.0/toolchain/arm/arm-gnu-toolchain/bin/../lib/gcc/arm-none-eabi/6.3.1/../../../../arm-none-eabi/lib/thumb/v6-m\libc.a(lib_a-impure.o)
 .data          0x00000000        0x0 c:/program files (x86)/atmel/studio/7.0/toolchain/arm/arm-gnu-toolchain/bin/../lib/gcc/arm-none-eabi/6.3.1/../../../../arm-none-eabi/lib/thumb/v6-m\libc.a(lib_a-impure.o)
 .bss           0x00000000        0x0 c:/program files (x86)/atmel/studio/7.0/toolchain/arm/arm-gnu-toolchain/bin/../lib/gcc/arm-none-eabi/6.3.1/../../../../arm-none-eabi/lib/thumb/v6-m\libc.a(lib_a-impure.o)
 .data._impure_ptr
                0x00000000        0x4 c:/program files (x86)/atmel/studio/7.0/toolchain/arm/arm-gnu-toolchain/bin/../lib/gcc/arm-none-eabi/6.3.1/../../../../arm-none-eabi/lib/thumb/v6-m\libc.a(lib_a-impure.o)
 .text          0x00000000        0x0 c:/program files (x86)/atmel/studio/7.0/toolchain/arm/arm-gnu-toolchain/bin/../lib/gcc/arm-none-eabi/6.3.1/../../../../arm-none-eabi/lib/thumb/v6-m\libc.a(lib_a-init.o)
 .data          0x00000000        0x0 c:/program files (x86)/atmel/studio/7.0/toolchain/arm/arm-gnu-toolchain/bin/../lib/gcc/arm-none-eabi/6.3.1/../../../../arm-none-eabi/lib/thumb/v6-m\libc.a(lib_a-init.o)
 .bss           0x00000000        0x0 c:/program files (x86)/atmel/studio/7.0/toolchain/arm/arm-gnu-toolchain/bin/../lib/gcc/arm-none-eabi/6.3.1/../../../../arm-none-eabi/lib/thumb/v6-m\libc.a(lib_a-init.o)
 .text          0x00000000        0x0 c:/program files (x86)/atmel/studio/7.0/toolchain/arm/arm-gnu-toolchain/bin/../lib/gcc/arm-none-eabi/6.3.1/../../../../arm-none-eabi/lib/thumb/v6-m\libc.a(lib_a-memcpy-stub.o)
 .data          0x00000000        0x0 c:/program files (x86)/atmel/studio/7.0/toolchain/arm/arm-gnu-toolchain/bin/../lib/gcc/arm-none-eabi/6.3.1/../../../../arm-none-eabi/lib/thumb/v6-m\libc.a(lib_a-memcpy-stub.o)
 .bss           0x00000000        0x0 c:/program files (x86)/atmel/studio/7.0/toolchain/arm/arm-gnu-toolchain/bin/../lib/gcc/arm-none-eabi/6.3.1/../../../../arm-none-eabi/lib/thumb/v6-m\libc.a(lib_a-memcpy-stub.o)
 .text.memcpy   0x00000000       0x84 c:/program files (x86)/atmel/studio/7.0/toolchain/arm/arm-gnu-toolchain/bin/../lib/gcc/arm-none-eabi/6.3.1/../../../../arm-none-eabi/lib/thumb/v6-m\libc.a(lib_a-memcpy-stub.o)
 .debug_frame   0x00000000       0x30 c:/program files (x86)/atmel/studio/7.0/toolchain/arm/arm-gnu-toolchain/bin/../lib/gcc/arm-none-eabi/6.3.1/../../../../arm-none-eabi/lib/thumb/v6-m\libc.a(lib_a-memcpy-stub.o)
 .ARM.attributes
                0x00000000       0x2c c:/program files (x86)/atmel/studio/7.0/toolchain/arm/arm-gnu-toolchain/bin/../lib/gcc/arm-none-eabi/6.3.1/../../../../arm-none-eabi/lib/thumb/v6-m\libc.a(lib_a-memcpy-stub.o)
 .text          0x00000000        0x0 c:/program files (x86)/atmel/studio/7.0/toolchain/arm/arm-gnu-toolchain/bin/../lib/gcc/arm-none-eabi/6.3.1/../../../../arm-none-eabi/lib/thumb/v6-m\libc.a(lib_a-memset.o)
 .data          0x00000000        0x0 c:/program files (x86)/atmel/studio/7.0/toolchain/arm/arm-gnu-toolchain/bin/../lib/gcc/arm-none-eabi/6.3.1/../../../../arm-none-eabi/lib/thumb/v6-m\libc.a(lib_a-memset.o)
 .bss           0x00000000        0x0 c:/program files (x86)/atmel/studio/7.0/toolchain/arm/arm-gnu-toolchain/bin/../lib/gcc/arm-none-eabi/6.3.1/../../../../arm-none-eabi/lib/thumb/v6-m\libc.a(lib_a-memset.o)
 .text.memset   0x00000000       0x94 c:/program files (x86)/atmel/studio/7.0/toolchain/arm/arm-gnu-toolchain/bin/../lib/gcc/arm-none-eabi/6.3.1/../../../../arm-none-eabi/lib/thumb/v6-m\libc.a(lib_a-memset.o)
 .debug_frame   0x00000000       0x30 c:/program files (x86)/atmel/studio/7.0/toolchain/arm/arm-gnu-toolchain/bin/../lib/gcc/arm-none-eabi/6.3.1/../../../../arm-none-eabi/lib/thumb/v6-m\libc.a(lib_a-memset.o)
 .ARM.attributes
                0x00000000       0x2c c:/program files (x86)/atmel/studio/7.0/toolchain/arm/arm-gnu-toolchain/bin/../lib/gcc/arm-none-eabi/6.3.1/../../../../arm-none-eabi/lib/thumb/v6-m\libc.a(lib_a-memset.o)
 .text          0x00000000        0x0 c:/program files (x86)/atmel/studio/7.0/toolchain/arm/arm-gnu-toolchain/bin/../lib/gcc/arm-none-eabi/6.3.1/../../../../arm-none-eabi/lib/thumb/v6-m\libc.a(lib_a-__call_atexit.o)
 .data          0x00000000        0x0 c:/program files (x86)/atmel/studio/7.0/toolchain/arm/arm-gnu-toolchain/bin/../lib/gcc/arm-none-eabi/6.3.1/../../../../arm-none-eabi/lib/thumb/v6-m\libc.a(lib_a-__call_atexit.o)
 .bss           0x00000000        0x0 c:/program files (x86)/atmel/studio/7.0/toolchain/arm/arm-gnu-toolchain/bin/../lib/gcc/arm-none-eabi/6.3.1/../../../../arm-none-eabi/lib/thumb/v6-m\libc.a(lib_a-__call_atexit.o)
 .text.__call_exitprocs
                0x00000000      0x110 c:/program files (x86)/atmel/studio/7.0/toolchain/arm/arm-gnu-toolchain/bin/../lib/gcc/arm-none-eabi/6.3.1/../../../../arm-none-eabi/lib/thumb/v6-m\libc.a(lib_a-__call_atexit.o)
 .text          0x00000000        0x0 c:/program files (x86)/atmel/studio/7.0/toolchain/arm/arm-gnu-toolchain/bin/../lib/gcc/arm-none-eabi/6.3.1/../../../../arm-none-eabi/lib/thumb/v6-m\libc.a(lib_a-atexit.o)
 .data          0x00000000        0x0 c:/program files (x86)/atmel/studio/7.0/toolchain/arm/arm-gnu-toolchain/bin/../lib/gcc/arm-none-eabi/6.3.1/../../../../arm-none-eabi/lib/thumb/v6-m\libc.a(lib_a-atexit.o)
 .bss           0x00000000        0x0 c:/program files (x86)/atmel/studio/7.0/toolchain/arm/arm-gnu-toolchain/bin/../lib/gcc/arm-none-eabi/6.3.1/../../../../arm-none-eabi/lib/thumb/v6-m\libc.a(lib_a-atexit.o)
 .text          0x00000000        0x0 c:/program files (x86)/atmel/studio/7.0/toolchain/arm/arm-gnu-toolchain/bin/../lib/gcc/arm-none-eabi/6.3.1/../../../../arm-none-eabi/lib/thumb/v6-m\libc.a(lib_a-fini.o)
 .data          0x00000000        0x0 c:/program files (x86)/atmel/studio/7.0/toolchain/arm/arm-gnu-toolchain/bin/../lib/gcc/arm-none-eabi/6.3.1/../../../../arm-none-eabi/lib/thumb/v6-m\libc.a(lib_a-fini.o)
 .bss           0x00000000        0x0 c:/program files (x86)/atmel/studio/7.0/toolchain/arm/arm-gnu-toolchain/bin/../lib/gcc/arm-none-eabi/6.3.1/../../../../arm-none-eabi/lib/thumb/v6-m\libc.a(lib_a-fini.o)
 .text          0x00000000        0x0 c:/program files (x86)/atmel/studio/7.0/toolchain/arm/arm-gnu-toolchain/bin/../lib/gcc/arm-none-eabi/6.3.1/../../../../arm-none-eabi/lib/thumb/v6-m\libc.a(lib_a-lock.o)
 .data          0x00000000        0x0 c:/program files (x86)/atmel/studio/7.0/toolchain/arm/arm-gnu-toolchain/bin/../lib/gcc/arm-none-eabi/6.3.1/../../../../arm-none-eabi/lib/thumb/v6-m\libc.a(lib_a-lock.o)
 .bss           0x00000000        0x0 c:/program files (x86)/atmel/studio/7.0/toolchain/arm/arm-gnu-toolchain/bin/../lib/gcc/arm-none-eabi/6.3.1/../../../../arm-none-eabi/lib/thumb/v6-m\libc.a(lib_a-lock.o)
 .text.__retarget_lock_init
                0x00000000        0x4 c:/program files (x86)/atmel/studio/7.0/toolchain/arm/arm-gnu-toolchain/bin/../lib/gcc/arm-none-eabi/6.3.1/../../../../arm-none-eabi/lib/thumb/v6-m\libc.a(lib_a-lock.o)
 .text.__retarget_lock_init_recursive
                0x00000000        0x4 c:/program files (x86)/atmel/studio/7.0/toolchain/arm/arm-gnu-toolchain/bin/../lib/gcc/arm-none-eabi/6.3.1/../../../../arm-none-eabi/lib/thumb/v6-m\libc.a(lib_a-lock.o)
 .text.__retarget_lock_close
                0x00000000        0x4 c:/program files (x86)/atmel/studio/7.0/toolchain/arm/arm-gnu-toolchain/bin/../lib/gcc/arm-none-eabi/6.3.1/../../../../arm-none-eabi/lib/thumb/v6-m\libc.a(lib_a-lock.o)
 .text.__retarget_lock_close_recursive
                0x00000000        0x4 c:/program files (x86)/atmel/studio/7.0/toolchain/arm/arm-gnu-toolchain/bin/../lib/gcc/arm-none-eabi/6.3.1/../../../../arm-none-eabi/lib/thumb/v6-m\libc.a(lib_a-lock.o)
 .text.__retarget_lock_acquire
                0x00000000        0x4 c:/program files (x86)/atmel/studio/7.0/toolchain/arm/arm-gnu-toolchain/bin/../lib/gcc/arm-none-eabi/6.3.1/../../../../arm-none-eabi/lib/thumb/v6-m\libc.a(lib_a-lock.o)
 .text.__retarget_lock_try_acquire
                0x00000000        0x4 c:/program files (x86)/atmel/studio/7.0/toolchain/arm/arm-gnu-toolchain/bin/../lib/gcc/arm-none-eabi/6.3.1/../../../../arm-none-eabi/lib/thumb/v6-m\libc.a(lib_a-lock.o)
 .text.__retarget_lock_try_acquire_recursive
                0x00000000        0x4 c:/program files (x86)/atmel/studio/7.0/toolchain/arm/arm-gnu-toolchain/bin/../lib/gcc/arm-none-eabi/6.3.1/../../../../arm-none-eabi/lib/thumb/v6-m\libc.a(lib_a-lock.o)
 .text.__retarget_lock_release
                0x00000000        0x4 c:/program files (x86)/atmel/studio/7.0/toolchain/arm/arm-gnu-toolchain/bin/../lib/gcc/arm-none-eabi/6.3.1/../../../../arm-none-eabi/lib/thumb/v6-m\libc.a(lib_a-lock.o)
 .text          0x00000000        0x0 c:/program files (x86)/atmel/studio/7.0/toolchain/arm/arm-gnu-toolchain/bin/../lib/gcc/arm-none-eabi/6.3.1/../../../../arm-none-eabi/lib/thumb/v6-m\libc.a(lib_a-__atexit.o)
 .data          0x00000000        0x0 c:/program files (x86)/atmel/studio/7.0/toolchain/arm/arm-gnu-toolchain/bin/../lib/gcc/arm-none-eabi/6.3.1/../../../../arm-none-eabi/lib/thumb/v6-m\libc.a(lib_a-__atexit.o)
 .bss           0x00000000        0x0 c:/program files (x86)/atmel/studio/7.0/toolchain/arm/arm-gnu-toolchain/bin/../lib/gcc/arm-none-eabi/6.3.1/../../../../arm-none-eabi/lib/thumb/v6-m\libc.a(lib_a-__atexit.o)
 .text          0x00000000        0x0 c:/program files (x86)/atmel/studio/7.0/toolchain/arm/arm-gnu-toolchain/bin/../lib/gcc/arm-none-eabi/6.3.1/thumb/v6-m/crtend.o
 .data          0x00000000        0x0 c:/program files (x86)/atmel/studio/7.0/toolchain/arm/arm-gnu-toolchain/bin/../lib/gcc/arm-none-eabi/6.3.1/thumb/v6-m/crtend.o
 .bss           0x00000000        0x0 c:/program files (x86)/atmel/studio/7.0/toolchain/arm/arm-gnu-toolchain/bin/../lib/gcc/arm-none-eabi/6.3.1/thumb/v6-m/crtend.o
 .eh_frame      0x00000000        0x4 c:/program files (x86)/atmel/studio/7.0/toolchain/arm/arm-gnu-toolchain/bin/../lib/gcc/arm-none-eabi/6.3.1/thumb/v6-m/crtend.o
 .jcr           0x00000000        0x4 c:/program files (x86)/atmel/studio/7.0/toolchain/arm/arm-gnu-toolchain/bin/../lib/gcc/arm-none-eabi/6.3.1/thumb/v6-m/crtend.o
 .ARM.attributes
                0x00000000       0x2c c:/program files (x86)/atmel/studio/7.0/toolchain/arm/arm-gnu-toolchain/bin/../lib/gcc/arm-none-eabi/6.3.1/thumb/v6-m/crtend.o
 .text          0x00000000        0x0 c:/program files (x86)/atmel/studio/7.0/toolchain/arm/arm-gnu-toolchain/bin/../lib/gcc/arm-none-eabi/6.3.1/thumb/v6-m/crtn.o
 .data          0x00000000        0x0 c:/program files (x86)/atmel/studio/7.0/toolchain/arm/arm-gnu-toolchain/bin/../lib/gcc/arm-none-eabi/6.3.1/thumb/v6-m/crtn.o
 .bss           0x00000000        0x0 c:/program files (x86)/atmel/studio/7.0/toolchain/arm/arm-gnu-toolchain/bin/../lib/gcc/arm-none-eabi/6.3.1/thumb/v6-m/crtn.o

Memory Configuration

Name             Origin             Length             Attributes
rom              0x00000000         0x00008000         xr
ram              0x20000000         0x00001000         xrw
*default*        0x00000000         0xffffffff

Linker script and memory map

LOAD c:/program files (x86)/atmel/studio/7.0/toolchain/arm/arm-gnu-toolchain/bin/../lib/gcc/arm-none-eabi/6.3.1/thumb/v6-m/crti.o
LOAD c:/program files (x86)/atmel/studio/7.0/toolchain/arm/arm-gnu-toolchain/bin/../lib/gcc/arm-none-eabi/6.3.1/thumb/v6-m/crtbegin.o
LOAD c:/program files (x86)/atmel/studio/7.0/toolchain/arm/arm-gnu-toolchain/bin/../lib/gcc/arm-none-eabi/6.3.1/../../../../arm-none-eabi/lib/thumb/v6-m/crt0.o
LOAD Device_Startup/startup_samd21.o
LOAD Device_Startup/system_samd21.o
LOAD main.o
START GROUP
LOAD c:/program files (x86)/atmel/studio/7.0/toolchain/arm/arm-gnu-toolchain/bin/../lib/gcc/arm-none-eabi/6.3.1/../../../../arm-none-eabi/lib/thumb/v6-m\libm.a
LOAD C:\Users\Aaron\DOCUME~1\GitHub\AMPED_UP\Hardware\Cortex\C\AMPED-~1\AMPED-~1\AMPED-~1\libCortexCommunicationExample.a
END GROUP
START GROUP
LOAD c:/program files (x86)/atmel/studio/7.0/toolchain/arm/arm-gnu-toolchain/bin/../lib/gcc/arm-none-eabi/6.3.1/thumb/v6-m\libgcc.a
LOAD c:/program files (x86)/atmel/studio/7.0/toolchain/arm/arm-gnu-toolchain/bin/../lib/gcc/arm-none-eabi/6.3.1/../../../../arm-none-eabi/lib/thumb/v6-m\libc.a
END GROUP
LOAD c:/program files (x86)/atmel/studio/7.0/toolchain/arm/arm-gnu-toolchain/bin/../lib/gcc/arm-none-eabi/6.3.1/thumb/v6-m/crtend.o
LOAD c:/program files (x86)/atmel/studio/7.0/toolchain/arm/arm-gnu-toolchain/bin/../lib/gcc/arm-none-eabi/6.3.1/thumb/v6-m/crtn.o
                0x00000400                STACK_SIZE = DEFINED (STACK_SIZE)?STACK_SIZE:DEFINED (__stack_size__)?__stack_size__:0x400

.text           0x00000000     0x15ac
                0x00000000                . = ALIGN (0x4)
                0x00000000                _sfixed = .
 *(.vectors .vectors.*)
 .vectors       0x00000000       0xb4 Device_Startup/startup_samd21.o
                0x00000000                exception_table
 *(.text .text.* .gnu.linkonce.t.*)
 .text          0x000000b4       0x60 c:/program files (x86)/atmel/studio/7.0/toolchain/arm/arm-gnu-toolchain/bin/../lib/gcc/arm-none-eabi/6.3.1/thumb/v6-m/crtbegin.o
 .text.Dummy_Handler
                0x00000114        0x2 Device_Startup/startup_samd21.o
                0x00000114                SVCall_Handler
                0x00000114                DMAC_Handler
                0x00000114                HardFault_Handler
                0x00000114                AC_Handler
                0x00000114                SysTick_Handler
                0x00000114                PendSV_Handler
                0x00000114                SERCOM1_Handler
                0x00000114                ADC_Handler
                0x00000114                NonMaskableInt_Handler
                0x00000114                TCC1_Handler
                0x00000114                SERCOM2_Handler
                0x00000114                TCC0_Handler
                0x00000114                RTC_Handler
                0x00000114                WDT_Handler
                0x00000114                TC4_Handler
                0x00000114                USB_Handler
                0x00000114                TC3_Handler
                0x00000114                Dummy_Handler
                0x00000114                PM_Handler
                0x00000114                TCC2_Handler
                0x00000114                EVSYS_Handler
                0x00000114                I2S_Handler
                0x00000114                NVMCTRL_Handler
                0x00000114                SERCOM0_Handler
                0x00000114                DAC_Handler
                0x00000114                PTC_Handler
                0x00000114                TC5_Handler
                0x00000114                SYSCTRL_Handler
 *fill*         0x00000116        0x2 
 .text.Reset_Handler
                0x00000118       0xc4 Device_Startup/startup_samd21.o
                0x00000118                Reset_Handler
 .text.setPinPort
                0x000001dc        0x8 main.o
                0x000001dc                setPinPort
 .text.setPinNum
                0x000001e4        0xa main.o
                0x000001e4                setPinNum
 .text.setPinDrive
                0x000001ee        0x4 main.o
                0x000001ee                setPinDrive
 .text.setPinResPull
                0x000001f2        0x4 main.o
                0x000001f2                setPinResPull
 *fill*         0x000001f6        0x2 
 .text.setPinDir
                0x000001f8       0x60 main.o
                0x000001f8                setPinDir
 .text.PinCFG   0x00000258       0xb4 main.o
                0x00000258                PinCFG
 .text.setPin   0x0000030c       0x20 main.o
                0x0000030c                setPin
 .text.writePin
                0x0000032c       0x2c main.o
                0x0000032c                writePin
 .text.readPin  0x00000358       0x1c main.o
                0x00000358                readPin
 .text.initPins
                0x00000374      0x1c8 main.o
                0x00000374                initPins
 .text.changeClock
                0x0000053c       0x7c main.o
                0x0000053c                changeClock
 .text.initRTC  0x000005b8       0x48 main.o
                0x000005b8                initRTC
 .text.delay_us
                0x00000600       0x28 main.o
                0x00000600                delay_us
 .text.standalone_mode
                0x00000628      0x180 main.o
                0x00000628                standalone_mode
 .text.EIC_Handler
                0x000007a8      0x128 main.o
                0x000007a8                EIC_Handler
 .text.EIC_setup
                0x000008d0       0x9c main.o
                0x000008d0                EIC_setup
 .text.findEdges
                0x0000096c      0x104 main.o
                0x0000096c                findEdges
 .text.main     0x00000a70      0x1a4 main.o
                0x00000a70                main
 .text._ZN11I2cMessagerIL12SercomHandle3EN7AmpedUp11KnobMessageEE16processInterruptEv
                0x00000c14      0x184 C:\Users\Aaron\DOCUME~1\GitHub\AMPED_UP\Hardware\Cortex\C\AMPED-~1\AMPED-~1\AMPED-~1\libCortexCommunicationExample.a(MainBoardMessager.o)
                0x00000c14                I2cMessager<(SercomHandle)3, AmpedUp::KnobMessage>::processInterrupt()
 .text.begin    0x00000d98       0x88 C:\Users\Aaron\DOCUME~1\GitHub\AMPED_UP\Hardware\Cortex\C\AMPED-~1\AMPED-~1\AMPED-~1\libCortexCommunicationExample.a(MainBoardMessager.o)
                0x00000d98                begin
 .text.requestedPosition
                0x00000e20       0x70 C:\Users\Aaron\DOCUME~1\GitHub\AMPED_UP\Hardware\Cortex\C\AMPED-~1\AMPED-~1\AMPED-~1\libCortexCommunicationExample.a(MainBoardMessager.o)
                0x00000e20                requestedPosition
 .text._Z27SercomInterruptsForgetMeNotv
                0x00000e90        0x4 C:\Users\Aaron\DOCUME~1\GitHub\AMPED_UP\Hardware\Cortex\C\AMPED-~1\AMPED-~1\AMPED-~1\libCortexCommunicationExample.a(SercomInterrupts.o)
                0x00000e90                SercomInterruptsForgetMeNot()
 .text.SERCOM3_Handler
                0x00000e94       0x10 C:\Users\Aaron\DOCUME~1\GitHub\AMPED_UP\Hardware\Cortex\C\AMPED-~1\AMPED-~1\AMPED-~1\libCortexCommunicationExample.a(SercomInterrupts.o)
                0x00000e94                SERCOM3_Handler
 .text          0x00000ea4      0x114 c:/program files (x86)/atmel/studio/7.0/toolchain/arm/arm-gnu-toolchain/bin/../lib/gcc/arm-none-eabi/6.3.1/thumb/v6-m\libgcc.a(_udivsi3.o)
                0x00000ea4                __aeabi_uidiv
                0x00000ea4                __udivsi3
                0x00000fb0                __aeabi_uidivmod
 .text          0x00000fb8        0x4 c:/program files (x86)/atmel/studio/7.0/toolchain/arm/arm-gnu-toolchain/bin/../lib/gcc/arm-none-eabi/6.3.1/thumb/v6-m\libgcc.a(_dvmd_tls.o)
                0x00000fb8                __aeabi_idiv0
                0x00000fb8                __aeabi_ldiv0
 .text          0x00000fbc      0x240 c:/program files (x86)/atmel/studio/7.0/toolchain/arm/arm-gnu-toolchain/bin/../lib/gcc/arm-none-eabi/6.3.1/thumb/v6-m\libgcc.a(mulsf3.o)
                0x00000fbc                __aeabi_fmul
 .text          0x000011fc       0x40 c:/program files (x86)/atmel/studio/7.0/toolchain/arm/arm-gnu-toolchain/bin/../lib/gcc/arm-none-eabi/6.3.1/thumb/v6-m\libgcc.a(fixsfsi.o)
                0x000011fc                __aeabi_f2iz
 .text          0x0000123c       0xa0 c:/program files (x86)/atmel/studio/7.0/toolchain/arm/arm-gnu-toolchain/bin/../lib/gcc/arm-none-eabi/6.3.1/thumb/v6-m\libgcc.a(floatsisf.o)
                0x0000123c                __aeabi_i2f
 .text          0x000012dc       0x8c c:/program files (x86)/atmel/studio/7.0/toolchain/arm/arm-gnu-toolchain/bin/../lib/gcc/arm-none-eabi/6.3.1/thumb/v6-m\libgcc.a(floatunsisf.o)
                0x000012dc                __aeabi_ui2f
 .text          0x00001368       0x3c c:/program files (x86)/atmel/studio/7.0/toolchain/arm/arm-gnu-toolchain/bin/../lib/gcc/arm-none-eabi/6.3.1/thumb/v6-m\libgcc.a(_clzsi2.o)
                0x00001368                __clzsi2
 .text.__libc_init_array
                0x000013a4       0x48 c:/program files (x86)/atmel/studio/7.0/toolchain/arm/arm-gnu-toolchain/bin/../lib/gcc/arm-none-eabi/6.3.1/../../../../arm-none-eabi/lib/thumb/v6-m\libc.a(lib_a-init.o)
                0x000013a4                __libc_init_array
 .text.startup.register_fini
                0x000013ec       0x18 c:/program files (x86)/atmel/studio/7.0/toolchain/arm/arm-gnu-toolchain/bin/../lib/gcc/arm-none-eabi/6.3.1/../../../../arm-none-eabi/lib/thumb/v6-m\libc.a(lib_a-__call_atexit.o)
 .text.atexit   0x00001404       0x10 c:/program files (x86)/atmel/studio/7.0/toolchain/arm/arm-gnu-toolchain/bin/../lib/gcc/arm-none-eabi/6.3.1/../../../../arm-none-eabi/lib/thumb/v6-m\libc.a(lib_a-atexit.o)
                0x00001404                atexit
 .text.__libc_fini_array
                0x00001414       0x34 c:/program files (x86)/atmel/studio/7.0/toolchain/arm/arm-gnu-toolchain/bin/../lib/gcc/arm-none-eabi/6.3.1/../../../../arm-none-eabi/lib/thumb/v6-m\libc.a(lib_a-fini.o)
                0x00001414                __libc_fini_array
 .text.__retarget_lock_acquire_recursive
                0x00001448        0x4 c:/program files (x86)/atmel/studio/7.0/toolchain/arm/arm-gnu-toolchain/bin/../lib/gcc/arm-none-eabi/6.3.1/../../../../arm-none-eabi/lib/thumb/v6-m\libc.a(lib_a-lock.o)
                0x00001448                __retarget_lock_acquire_recursive
 .text.__retarget_lock_release_recursive
                0x0000144c        0x4 c:/program files (x86)/atmel/studio/7.0/toolchain/arm/arm-gnu-toolchain/bin/../lib/gcc/arm-none-eabi/6.3.1/../../../../arm-none-eabi/lib/thumb/v6-m\libc.a(lib_a-lock.o)
                0x0000144c                __retarget_lock_release_recursive
 .text.__register_exitproc
                0x00001450       0xf4 c:/program files (x86)/atmel/studio/7.0/toolchain/arm/arm-gnu-toolchain/bin/../lib/gcc/arm-none-eabi/6.3.1/../../../../arm-none-eabi/lib/thumb/v6-m\libc.a(lib_a-__atexit.o)
                0x00001450                __register_exitproc
 *(.glue_7t)
 .glue_7t       0x00001544        0x0 linker stubs
 *(.glue_7)
 .glue_7        0x00001544        0x0 linker stubs
 *(.rodata .rodata* .gnu.linkonce.r.*)
 .rodata        0x00001544       0x40 c:/program files (x86)/atmel/studio/7.0/toolchain/arm/arm-gnu-toolchain/bin/../lib/gcc/arm-none-eabi/6.3.1/thumb/v6-m\libgcc.a(mulsf3.o)
 .rodata._global_impure_ptr
                0x00001584        0x4 c:/program files (x86)/atmel/studio/7.0/toolchain/arm/arm-gnu-toolchain/bin/../lib/gcc/arm-none-eabi/6.3.1/../../../../arm-none-eabi/lib/thumb/v6-m\libc.a(lib_a-impure.o)
                0x00001584                _global_impure_ptr
 *(.ARM.extab* .gnu.linkonce.armextab.*)
                0x00001588                . = ALIGN (0x4)
 *(.init)
 .init          0x00001588        0x4 c:/program files (x86)/atmel/studio/7.0/toolchain/arm/arm-gnu-toolchain/bin/../lib/gcc/arm-none-eabi/6.3.1/thumb/v6-m/crti.o
                0x00001588                _init
 .init          0x0000158c        0x8 c:/program files (x86)/atmel/studio/7.0/toolchain/arm/arm-gnu-toolchain/bin/../lib/gcc/arm-none-eabi/6.3.1/thumb/v6-m/crtn.o
                0x00001594                . = ALIGN (0x4)
                0x00001594                __preinit_array_start = .
 *(.preinit_array)
                0x00001594                __preinit_array_end = .
                0x00001594                . = ALIGN (0x4)
                0x00001594                __init_array_start = .
 *(SORT(.init_array.*))
 .init_array.00000
                0x00001594        0x4 c:/program files (x86)/atmel/studio/7.0/toolchain/arm/arm-gnu-toolchain/bin/../lib/gcc/arm-none-eabi/6.3.1/../../../../arm-none-eabi/lib/thumb/v6-m\libc.a(lib_a-__call_atexit.o)
 *(.init_array)
 .init_array    0x00001598        0x4 c:/program files (x86)/atmel/studio/7.0/toolchain/arm/arm-gnu-toolchain/bin/../lib/gcc/arm-none-eabi/6.3.1/thumb/v6-m/crtbegin.o
                0x0000159c                __init_array_end = .
                0x0000159c                . = ALIGN (0x4)
 *crtbegin.o(.ctors)
 *(EXCLUDE_FILE(*crtend.o) .ctors)
 *(SORT(.ctors.*))
 *crtend.o(.ctors)
                0x0000159c                . = ALIGN (0x4)
 *(.fini)
 .fini          0x0000159c        0x4 c:/program files (x86)/atmel/studio/7.0/toolchain/arm/arm-gnu-toolchain/bin/../lib/gcc/arm-none-eabi/6.3.1/thumb/v6-m/crti.o
                0x0000159c                _fini
 .fini          0x000015a0        0x8 c:/program files (x86)/atmel/studio/7.0/toolchain/arm/arm-gnu-toolchain/bin/../lib/gcc/arm-none-eabi/6.3.1/thumb/v6-m/crtn.o
                0x000015a8                . = ALIGN (0x4)
                0x000015a8                __fini_array_start = .
 *(.fini_array)
 .fini_array    0x000015a8        0x4 c:/program files (x86)/atmel/studio/7.0/toolchain/arm/arm-gnu-toolchain/bin/../lib/gcc/arm-none-eabi/6.3.1/thumb/v6-m/crtbegin.o
 *(SORT(.fini_array.*))
                0x000015ac                __fini_array_end = .
 *crtbegin.o(.dtors)
 *(EXCLUDE_FILE(*crtend.o) .dtors)
 *(SORT(.dtors.*))
 *crtend.o(.dtors)
                0x000015ac                . = ALIGN (0x4)
                0x000015ac                _efixed = .
                [!provide]                PROVIDE (__exidx_start, .)

.vfp11_veneer   0x000015ac        0x0
 .vfp11_veneer  0x000015ac        0x0 linker stubs

.v4_bx          0x000015ac        0x0
 .v4_bx         0x000015ac        0x0 linker stubs

.iplt           0x000015ac        0x0
 .iplt          0x000015ac        0x0 c:/program files (x86)/atmel/studio/7.0/toolchain/arm/arm-gnu-toolchain/bin/../lib/gcc/arm-none-eabi/6.3.1/thumb/v6-m/crtbegin.o

.eh_frame       0x000015ac        0x0
 .eh_frame      0x000015ac        0x0 c:/program files (x86)/atmel/studio/7.0/toolchain/arm/arm-gnu-toolchain/bin/../lib/gcc/arm-none-eabi/6.3.1/thumb/v6-m/crtbegin.o

.rel.dyn        0x000015ac        0x0
 .rel.iplt      0x000015ac        0x0 c:/program files (x86)/atmel/studio/7.0/toolchain/arm/arm-gnu-toolchain/bin/../lib/gcc/arm-none-eabi/6.3.1/thumb/v6-m/crtbegin.o

.jcr            0x000015ac        0x0
 .jcr           0x000015ac        0x0 c:/program files (x86)/atmel/studio/7.0/toolchain/arm/arm-gnu-toolchain/bin/../lib/gcc/arm-none-eabi/6.3.1/thumb/v6-m/crtbegin.o

.igot.plt       0x000015ac        0x0
 .igot.plt      0x000015ac        0x0 c:/program files (x86)/atmel/studio/7.0/toolchain/arm/arm-gnu-toolchain/bin/../lib/gcc/arm-none-eabi/6.3.1/thumb/v6-m/crtbegin.o

.ARM.exidx
 *(.ARM.exidx* .gnu.linkonce.armexidx.*)
                [!provide]                PROVIDE (__exidx_end, .)
                0x000015ac                . = ALIGN (0x4)
                0x000015ac                _etext = .

.relocate       0x20000000      0x484 load address 0x000015ac
                0x20000000                . = ALIGN (0x4)
                0x20000000                _srelocate = .
 *(.ramfunc .ramfunc.*)
 *(.data .data.*)
 .data          0x20000000       0x50 main.o
                0x20000000                QEM
                0x20000040                setup
                0x20000041                isStepping
                0x20000044                threshold
                0x20000048                toggle
                0x2000004c                target
 .data._ZN11I2cMessagerIL12SercomHandle3EN7AmpedUp11KnobMessageEE26currentTransactionSuccess_E
                0x20000050        0x1 C:\Users\Aaron\DOCUME~1\GitHub\AMPED_UP\Hardware\Cortex\C\AMPED-~1\AMPED-~1\AMPED-~1\libCortexCommunicationExample.a(MainBoardMessager.o)
                0x20000050                I2cMessager<(SercomHandle)3, AmpedUp::KnobMessage>::currentTransactionSuccess_
 *fill*         0x20000051        0x3 
 .data._ZN12SercomConfigIL12SercomHandle3EE12registersPtrE
                0x20000054        0x4 C:\Users\Aaron\DOCUME~1\GitHub\AMPED_UP\Hardware\Cortex\C\AMPED-~1\AMPED-~1\AMPED-~1\libCortexCommunicationExample.a(MainBoardMessager.o)
                0x20000054                SercomConfig<(SercomHandle)3>::registersPtr
 .data.impure_data
                0x20000058      0x428 c:/program files (x86)/atmel/studio/7.0/toolchain/arm/arm-gnu-toolchain/bin/../lib/gcc/arm-none-eabi/6.3.1/../../../../arm-none-eabi/lib/thumb/v6-m\libc.a(lib_a-impure.o)
 .data.__atexit_recursive_mutex
                0x20000480        0x4 c:/program files (x86)/atmel/studio/7.0/toolchain/arm/arm-gnu-toolchain/bin/../lib/gcc/arm-none-eabi/6.3.1/../../../../arm-none-eabi/lib/thumb/v6-m\libc.a(lib_a-__call_atexit.o)
                0x20000480                __atexit_recursive_mutex
                0x20000484                . = ALIGN (0x4)
                0x20000484                _erelocate = .

.bss            0x20000484      0x320 load address 0x00001a30
                0x20000484                . = ALIGN (0x4)
                0x20000484                _sbss = .
                0x20000484                _szero = .
 *(.bss .bss.*)
 .bss           0x20000484       0x1c c:/program files (x86)/atmel/studio/7.0/toolchain/arm/arm-gnu-toolchain/bin/../lib/gcc/arm-none-eabi/6.3.1/thumb/v6-m/crtbegin.o
 .bss           0x200004a0       0x45 main.o
                0x200004a0                recv
                0x200004cd                current
                0x200004ce                previous
                0x200004d0                count
                0x200004d4                stepsSinceChange
                0x200004d8                isStalled
                0x200004d9                isGrabbed
                0x200004dc                stepsTotal
                0x200004e0                counts
                0x200004e4                dirchange
 *fill*         0x200004e5        0x3 
 .bss           0x200004e8        0x8 C:\Users\Aaron\DOCUME~1\GitHub\AMPED_UP\Hardware\Cortex\C\AMPED-~1\AMPED-~1\AMPED-~1\libCortexCommunicationExample.a(MainBoardMessager.o)
                0x200004e8                lastRequestedPosition
                0x200004ec                uniqueMessagesSent
 .bss._ZN11I2cMessagerIL12SercomHandle3EN7AmpedUp11KnobMessageEE17masterConnection_E
                0x200004f0       0x34 C:\Users\Aaron\DOCUME~1\GitHub\AMPED_UP\Hardware\Cortex\C\AMPED-~1\AMPED-~1\AMPED-~1\libCortexCommunicationExample.a(MainBoardMessager.o)
                0x200004f0                I2cMessager<(SercomHandle)3, AmpedUp::KnobMessage>::masterConnection_
 .bss._ZN12SercomConfigIL12SercomHandle3EE16interruptHandlerE
                0x20000524        0x4 C:\Users\Aaron\DOCUME~1\GitHub\AMPED_UP\Hardware\Cortex\C\AMPED-~1\AMPED-~1\AMPED-~1\libCortexCommunicationExample.a(MainBoardMessager.o)
                0x20000524                SercomConfig<(SercomHandle)3>::interruptHandler
 *(COMMON)
 COMMON         0x20000528      0x258 main.o
                0x20000528                PA18
                0x2000053c                PA31
                0x20000550                PA04
                0x20000564                PA16
                0x20000578                steps2
                0x2000057c                in
                0x20000580                dip0
                0x20000584                PA28
                0x20000598                PA01
                0x200005ac                PA00
                0x200005c0                floorcount
                0x200005c2                currentDirection
                0x200005c4                PA10
                0x200005d8                prev3
                0x200005dc                PA22
                0x200005f0                PA14
                0x20000604                dip2
                0x20000608                PA19
                0x2000061c                PA17
                0x20000630                direction
                0x20000634                steps1
                0x20000638                PA25
                0x2000064c                PA02
                0x20000660                PA05
                0x20000674                PA11
                0x20000688                prevcount
                0x2000068c                countdelta
                0x20000690                PA29
                0x200006a4                PA07
                0x200006b8                PA15
                0x200006cc                identifier
                0x200006d0                PA23
                0x200006e4                prevDirection
                0x200006e8                encTot
                0x200006ec                PA30
                0x20000700                PA03
                0x20000714                dip1
                0x20000718                PA27
                0x2000072c                PA06
                0x20000740                prev2
                0x20000741                port
                0x20000744                PA09
                0x20000758                PA08
                0x2000076c                PA24
 COMMON         0x20000780       0x21 c:/program files (x86)/atmel/studio/7.0/toolchain/arm/arm-gnu-toolchain/bin/../lib/gcc/arm-none-eabi/6.3.1/../../../../arm-none-eabi/lib/thumb/v6-m\libc.a(lib_a-lock.o)
                0x20000780                __lock___atexit_recursive_mutex
                0x20000784                __lock___arc4random_mutex
                0x20000788                __lock___env_recursive_mutex
                0x2000078c                __lock___sinit_recursive_mutex
                0x20000790                __lock___malloc_recursive_mutex
                0x20000794                __lock___at_quick_exit_mutex
                0x20000798                __lock___dd_hash_mutex
                0x2000079c                __lock___tz_mutex
                0x200007a0                __lock___sfp_recursive_mutex
                0x200007a4                . = ALIGN (0x4)
 *fill*         0x200007a1        0x3 
                0x200007a4                _ebss = .
                0x200007a4                _ezero = .

.stack          0x200007a4      0x404 load address 0x00001d50
                0x200007a8                . = ALIGN (0x8)
 *fill*         0x200007a4        0x4 
                0x200007a8                _sstack = .
                0x20000ba8                . = (. + STACK_SIZE)
 *fill*         0x200007a8      0x400 
                0x20000ba8                . = ALIGN (0x8)
                0x20000ba8                _estack = .
                0x20000ba8                . = ALIGN (0x4)
                0x20000ba8                _end = .
OUTPUT(Amped-Up-DB-Control-Program.elf elf32-littlearm)

.ARM.attributes
                0x00000000       0x28
 .ARM.attributes
                0x00000000       0x1e c:/program files (x86)/atmel/studio/7.0/toolchain/arm/arm-gnu-toolchain/bin/../lib/gcc/arm-none-eabi/6.3.1/thumb/v6-m/crti.o
 .ARM.attributes
                0x0000001e       0x2c c:/program files (x86)/atmel/studio/7.0/toolchain/arm/arm-gnu-toolchain/bin/../lib/gcc/arm-none-eabi/6.3.1/thumb/v6-m/crtbegin.o
 .ARM.attributes
                0x0000004a       0x32 Device_Startup/startup_samd21.o
 .ARM.attributes
                0x0000007c       0x32 main.o
 .ARM.attributes
                0x000000ae       0x2c C:\Users\Aaron\DOCUME~1\GitHub\AMPED_UP\Hardware\Cortex\C\AMPED-~1\AMPED-~1\AMPED-~1\libCortexCommunicationExample.a(MainBoardMessager.o)
 .ARM.attributes
                0x000000da       0x2c C:\Users\Aaron\DOCUME~1\GitHub\AMPED_UP\Hardware\Cortex\C\AMPED-~1\AMPED-~1\AMPED-~1\libCortexCommunicationExample.a(SercomInterrupts.o)
 .ARM.attributes
                0x00000106       0x1e c:/program files (x86)/atmel/studio/7.0/toolchain/arm/arm-gnu-toolchain/bin/../lib/gcc/arm-none-eabi/6.3.1/thumb/v6-m\libgcc.a(_udivsi3.o)
 .ARM.attributes
                0x00000124       0x1e c:/program files (x86)/atmel/studio/7.0/toolchain/arm/arm-gnu-toolchain/bin/../lib/gcc/arm-none-eabi/6.3.1/thumb/v6-m\libgcc.a(_dvmd_tls.o)
 .ARM.attributes
                0x00000142       0x2c c:/program files (x86)/atmel/studio/7.0/toolchain/arm/arm-gnu-toolchain/bin/../lib/gcc/arm-none-eabi/6.3.1/thumb/v6-m\libgcc.a(mulsf3.o)
 .ARM.attributes
                0x0000016e       0x2c c:/program files (x86)/atmel/studio/7.0/toolchain/arm/arm-gnu-toolchain/bin/../lib/gcc/arm-none-eabi/6.3.1/thumb/v6-m\libgcc.a(fixsfsi.o)
 .ARM.attributes
                0x0000019a       0x2c c:/program files (x86)/atmel/studio/7.0/toolchain/arm/arm-gnu-toolchain/bin/../lib/gcc/arm-none-eabi/6.3.1/thumb/v6-m\libgcc.a(floatsisf.o)
 .ARM.attributes
                0x000001c6       0x2c c:/program files (x86)/atmel/studio/7.0/toolchain/arm/arm-gnu-toolchain/bin/../lib/gcc/arm-none-eabi/6.3.1/thumb/v6-m\libgcc.a(floatunsisf.o)
 .ARM.attributes
                0x000001f2       0x1e c:/program files (x86)/atmel/studio/7.0/toolchain/arm/arm-gnu-toolchain/bin/../lib/gcc/arm-none-eabi/6.3.1/thumb/v6-m\libgcc.a(_clzsi2.o)
 .ARM.attributes
                0x00000210       0x2c c:/program files (x86)/atmel/studio/7.0/toolchain/arm/arm-gnu-toolchain/bin/../lib/gcc/arm-none-eabi/6.3.1/../../../../arm-none-eabi/lib/thumb/v6-m\libc.a(lib_a-impure.o)
 .ARM.attributes
                0x0000023c       0x2c c:/program files (x86)/atmel/studio/7.0/toolchain/arm/arm-gnu-toolchain/bin/../lib/gcc/arm-none-eabi/6.3.1/../../../../arm-none-eabi/lib/thumb/v6-m\libc.a(lib_a-init.o)
 .ARM.attributes
                0x00000268       0x2c c:/program files (x86)/atmel/studio/7.0/toolchain/arm/arm-gnu-toolchain/bin/../lib/gcc/arm-none-eabi/6.3.1/../../../../arm-none-eabi/lib/thumb/v6-m\libc.a(lib_a-__call_atexit.o)
 .ARM.attributes
                0x00000294       0x2c c:/program files (x86)/atmel/studio/7.0/toolchain/arm/arm-gnu-toolchain/bin/../lib/gcc/arm-none-eabi/6.3.1/../../../../arm-none-eabi/lib/thumb/v6-m\libc.a(lib_a-atexit.o)
 .ARM.attributes
                0x000002c0       0x2c c:/program files (x86)/atmel/studio/7.0/toolchain/arm/arm-gnu-toolchain/bin/../lib/gcc/arm-none-eabi/6.3.1/../../../../arm-none-eabi/lib/thumb/v6-m\libc.a(lib_a-fini.o)
 .ARM.attributes
                0x000002ec       0x2c c:/program files (x86)/atmel/studio/7.0/toolchain/arm/arm-gnu-toolchain/bin/../lib/gcc/arm-none-eabi/6.3.1/../../../../arm-none-eabi/lib/thumb/v6-m\libc.a(lib_a-lock.o)
 .ARM.attributes
                0x00000318       0x2c c:/program files (x86)/atmel/studio/7.0/toolchain/arm/arm-gnu-toolchain/bin/../lib/gcc/arm-none-eabi/6.3.1/../../../../arm-none-eabi/lib/thumb/v6-m\libc.a(lib_a-__atexit.o)
 .ARM.attributes
                0x00000344       0x1e c:/program files (x86)/atmel/studio/7.0/toolchain/arm/arm-gnu-toolchain/bin/../lib/gcc/arm-none-eabi/6.3.1/thumb/v6-m/crtn.o

.comment        0x00000000       0xa6
 .comment       0x00000000       0x59 Device_Startup/startup_samd21.o
                                 0x5a (size before relaxing)
 .comment       0x00000059       0x5a main.o
 .comment       0x00000059       0x4d C:\Users\Aaron\DOCUME~1\GitHub\AMPED_UP\Hardware\Cortex\C\AMPED-~1\AMPED-~1\AMPED-~1\libCortexCommunicationExample.a(MainBoardMessager.o)
                                 0x4e (size before relaxing)
 .comment       0x000000a6       0x4e C:\Users\Aaron\DOCUME~1\GitHub\AMPED_UP\Hardware\Cortex\C\AMPED-~1\AMPED-~1\AMPED-~1\libCortexCommunicationExample.a(SercomInterrupts.o)

.debug_info     0x00000000     0xc28c
 .debug_info    0x00000000     0x3a43 Device_Startup/startup_samd21.o
 .debug_info    0x00003a43     0x8849 main.o

.debug_abbrev   0x00000000      0x69f
 .debug_abbrev  0x00000000      0x227 Device_Startup/startup_samd21.o
 .debug_abbrev  0x00000227      0x478 main.o

.debug_loc      0x00000000      0x6f5
 .debug_loc     0x00000000       0x78 Device_Startup/startup_samd21.o
 .debug_loc     0x00000078      0x67d main.o

.debug_aranges  0x00000000       0xf0
 .debug_aranges
                0x00000000       0x28 Device_Startup/startup_samd21.o
 .debug_aranges
                0x00000028       0xc8 main.o

.debug_ranges   0x00000000       0xe8
 .debug_ranges  0x00000000       0x18 Device_Startup/startup_samd21.o
 .debug_ranges  0x00000018       0xd0 main.o

.debug_macro    0x00000000    0x110eb
 .debug_macro   0x00000000      0x2e8 Device_Startup/startup_samd21.o
 .debug_macro   0x000002e8      0x89e Device_Startup/startup_samd21.o
 .debug_macro   0x00000b86       0x22 Device_Startup/startup_samd21.o
 .debug_macro   0x00000ba8       0x87 Device_Startup/startup_samd21.o
 .debug_macro   0x00000c2f       0x51 Device_Startup/startup_samd21.o
 .debug_macro   0x00000c80       0xef Device_Startup/startup_samd21.o
 .debug_macro   0x00000d6f       0x6a Device_Startup/startup_samd21.o
 .debug_macro   0x00000dd9      0x1df Device_Startup/startup_samd21.o
 .debug_macro   0x00000fb8       0x39 Device_Startup/startup_samd21.o
 .debug_macro   0x00000ff1       0x1c Device_Startup/startup_samd21.o
 .debug_macro   0x0000100d       0x22 Device_Startup/startup_samd21.o
 .debug_macro   0x0000102f       0xb5 Device_Startup/startup_samd21.o
 .debug_macro   0x000010e4      0x3ad Device_Startup/startup_samd21.o
 .debug_macro   0x00001491      0x67e Device_Startup/startup_samd21.o
 .debug_macro   0x00001b0f      0x8b1 Device_Startup/startup_samd21.o
 .debug_macro   0x000023c0      0x22e Device_Startup/startup_samd21.o
 .debug_macro   0x000025ee      0xd5c Device_Startup/startup_samd21.o
 .debug_macro   0x0000334a      0x4dc Device_Startup/startup_samd21.o
 .debug_macro   0x00003826      0x9f6 Device_Startup/startup_samd21.o
 .debug_macro   0x0000421c      0x82b Device_Startup/startup_samd21.o
 .debug_macro   0x00004a47      0x45f Device_Startup/startup_samd21.o
 .debug_macro   0x00004ea6       0x5e Device_Startup/startup_samd21.o
 .debug_macro   0x00004f04      0x8f9 Device_Startup/startup_samd21.o
 .debug_macro   0x000057fd      0x21c Device_Startup/startup_samd21.o
 .debug_macro   0x00005a19      0x7eb Device_Startup/startup_samd21.o
 .debug_macro   0x00006204       0x5e Device_Startup/startup_samd21.o
 .debug_macro   0x00006262      0x663 Device_Startup/startup_samd21.o
 .debug_macro   0x000068c5      0x3ac Device_Startup/startup_samd21.o
 .debug_macro   0x00006c71      0xc76 Device_Startup/startup_samd21.o
 .debug_macro   0x000078e7     0x1092 Device_Startup/startup_samd21.o
 .debug_macro   0x00008979      0xc4a Device_Startup/startup_samd21.o
 .debug_macro   0x000095c3      0x6ba Device_Startup/startup_samd21.o
 .debug_macro   0x00009c7d     0x1b3d Device_Startup/startup_samd21.o
 .debug_macro   0x0000b7ba     0x143c Device_Startup/startup_samd21.o
 .debug_macro   0x0000cbf6      0x340 Device_Startup/startup_samd21.o
 .debug_macro   0x0000cf36       0x7c Device_Startup/startup_samd21.o
 .debug_macro   0x0000cfb2       0xa0 Device_Startup/startup_samd21.o
 .debug_macro   0x0000d052       0x4c Device_Startup/startup_samd21.o
 .debug_macro   0x0000d09e       0xca Device_Startup/startup_samd21.o
 .debug_macro   0x0000d168       0x94 Device_Startup/startup_samd21.o
 .debug_macro   0x0000d1fc       0x58 Device_Startup/startup_samd21.o
 .debug_macro   0x0000d254      0x364 Device_Startup/startup_samd21.o
 .debug_macro   0x0000d5b8       0x82 Device_Startup/startup_samd21.o
 .debug_macro   0x0000d63a      0x189 Device_Startup/startup_samd21.o
 .debug_macro   0x0000d7c3       0xb8 Device_Startup/startup_samd21.o
 .debug_macro   0x0000d87b       0xa0 Device_Startup/startup_samd21.o
 .debug_macro   0x0000d91b       0xb8 Device_Startup/startup_samd21.o
 .debug_macro   0x0000d9d3       0x1c Device_Startup/startup_samd21.o
 .debug_macro   0x0000d9ef       0x1c Device_Startup/startup_samd21.o
 .debug_macro   0x0000da0b       0x1c Device_Startup/startup_samd21.o
 .debug_macro   0x0000da27       0x82 Device_Startup/startup_samd21.o
 .debug_macro   0x0000daa9      0x15a Device_Startup/startup_samd21.o
 .debug_macro   0x0000dc03       0x10 Device_Startup/startup_samd21.o
 .debug_macro   0x0000dc13       0xdc Device_Startup/startup_samd21.o
 .debug_macro   0x0000dcef      0x124 Device_Startup/startup_samd21.o
 .debug_macro   0x0000de13      0x124 Device_Startup/startup_samd21.o
 .debug_macro   0x0000df37      0x124 Device_Startup/startup_samd21.o
 .debug_macro   0x0000e05b      0x124 Device_Startup/startup_samd21.o
 .debug_macro   0x0000e17f      0x124 Device_Startup/startup_samd21.o
 .debug_macro   0x0000e2a3       0xe2 Device_Startup/startup_samd21.o
 .debug_macro   0x0000e385       0xe2 Device_Startup/startup_samd21.o
 .debug_macro   0x0000e467       0xe2 Device_Startup/startup_samd21.o
 .debug_macro   0x0000e549      0x130 Device_Startup/startup_samd21.o
 .debug_macro   0x0000e679      0x106 Device_Startup/startup_samd21.o
 .debug_macro   0x0000e77f       0xfa Device_Startup/startup_samd21.o
 .debug_macro   0x0000e879      0x40f Device_Startup/startup_samd21.o
 .debug_macro   0x0000ec88       0x40 Device_Startup/startup_samd21.o
 .debug_macro   0x0000ecc8      0x361 Device_Startup/startup_samd21.o
 .debug_macro   0x0000f029     0x101b Device_Startup/startup_samd21.o
 .debug_macro   0x00010044       0x7b Device_Startup/startup_samd21.o
 .debug_macro   0x000100bf      0x42c main.o
 .debug_macro   0x000104eb       0x52 main.o
 .debug_macro   0x0001053d       0x8d main.o
 .debug_macro   0x000105ca       0x35 main.o
 .debug_macro   0x000105ff       0x9c main.o
 .debug_macro   0x0001069b      0x16d main.o
 .debug_macro   0x00010808       0x57 main.o
 .debug_macro   0x0001085f       0x58 main.o
 .debug_macro   0x000108b7       0x1f main.o
 .debug_macro   0x000108d6       0x43 main.o
 .debug_macro   0x00010919       0x20 main.o
 .debug_macro   0x00010939      0x187 main.o
 .debug_macro   0x00010ac0      0x353 main.o
 .debug_macro   0x00010e13      0x1e1 main.o
 .debug_macro   0x00010ff4       0xaf main.o
 .debug_macro   0x000110a3       0x16 main.o
 .debug_macro   0x000110b9       0x22 main.o
 .debug_macro   0x000110db       0x10 main.o

.debug_line     0x00000000     0x11cf
 .debug_line    0x00000000      0x6e0 Device_Startup/startup_samd21.o
 .debug_line    0x000006e0      0xaef main.o

.debug_str      0x00000000    0x6f8ae
 .debug_str     0x00000000    0x6a5ec Device_Startup/startup_samd21.o
                              0x6aa18 (size before relaxing)
 .debug_str     0x0006a5ec     0x52c2 main.o
                              0x6ef9f (size before relaxing)

.debug_frame    0x00000000      0x4d4
 .debug_frame   0x00000000       0x40 Device_Startup/startup_samd21.o
 .debug_frame   0x00000040      0x204 main.o
 .debug_frame   0x00000244       0x20 c:/program files (x86)/atmel/studio/7.0/toolchain/arm/arm-gnu-toolchain/bin/../lib/gcc/arm-none-eabi/6.3.1/thumb/v6-m\libgcc.a(_udivsi3.o)
 .debug_frame   0x00000264       0x3c c:/program files (x86)/atmel/studio/7.0/toolchain/arm/arm-gnu-toolchain/bin/../lib/gcc/arm-none-eabi/6.3.1/thumb/v6-m\libgcc.a(mulsf3.o)
 .debug_frame   0x000002a0       0x20 c:/program files (x86)/atmel/studio/7.0/toolchain/arm/arm-gnu-toolchain/bin/../lib/gcc/arm-none-eabi/6.3.1/thumb/v6-m\libgcc.a(fixsfsi.o)
 .debug_frame   0x000002c0       0x2c c:/program files (x86)/atmel/studio/7.0/toolchain/arm/arm-gnu-toolchain/bin/../lib/gcc/arm-none-eabi/6.3.1/thumb/v6-m\libgcc.a(floatsisf.o)
 .debug_frame   0x000002ec       0x28 c:/program files (x86)/atmel/studio/7.0/toolchain/arm/arm-gnu-toolchain/bin/../lib/gcc/arm-none-eabi/6.3.1/thumb/v6-m\libgcc.a(floatunsisf.o)
 .debug_frame   0x00000314       0x2c c:/program files (x86)/atmel/studio/7.0/toolchain/arm/arm-gnu-toolchain/bin/../lib/gcc/arm-none-eabi/6.3.1/../../../../arm-none-eabi/lib/thumb/v6-m\libc.a(lib_a-init.o)
 .debug_frame   0x00000340       0x54 c:/program files (x86)/atmel/studio/7.0/toolchain/arm/arm-gnu-toolchain/bin/../lib/gcc/arm-none-eabi/6.3.1/../../../../arm-none-eabi/lib/thumb/v6-m\libc.a(lib_a-__call_atexit.o)
 .debug_frame   0x00000394       0x28 c:/program files (x86)/atmel/studio/7.0/toolchain/arm/arm-gnu-toolchain/bin/../lib/gcc/arm-none-eabi/6.3.1/../../../../arm-none-eabi/lib/thumb/v6-m\libc.a(lib_a-atexit.o)
 .debug_frame   0x000003bc       0x2c c:/program files (x86)/atmel/studio/7.0/toolchain/arm/arm-gnu-toolchain/bin/../lib/gcc/arm-none-eabi/6.3.1/../../../../arm-none-eabi/lib/thumb/v6-m\libc.a(lib_a-fini.o)
 .debug_frame   0x000003e8       0xb0 c:/program files (x86)/atmel/studio/7.0/toolchain/arm/arm-gnu-toolchain/bin/../lib/gcc/arm-none-eabi/6.3.1/../../../../arm-none-eabi/lib/thumb/v6-m\libc.a(lib_a-lock.o)
 .debug_frame   0x00000498       0x3c c:/program files (x86)/atmel/studio/7.0/toolchain/arm/arm-gnu-toolchain/bin/../lib/gcc/arm-none-eabi/6.3.1/../../../../arm-none-eabi/lib/thumb/v6-m\libc.a(lib_a-__atexit.o)
